2025-02-09 15:38:32,631 - CodeQLRunner - INFO - Building CodeQL database for: /home/jackfromeast/Desktop/python-class-pollution/tasks/dependency-check-1K-r1/output/robusta/dependency/output/idna/codebase (logger.py:41)
2025-02-09 15:38:36,282 - CodeQLRunner - INFO - CodeQL database created successfully at /home/jackfromeast/Desktop/python-class-pollution/tasks/dependency-check-1K-r1/output/robusta/dependency/output/idna/codeql-db (logger.py:41)
2025-02-09 15:38:36,282 - CodeQLRunner - INFO - Running CodeQL queries on database: /home/jackfromeast/Desktop/python-class-pollution/tasks/dependency-check-1K-r1/output/robusta/dependency/output/idna/codeql-db (logger.py:41)
2025-02-09 15:38:36,282 - CodeQLRunner - INFO - Running query: /home/jackfromeast/Desktop/python-class-pollution/codeql-query/class-pollution-all/query/DependencyClassPollutionSource.ql (logger.py:41)
2025-02-09 15:38:41,773 - CodeQLRunner - INFO - Query /home/jackfromeast/Desktop/python-class-pollution/codeql-query/class-pollution-all/query/DependencyClassPollutionSource.ql executed successfully. Results saved to /home/jackfromeast/Desktop/python-class-pollution/tasks/dependency-check-1K-r1/output/robusta/dependency/output/idna/results/DependencyClassPollutionSource.ql.sarif (logger.py:41)
2025-02-09 15:38:41,773 - CodeQLRunner - INFO - Query completed successfully: /home/jackfromeast/Desktop/python-class-pollution/codeql-query/class-pollution-all/query/DependencyClassPollutionSource.ql (logger.py:41)
2025-02-09 15:38:41,773 - CodeQLRunner - INFO - Running query: /home/jackfromeast/Desktop/python-class-pollution/codeql-query/class-pollution-all/query/DependencyClassPollutionSink.ql (logger.py:41)
2025-02-09 15:38:45,354 - CodeQLRunner - INFO - Query /home/jackfromeast/Desktop/python-class-pollution/codeql-query/class-pollution-all/query/DependencyClassPollutionSink.ql executed successfully. Results saved to /home/jackfromeast/Desktop/python-class-pollution/tasks/dependency-check-1K-r1/output/robusta/dependency/output/idna/results/DependencyClassPollutionSink.ql.sarif (logger.py:41)
2025-02-09 15:38:45,355 - CodeQLRunner - INFO - Query completed successfully: /home/jackfromeast/Desktop/python-class-pollution/codeql-query/class-pollution-all/query/DependencyClassPollutionSink.ql (logger.py:41)
2025-02-09 15:38:45,355 - CodeQLRunner - INFO - Running query: /home/jackfromeast/Desktop/python-class-pollution/codeql-query/class-pollution-all/query/DependencyClassPollutionTaintProp.ql (logger.py:41)
2025-02-09 15:38:49,528 - CodeQLRunner - INFO - Query /home/jackfromeast/Desktop/python-class-pollution/codeql-query/class-pollution-all/query/DependencyClassPollutionTaintProp.ql executed successfully. Results saved to /home/jackfromeast/Desktop/python-class-pollution/tasks/dependency-check-1K-r1/output/robusta/dependency/output/idna/results/DependencyClassPollutionTaintProp.ql.sarif (logger.py:41)
2025-02-09 15:38:49,528 - CodeQLRunner - INFO - Query completed successfully: /home/jackfromeast/Desktop/python-class-pollution/codeql-query/class-pollution-all/query/DependencyClassPollutionTaintProp.ql (logger.py:41)
2025-02-09 15:38:49,528 - CodeQLRunner - INFO - Summarizing CodeQL results... (logger.py:41)
2025-02-09 15:38:49,528 - CodeQLRunner - INFO - Processed /home/jackfromeast/Desktop/python-class-pollution/tasks/dependency-check-1K-r1/output/robusta/dependency/output/idna/results/DependencyClassPollutionSink.ql.sarif: 0 flows detected. (logger.py:41)
2025-02-09 15:38:49,528 - CodeQLRunner - INFO - Processed /home/jackfromeast/Desktop/python-class-pollution/tasks/dependency-check-1K-r1/output/robusta/dependency/output/idna/results/DependencyClassPollutionSource.ql.sarif: 0 flows detected. (logger.py:41)
2025-02-09 15:38:49,528 - CodeQLRunner - INFO - Processed /home/jackfromeast/Desktop/python-class-pollution/tasks/dependency-check-1K-r1/output/robusta/dependency/output/idna/results/DependencyClassPollutionTaintProp.ql.sarif: 8 flows detected. (logger.py:41)
2025-02-09 15:38:49,528 - CodeQLRunner - INFO - Summary saved to /home/jackfromeast/Desktop/python-class-pollution/tasks/dependency-check-1K-r1/output/robusta/dependency/output/idna/results/summary.json (logger.py:41)
2025-02-09 15:38:49,528 - CodeQLRunner - INFO - Cleaning up CodeQL database and codebase... (logger.py:41)
2025-02-09 15:38:50,704 - CodeQLRunner - INFO - No processes found using /home/jackfromeast/Desktop/python-class-pollution/tasks/dependency-check-1K-r1/output/robusta/dependency/output/idna/codeql-db. (logger.py:41)
2025-02-09 15:38:50,717 - CodeQLRunner - INFO - Removed CodeQL database at /home/jackfromeast/Desktop/python-class-pollution/tasks/dependency-check-1K-r1/output/robusta/dependency/output/idna/codeql-db (logger.py:41)
2025-02-09 15:38:50,717 - CodeQLRunner - INFO - Removed codebase at /home/jackfromeast/Desktop/python-class-pollution/tasks/dependency-check-1K-r1/output/robusta/dependency/output/idna/codebase (logger.py:41)
