2026-05-15 10:46:35,482 - Result - INFO - EPro-PnP - py/class-polliution-external/set-attr-get-attr: 6 flows detected. (logger.py:40)
2026-05-15 10:46:41,206 - Result - INFO - CRNN_Tensorflow - py/class-polliution-external/set-item-get-attr: 2 flows detected. (logger.py:40)
2026-05-15 10:46:41,206 - Result - INFO - CRNN_Tensorflow - py/class-polliution-external/set-item-get-both: 2 flows detected. (logger.py:40)
2026-05-15 10:46:59,491 - Result - INFO - Red-DiscordBot - py/class-polliution-external/set-attr-get-attr: 1 flows detected. (logger.py:40)
2026-05-15 10:47:14,923 - Result - INFO - accelerate - py/class-polliution-external/set-attr-get-attr: 1 flows detected. (logger.py:40)
2026-05-15 10:47:38,281 - Result - INFO - deepdiff - py/class-polliution-external/set-both-get-both: 1 flows detected. (logger.py:40)
2026-05-15 10:47:40,860 - Result - INFO - deepdoctection - py/class-polliution-external/set-attr-get-attr: 5 flows detected. (logger.py:40)
2026-05-15 10:47:40,955 - Result - INFO - dektools - py/class-polliution-external/set-both-get-both: 2 flows detected. (logger.py:40)
2026-05-15 10:48:08,852 - Result - INFO - django-unicorn - py/class-polliution-external/set-attr-get-attr: 2 flows detected. (logger.py:40)
2026-05-15 10:48:08,852 - Result - INFO - django-unicorn - py/class-polliution-external/set-both-get-both: 4 flows detected. (logger.py:40)
2026-05-15 10:48:08,852 - Result - INFO - django-unicorn - py/class-polliution-external/set-attr-get-both: 1 flows detected. (logger.py:40)
2026-05-15 10:48:21,445 - Result - INFO - EasyCV - py/class-polliution-external/set-attr-get-attr: 1 flows detected. (logger.py:40)
2026-05-15 10:49:05,962 - Result - INFO - edsnlp - py/class-polliution-external/set-both-get-both: 2 flows detected. (logger.py:40)
2026-05-15 10:49:56,097 - Result - INFO - clearml - py/class-polliution-external/set-item-get-attr: 1 flows detected. (logger.py:40)
2026-05-15 10:49:56,097 - Result - INFO - clearml - py/class-polliution-external/set-both-get-both: 19 flows detected. (logger.py:40)
2026-05-15 10:49:56,097 - Result - INFO - clearml - py/class-polliution-external/set-item-get-both: 1 flows detected. (logger.py:40)
2026-05-15 10:49:58,705 - Result - INFO - fastapi-amis-admin - py/class-polliution-external/set-attr-get-attr: 2 flows detected. (logger.py:40)
2026-05-15 10:50:58,029 - Result - INFO - deepchem - py/class-polliution-external/set-attr-get-attr: 39 flows detected. (logger.py:40)
2026-05-15 10:51:25,826 - Result - INFO - glom - py/class-polliution-external/set-both-get-both: 11 flows detected. (logger.py:40)
2026-05-15 10:51:37,299 - Result - INFO - evennia - py/class-polliution-external/set-attr-get-attr: 1 flows detected. (logger.py:40)
2026-05-15 10:52:23,646 - Result - INFO - Jacinle - py/class-polliution-external/set-both-get-attr: 1 flows detected. (logger.py:40)
2026-05-15 10:52:49,505 - Result - INFO - IsaacLab - py/class-polliution-external/set-both-get-both: 1 flows detected. (logger.py:40)
2026-05-15 10:53:05,601 - Result - INFO - ibis - py/class-polliution-external/set-attr-get-attr: 1 flows detected. (logger.py:40)
2026-05-15 10:53:09,379 - Result - INFO - legged_gym - py/class-polliution-external/set-attr-get-attr: 1 flows detected. (logger.py:40)
2026-05-15 10:53:43,966 - Result - INFO - mesop - py/class-polliution-external/set-both-get-attr: 2 flows detected. (logger.py:40)
2026-05-15 10:53:44,119 - Result - INFO - minGPT - py/class-polliution-external/set-attr-get-attr: 1 flows detected. (logger.py:40)
2026-05-15 10:54:10,929 - Result - INFO - mo-dots - py/class-polliution-external/set-both-get-both: 3 flows detected. (logger.py:40)
2026-05-15 10:54:15,345 - Result - INFO - fairseq - py/class-polliution-external/set-attr-get-attr: 4 flows detected. (logger.py:40)
2026-05-15 10:54:21,730 - Result - INFO - nebari - py/class-polliution-external/set-both-get-both: 2 flows detected. (logger.py:40)
2026-05-15 10:55:19,116 - Result - INFO - mmpose - py/class-polliution-external/set-attr-get-attr: 1 flows detected. (logger.py:40)
2026-05-15 10:55:43,874 - Result - INFO - optimum - py/class-polliution-external/set-attr-get-attr: 1 flows detected. (logger.py:40)
2026-05-15 10:56:29,001 - Result - INFO - nni - py/class-polliution-external/set-attr-get-attr: 3 flows detected. (logger.py:40)
2026-05-15 10:57:02,771 - Result - INFO - open-interpreter - py/class-polliution-external/set-attr-get-attr: 2 flows detected. (logger.py:40)
2026-05-15 10:57:10,573 - Result - INFO - pydash - py/class-polliution-external/set-both-get-both: 18 flows detected. (logger.py:40)
2026-05-15 10:57:29,191 - Result - INFO - training_extensions - py/class-polliution-external/set-attr-get-attr: 3 flows detected. (logger.py:40)
2026-05-15 10:57:29,836 - Result - INFO - panel - py/class-polliution-external/set-attr-get-attr: 101 flows detected. (logger.py:40)
2026-05-15 10:57:34,070 - Result - INFO - neural-compressor - py/class-polliution-external/set-attr-get-attr: 51 flows detected. (logger.py:40)
2026-05-15 10:57:47,350 - Result - INFO - pystringattr - py/class-polliution-external/set-both-get-both: 4 flows detected. (logger.py:40)
2026-05-15 10:58:08,743 - Result - INFO - riven - py/class-polliution-external/set-both-get-attr: 2 flows detected. (logger.py:40)
2026-05-15 10:58:22,754 - Result - INFO - robusta - py/class-polliution-external/set-both-get-both: 1 flows detected. (logger.py:40)
2026-05-15 10:59:12,312 - Result - INFO - pytorch-lightning - py/class-polliution-external/set-attr-get-attr: 2 flows detected. (logger.py:40)
2026-05-15 11:00:14,925 - Result - INFO - sd-webui-controlnet - py/class-polliution-external/set-attr-get-attr: 4 flows detected. (logger.py:40)
2026-05-15 11:00:46,843 - Result - INFO - tensorpack - py/class-polliution-external/set-attr-get-attr: 1 flows detected. (logger.py:40)
2026-05-15 11:01:01,712 - Result - INFO - taipy - py/class-polliution-external/set-attr-get-attr: 5 flows detected. (logger.py:40)
2026-05-15 11:01:25,288 - Result - INFO - stable-diffusion-webui-forge - py/class-polliution-external/set-attr-get-attr: 1 flows detected. (logger.py:40)
2026-05-15 11:01:36,692 - Result - INFO - tournesol - py/class-polliution-external/set-both-get-both: 2 flows detected. (logger.py:40)
2026-05-15 11:01:47,341 - Result - INFO - uavSim - py/class-polliution-external/set-both-get-both: 4 flows detected. (logger.py:40)
2026-05-15 11:02:31,273 - Result - INFO - virt-manager - py/class-polliution-external/set-attr-get-attr: 1 flows detected. (logger.py:40)
2026-05-15 11:02:41,349 - Result - INFO - wrapt - py/class-polliution-external/set-attr-get-attr: 5 flows detected. (logger.py:40)
2026-05-15 11:03:45,347 - Result - INFO - torchlens - py/class-polliution-external/set-both-get-both: 51 flows detected. (logger.py:40)
2026-05-15 11:03:54,392 - Result - INFO - hummingbot - py/class-polliution-external/set-attr-get-attr: 7 flows detected. (logger.py:40)
2026-05-15 11:06:05,514 - Result - INFO - xorbits - py/class-polliution-external/set-attr-get-attr: 2 flows detected. (logger.py:40)
2026-05-15 11:48:40,879 - Result - INFO - GCFT - py/class-polliution-external/set-both-get-both: 1 flows detected. (logger.py:40)
2026-05-15 11:48:46,338 - Result - INFO - JSPyBridge - py/class-polliution-external/set-both-get-both: 6 flows detected. (logger.py:40)
2026-05-15 11:48:54,117 - Result - INFO - EPro-PnP - py/class-polliution-external/set-attr-get-attr: 6 flows detected. (logger.py:40)
2026-05-15 11:48:55,276 - Result - INFO - CRNN_Tensorflow - py/class-polliution-external/set-item-get-attr: 3 flows detected. (logger.py:40)
2026-05-15 11:48:55,276 - Result - INFO - CRNN_Tensorflow - py/class-polliution-external/set-item-get-both: 3 flows detected. (logger.py:40)
2026-05-15 11:49:06,758 - Result - INFO - AgentLab - py/class-polliution-external/set-attr-get-attr: 4 flows detected. (logger.py:40)
2026-05-15 11:49:06,759 - Result - INFO - AgentLab - py/class-polliution-external/set-both-get-both: 1 flows detected. (logger.py:40)
2026-05-15 11:49:17,719 - Result - INFO - Red-DiscordBot - py/class-polliution-external/set-attr-get-attr: 1 flows detected. (logger.py:40)
2026-05-15 11:49:26,471 - Result - INFO - accelerate - py/class-polliution-external/set-attr-get-attr: 1 flows detected. (logger.py:40)
2026-05-15 11:49:49,305 - Result - INFO - deepdiff - py/class-polliution-external/set-both-get-both: 19 flows detected. (logger.py:40)
2026-05-15 11:49:52,968 - Result - INFO - dektools - py/class-polliution-external/set-both-get-both: 2 flows detected. (logger.py:40)
2026-05-15 11:49:56,247 - Result - INFO - deepdoctection - py/class-polliution-external/set-attr-get-attr: 9 flows detected. (logger.py:40)
2026-05-15 11:50:21,209 - Result - INFO - django-unicorn - py/class-polliution-external/set-attr-get-attr: 2 flows detected. (logger.py:40)
2026-05-15 11:50:21,209 - Result - INFO - django-unicorn - py/class-polliution-external/set-both-get-both: 8 flows detected. (logger.py:40)
2026-05-15 11:50:21,209 - Result - INFO - django-unicorn - py/class-polliution-external/set-attr-get-both: 1 flows detected. (logger.py:40)
2026-05-15 11:50:35,032 - Result - INFO - EasyCV - py/class-polliution-external/set-attr-get-attr: 1 flows detected. (logger.py:40)
2026-05-15 11:51:17,149 - Result - INFO - docarray - py/class-polliution-external/set-attr-get-attr: 1 flows detected. (logger.py:40)
2026-05-15 11:51:18,829 - Result - INFO - edsnlp - py/class-polliution-external/set-both-get-both: 4 flows detected. (logger.py:40)
2026-05-15 11:52:06,541 - Result - INFO - fastapi-amis-admin - py/class-polliution-external/set-attr-get-attr: 4 flows detected. (logger.py:40)
2026-05-15 11:52:15,077 - Result - INFO - clearml - py/class-polliution-external/set-item-get-attr: 2 flows detected. (logger.py:40)
2026-05-15 11:52:15,077 - Result - INFO - clearml - py/class-polliution-external/set-both-get-both: 25 flows detected. (logger.py:40)
2026-05-15 11:52:15,078 - Result - INFO - clearml - py/class-polliution-external/set-item-get-both: 2 flows detected. (logger.py:40)
2026-05-15 11:52:24,228 - Result - INFO - ComfyUI - py/class-polliution-external/set-attr-get-attr: 3 flows detected. (logger.py:40)
2026-05-15 11:52:50,573 - Result - INFO - generative-ai-python - py/class-polliution-external/set-attr-get-attr: 5 flows detected. (logger.py:40)
2026-05-15 11:53:07,491 - Result - INFO - deepchem - py/class-polliution-external/set-attr-get-attr: 40 flows detected. (logger.py:40)
2026-05-15 11:53:10,306 - Result - INFO - gensphere - py/class-polliution-external/set-both-get-both: 1 flows detected. (logger.py:40)
2026-05-15 11:53:33,410 - Result - INFO - glom - py/class-polliution-external/set-both-get-both: 15 flows detected. (logger.py:40)
2026-05-15 11:53:34,030 - Result - INFO - geodesic-api - py/class-polliution-external/set-both-get-both: 47 flows detected. (logger.py:40)
2026-05-15 11:53:44,504 - Result - INFO - evennia - py/class-polliution-external/set-attr-get-attr: 2 flows detected. (logger.py:40)
2026-05-15 11:54:38,649 - Result - INFO - Jacinle - py/class-polliution-external/set-both-get-attr: 1 flows detected. (logger.py:40)
2026-05-15 11:54:55,380 - Result - INFO - IsaacLab - py/class-polliution-external/set-both-get-both: 2 flows detected. (logger.py:40)
2026-05-15 11:55:14,462 - Result - INFO - ibis - py/class-polliution-external/set-attr-get-attr: 1 flows detected. (logger.py:40)
2026-05-15 11:55:15,146 - Result - INFO - legged_gym - py/class-polliution-external/set-attr-get-attr: 1 flows detected. (logger.py:40)
2026-05-15 11:55:31,721 - Result - INFO - magicattr - py/class-polliution-external/set-both-get-both: 5 flows detected. (logger.py:40)
2026-05-15 11:55:48,098 - Result - INFO - mesop - py/class-polliution-external/set-both-get-attr: 4 flows detected. (logger.py:40)
2026-05-15 11:55:52,177 - Result - INFO - minGPT - py/class-polliution-external/set-attr-get-attr: 1 flows detected. (logger.py:40)
2026-05-15 11:56:07,793 - Result - INFO - meta-dataset - py/class-polliution-external/set-both-get-both: 2 flows detected. (logger.py:40)
2026-05-15 11:56:14,525 - Result - INFO - mo-dots - py/class-polliution-external/set-both-get-both: 3 flows detected. (logger.py:40)
2026-05-15 11:56:31,922 - Result - INFO - nebari - py/class-polliution-external/set-both-get-both: 2 flows detected. (logger.py:40)
2026-05-15 11:56:33,303 - Result - INFO - netchecks - py/class-polliution-external/set-both-get-attr: 5 flows detected. (logger.py:40)
2026-05-15 11:56:39,263 - Result - INFO - fairseq - py/class-polliution-external/set-attr-get-attr: 5 flows detected. (logger.py:40)
2026-05-15 11:57:21,007 - Result - INFO - mmpose - py/class-polliution-external/set-attr-get-attr: 3 flows detected. (logger.py:40)
2026-05-15 11:57:21,618 - Result - INFO - nut - py/class-polliution-external/set-attr-get-attr: 2 flows detected. (logger.py:40)
2026-05-15 11:57:44,296 - Result - INFO - optimum - py/class-polliution-external/set-attr-get-attr: 1 flows detected. (logger.py:40)
2026-05-15 11:57:58,969 - Result - INFO - genielibs - py/class-polliution-external/set-item-get-attr: 2 flows detected. (logger.py:40)
2026-05-15 11:57:58,969 - Result - INFO - genielibs - py/class-polliution-external/set-both-get-both: 7 flows detected. (logger.py:40)
2026-05-15 11:57:58,969 - Result - INFO - genielibs - py/class-polliution-external/set-item-get-both: 2 flows detected. (logger.py:40)
2026-05-15 11:57:58,969 - Result - INFO - genielibs - py/class-polliution-external/set-attr-get-both: 1 flows detected. (logger.py:40)
2026-05-15 11:58:43,154 - Result - INFO - nni - py/class-polliution-external/set-attr-get-attr: 4 flows detected. (logger.py:40)
2026-05-15 11:59:00,573 - Result - INFO - pokitoki - py/class-polliution-external/set-both-get-attr: 2 flows detected. (logger.py:40)
2026-05-15 11:59:07,898 - Result - INFO - open-interpreter - py/class-polliution-external/set-attr-get-attr: 7 flows detected. (logger.py:40)
2026-05-15 11:59:25,446 - Result - INFO - pydash - py/class-polliution-external/set-both-get-both: 18 flows detected. (logger.py:40)
2026-05-15 11:59:28,980 - Result - INFO - training_extensions - py/class-polliution-external/set-attr-get-attr: 3 flows detected. (logger.py:40)
2026-05-15 11:59:28,980 - Result - INFO - training_extensions - py/class-polliution-external/set-both-get-both: 1 flows detected. (logger.py:40)
2026-05-15 11:59:30,490 - Result - INFO - pyinstrument - py/class-polliution-external/set-both-get-both: 1 flows detected. (logger.py:40)
2026-05-15 11:59:39,758 - Result - INFO - panel - py/class-polliution-external/set-attr-get-attr: 104 flows detected. (logger.py:40)
2026-05-15 11:59:47,585 - Result - INFO - pystringattr - py/class-polliution-external/set-both-get-both: 5 flows detected. (logger.py:40)
2026-05-15 12:00:05,401 - Result - INFO - neural-compressor - py/class-polliution-external/set-attr-get-attr: 65 flows detected. (logger.py:40)
2026-05-15 12:00:20,529 - Result - INFO - riven - py/class-polliution-external/set-both-get-attr: 2 flows detected. (logger.py:40)
2026-05-15 12:00:31,751 - Result - INFO - schemasheets - py/class-polliution-external/set-both-get-both: 3 flows detected. (logger.py:40)
2026-05-15 12:00:33,965 - Result - INFO - robusta - py/class-polliution-external/set-both-get-both: 1 flows detected. (logger.py:40)
2026-05-15 12:01:14,634 - Result - INFO - pytorch-lightning - py/class-polliution-external/set-attr-get-attr: 4 flows detected. (logger.py:40)
2026-05-15 12:01:41,259 - Result - INFO - spaCy - py/class-polliution-external/set-attr-get-attr: 1 flows detected. (logger.py:40)
2026-05-15 12:02:35,710 - Result - INFO - sd-webui-controlnet - py/class-polliution-external/set-attr-get-attr: 4 flows detected. (logger.py:40)
2026-05-15 12:03:05,080 - Result - INFO - tensorpack - py/class-polliution-external/set-attr-get-attr: 2 flows detected. (logger.py:40)
2026-05-15 12:03:09,376 - Result - INFO - taipy - py/class-polliution-external/set-attr-get-attr: 19 flows detected. (logger.py:40)
2026-05-15 12:03:44,548 - Result - INFO - stable-diffusion-webui-forge - py/class-polliution-external/set-attr-get-attr: 7 flows detected. (logger.py:40)
2026-05-15 12:03:44,621 - Result - INFO - tournesol - py/class-polliution-external/set-both-get-both: 2 flows detected. (logger.py:40)
2026-05-15 12:04:06,080 - Result - INFO - uavSim - py/class-polliution-external/set-both-get-both: 4 flows detected. (logger.py:40)
2026-05-15 12:04:28,684 - Result - INFO - sverchok - py/class-polliution-external/set-both-get-both: 4 flows detected. (logger.py:40)
2026-05-15 12:04:33,816 - Result - INFO - wfuzz - py/class-polliution-external/set-attr-get-attr: 2 flows detected. (logger.py:40)
2026-05-15 12:04:38,656 - Result - INFO - virt-manager - py/class-polliution-external/set-attr-get-attr: 7 flows detected. (logger.py:40)
2026-05-15 12:04:55,005 - Result - INFO - wrapt - py/class-polliution-external/set-attr-get-attr: 5 flows detected. (logger.py:40)
2026-05-15 12:05:23,764 - Result - INFO - ragflow - py/class-polliution-external/set-attr-get-attr: 2 flows detected. (logger.py:40)
2026-05-15 12:06:08,979 - Result - INFO - torchlens - py/class-polliution-external/set-both-get-both: 311 flows detected. (logger.py:40)
2026-05-15 12:06:14,902 - Result - INFO - hummingbot - py/class-polliution-external/set-attr-get-attr: 7 flows detected. (logger.py:40)
2026-05-15 12:08:22,420 - Result - INFO - xorbits - py/class-polliution-external/set-attr-get-attr: 2 flows detected. (logger.py:40)
2026-05-15 13:04:16,986 - Result - INFO - diffusers - py/class-polliution-external/set-attr-get-attr: 2 flows detected. (logger.py:40)
2026-05-15 13:13:32,668 - Result - INFO - laboneq - py/class-polliution-external/set-both-get-both: 3 flows detected. (logger.py:40)
2026-05-15 15:50:54,365 - Result - INFO - azure-cli - py/class-polliution-external/set-attr-get-attr: 2 flows detected. (logger.py:40)
2026-05-15 15:50:54,365 - Result - INFO - azure-cli - py/class-polliution-external/set-both-get-both: 6 flows detected. (logger.py:40)
