2025-06-01 11:10:49,876 - CodeQLRunner - ERROR - Failed to build CodeQL database for seller-message-client: NoPythonCodeFoundException: No Python code found in the repository. (logger.py:42)
2025-06-01 11:16:19,091 - CodeQLRunner - ERROR - Failed to build CodeQL database for space-remover: NoPythonCodeFoundException: No Python code found in the repository. (logger.py:42)
2025-06-01 11:20:56,601 - CodeQLRunner - ERROR - Failed to build CodeQL database for vaultmanager: NoPythonCodeFoundException: No Python code found in the repository. (logger.py:42)
2025-06-01 11:39:31,710 - CodeQLRunner - ERROR - Failed to build CodeQL database for set-ids: NoPythonCodeFoundException: No Python code found in the repository. (logger.py:42)
2025-06-01 11:39:42,513 - CodeQLRunner - ERROR - Failed to build CodeQL database for pysparkflattenhelper: NoPythonCodeFoundException: No Python code found in the repository. (logger.py:42)
2025-06-01 11:45:05,187 - CodeQLRunner - ERROR - Failed to build CodeQL database for pywukong: NoPythonCodeFoundException: No Python code found in the repository. (logger.py:42)
2025-06-01 11:48:25,537 - CodeQLRunner - ERROR - Failed to build CodeQL database for pay-lib-kafka-service-client: NoPythonCodeFoundException: No Python code found in the repository. (logger.py:42)
2025-06-01 11:50:37,913 - CodeQLRunner - ERROR - Failed to build CodeQL database for nirmal-package-test: NoPythonCodeFoundException: No Python code found in the repository. (logger.py:42)
2025-06-01 11:51:00,279 - CodeQLRunner - ERROR - Failed to build CodeQL database for theorem-sdk: NoPythonCodeFoundException: No Python code found in the repository. (logger.py:42)
2025-06-01 11:54:48,641 - CodeQLRunner - ERROR - Failed to build CodeQL database for pythonalgosort: NoPythonCodeFoundException: No Python code found in the repository. (logger.py:42)
2025-06-01 11:56:02,588 - CodeQLRunner - ERROR - Failed to build CodeQL database for paygate-consumer: NoPythonCodeFoundException: No Python code found in the repository. (logger.py:42)
2025-06-01 11:58:07,991 - CodeQLRunner - ERROR - Failed to build CodeQL database for pytabnet: NoPythonCodeFoundException: No Python code found in the repository. (logger.py:42)
2025-06-01 11:58:16,801 - CodeQLRunner - ERROR - Failed to build CodeQL database for solarwindpy: NoPythonCodeFoundException: No Python code found in the repository. (logger.py:42)
2025-06-01 12:11:40,315 - CodeQLRunner - ERROR - Failed to build CodeQL database for odoo14-addons-oca-mis-builder-contrib: NoPythonCodeFoundException: No Python code found in the repository. (logger.py:42)
2025-06-01 12:14:09,515 - CodeQLRunner - ERROR - Failed to build CodeQL database for pytcn: NoPythonCodeFoundException: No Python code found in the repository. (logger.py:42)
2025-06-01 12:19:02,292 - CodeQLRunner - ERROR - Failed to build CodeQL database for parcel-service: NoPythonCodeFoundException: No Python code found in the repository. (logger.py:42)
2025-06-01 12:33:48,309 - CodeQLRunner - ERROR - Failed to build CodeQL database for tic-tac-toe-with-gui: NoPythonCodeFoundException: No Python code found in the repository. (logger.py:42)
2025-06-01 12:39:42,505 - CodeQLRunner - ERROR - Failed to build CodeQL database for myrippled: NoPythonCodeFoundException: No Python code found in the repository. (logger.py:42)
2025-06-01 12:44:13,437 - CodeQLRunner - ERROR - Failed to build CodeQL database for rocketbotlib: NoPythonCodeFoundException: No Python code found in the repository. (logger.py:42)
2025-06-01 13:10:14,911 - CodeQLRunner - ERROR - Failed to build CodeQL database for payments-token-subscribed-update-kafka-client: NoPythonCodeFoundException: No Python code found in the repository. (logger.py:42)
2025-06-01 13:19:20,913 - CodeQLRunner - ERROR - Failed to build CodeQL database for ptt-spider: NoPythonCodeFoundException: No Python code found in the repository. (logger.py:42)
2025-06-01 13:22:26,814 - CodeQLRunner - ERROR - Failed to build CodeQL database for sebastian-first-project: NoPythonCodeFoundException: No Python code found in the repository. (logger.py:42)
2025-06-01 13:22:40,753 - CodeQLRunner - ERROR - Failed to build CodeQL database for theorem-relay-client: NoPythonCodeFoundException: No Python code found in the repository. (logger.py:42)
2025-06-01 13:22:56,035 - CodeQLRunner - ERROR - Failed to build CodeQL database for ushort: NoPythonCodeFoundException: No Python code found in the repository. (logger.py:42)
2025-06-01 13:33:40,903 - CodeQLRunner - ERROR - Failed to build CodeQL database for textoutput1116: NoPythonCodeFoundException: No Python code found in the repository. (logger.py:42)
2025-06-01 13:36:35,291 - CodeQLRunner - ERROR - Failed to build CodeQL database for virtualbeamline: NoPythonCodeFoundException: No Python code found in the repository. (logger.py:42)
2025-06-01 13:40:56,694 - CodeQLRunner - ERROR - Failed to build CodeQL database for pyomo-latex: NoPythonCodeFoundException: No Python code found in the repository. (logger.py:42)
2025-06-01 13:58:33,530 - CodeQLRunner - ERROR - Failed to build CodeQL database for sensely-client: NoPythonCodeFoundException: No Python code found in the repository. (logger.py:42)
2025-06-01 14:01:50,439 - CodeQLRunner - ERROR - Failed to build CodeQL database for rdct: NoPythonCodeFoundException: No Python code found in the repository. (logger.py:42)
2025-06-01 14:02:13,103 - CodeQLRunner - ERROR - Failed to build CodeQL database for s4f-comms-client: NoPythonCodeFoundException: No Python code found in the repository. (logger.py:42)
2025-06-01 14:18:18,442 - CodeQLRunner - ERROR - Failed to build CodeQL database for wemakeprice: NoPythonCodeFoundException: No Python code found in the repository. (logger.py:42)
2025-06-01 14:26:37,942 - CodeQLRunner - ERROR - Failed to build CodeQL database for ryca: NoPythonCodeFoundException: No Python code found in the repository. (logger.py:42)
2025-06-01 14:31:24,996 - CodeQLRunner - ERROR - Failed to build CodeQL database for right-round: NoPythonCodeFoundException: No Python code found in the repository. (logger.py:42)
2025-06-01 14:33:57,851 - CodeQLRunner - ERROR - Failed to build CodeQL database for regressor-rabeh: NoPythonCodeFoundException: No Python code found in the repository. (logger.py:42)
2025-06-01 14:34:56,724 - CodeQLRunner - ERROR - Failed to build CodeQL database for taus0-2: NoPythonCodeFoundException: No Python code found in the repository. (logger.py:42)
2025-06-01 14:35:08,303 - CodeQLRunner - ERROR - Failed to build CodeQL database for spydal: NoPythonCodeFoundException: No Python code found in the repository. (logger.py:42)
2025-06-01 14:41:19,873 - CodeQLRunner - ERROR - Failed to build CodeQL database for recsys-popularity-scorer: NoPythonCodeFoundException: No Python code found in the repository. (logger.py:42)
2025-06-01 14:47:22,812 - CodeQLRunner - ERROR - Failed to build CodeQL database for vt-ml: NoPythonCodeFoundException: No Python code found in the repository. (logger.py:42)
2025-06-01 14:52:04,549 - CodeQLRunner - ERROR - Failed to build CodeQL database for paradigmapi: NoPythonCodeFoundException: No Python code found in the repository. (logger.py:42)
2025-06-01 14:57:29,269 - CodeQLRunner - ERROR - Failed to build CodeQL database for stock-reservation-service-client: NoPythonCodeFoundException: No Python code found in the repository. (logger.py:42)
2025-06-01 15:05:21,310 - CodeQLRunner - ERROR - Failed to build CodeQL database for pay-utils-lib: NoPythonCodeFoundException: No Python code found in the repository. (logger.py:42)
2025-06-01 15:12:08,607 - CodeQLRunner - ERROR - Failed to build CodeQL database for order-service-client: NoPythonCodeFoundException: No Python code found in the repository. (logger.py:42)
2025-06-01 15:14:49,499 - CodeQLRunner - ERROR - Failed to build CodeQL database for tisv: NoPythonCodeFoundException: No Python code found in the repository. (logger.py:42)
2025-06-01 15:21:29,061 - CodeQLRunner - ERROR - Failed to build CodeQL database for python-timeout-request-himanshu007-creator: NoPythonCodeFoundException: No Python code found in the repository. (logger.py:42)
2025-06-01 15:23:32,984 - CodeQLRunner - ERROR - Failed to build CodeQL database for metahuman-0-1: NoPythonCodeFoundException: No Python code found in the repository. (logger.py:42)
2025-06-01 15:24:52,521 - CodeQLRunner - ERROR - Failed to build CodeQL database for odoo13-addons-oca-website-themes: NoPythonCodeFoundException: No Python code found in the repository. (logger.py:42)
2025-06-01 15:26:52,389 - CodeQLRunner - ERROR - Failed to build CodeQL database for risky: NoPythonCodeFoundException: No Python code found in the repository. (logger.py:42)
2025-06-01 15:28:55,693 - CodeQLRunner - ERROR - Failed to build CodeQL database for tal-pyramid-bff-auth: NoPythonCodeFoundException: No Python code found in the repository. (logger.py:42)
2025-06-01 15:30:55,015 - CodeQLRunner - ERROR - Failed to build CodeQL database for stii: NoPythonCodeFoundException: No Python code found in the repository. (logger.py:42)
2025-06-01 15:33:14,489 - CodeQLRunner - ERROR - Failed to build CodeQL database for sch-tropopause: NoPythonCodeFoundException: No Python code found in the repository. (logger.py:42)
2025-06-01 15:36:48,498 - CodeQLRunner - ERROR - Failed to build CodeQL database for puppet-apis: NoPythonCodeFoundException: No Python code found in the repository. (logger.py:42)
2025-06-01 15:45:29,954 - CodeQLRunner - ERROR - Failed to build CodeQL database for pynavb: NoPythonCodeFoundException: No Python code found in the repository. (logger.py:42)
2025-06-01 15:46:53,231 - CodeQLRunner - ERROR - Failed to build CodeQL database for sendeth: NoPythonCodeFoundException: No Python code found in the repository. (logger.py:42)
2025-06-01 15:47:42,613 - CodeQLRunner - ERROR - Failed to build CodeQL database for odoo14-addons-oca-stock-logistics-tracking: NoPythonCodeFoundException: No Python code found in the repository. (logger.py:42)
2025-06-01 15:48:54,474 - CodeQLRunner - ERROR - Failed to build CodeQL database for wai-output: NoPythonCodeFoundException: No Python code found in the repository. (logger.py:42)
2025-06-01 15:54:13,345 - CodeQLRunner - ERROR - Failed to build CodeQL database for weheartit: NoPythonCodeFoundException: No Python code found in the repository. (logger.py:42)
2025-06-01 16:22:17,340 - CodeQLRunner - ERROR - Failed to build CodeQL database for seller-service: NoPythonCodeFoundException: No Python code found in the repository. (logger.py:42)
2025-06-01 16:25:01,435 - CodeQLRunner - ERROR - Failed to build CodeQL database for secretsgenerator: NoPythonCodeFoundException: No Python code found in the repository. (logger.py:42)
2025-06-01 16:27:17,751 - CodeQLRunner - ERROR - Failed to build CodeQL database for tdeps: NoPythonCodeFoundException: No Python code found in the repository. (logger.py:42)
2025-06-01 16:29:49,876 - CodeQLRunner - ERROR - Failed to build CodeQL database for payments-purchase-update-kafka-client: NoPythonCodeFoundException: No Python code found in the repository. (logger.py:42)
2025-06-01 16:34:11,209 - CodeQLRunner - ERROR - Failed to build CodeQL database for taskgrid: NoPythonCodeFoundException: No Python code found in the repository. (logger.py:42)
2025-06-01 16:43:30,643 - CodeQLRunner - ERROR - Failed to build CodeQL database for simplelayoutdsh123test: NoPythonCodeFoundException: No Python code found in the repository. (logger.py:42)
2025-06-01 16:59:23,827 - CodeQLRunner - ERROR - Failed to build CodeQL database for quanteasy: NoPythonCodeFoundException: No Python code found in the repository. (logger.py:42)
2025-06-01 17:01:03,700 - CodeQLRunner - ERROR - Failed to build CodeQL database for shipping-options-service: NoPythonCodeFoundException: No Python code found in the repository. (logger.py:42)
2025-06-01 17:04:42,213 - CodeQLRunner - ERROR - Failed to build CodeQL database for saved-searches-service-client: NoPythonCodeFoundException: No Python code found in the repository. (logger.py:42)
2025-06-01 17:04:55,504 - CodeQLRunner - ERROR - Failed to build CodeQL database for pystera: NoPythonCodeFoundException: No Python code found in the repository. (logger.py:42)
2025-06-01 17:07:40,279 - CodeQLRunner - ERROR - Failed to build CodeQL database for retail-dashboard-bff: NoPythonCodeFoundException: No Python code found in the repository. (logger.py:42)
2025-06-01 17:07:47,604 - CodeQLRunner - ERROR - Failed to build CodeQL database for timpy: NoPythonCodeFoundException: No Python code found in the repository. (logger.py:42)
2025-06-01 17:10:31,388 - CodeQLRunner - ERROR - Failed to build CodeQL database for tal-onetrust-client: NoPythonCodeFoundException: No Python code found in the repository. (logger.py:42)
2025-06-01 17:11:40,305 - CodeQLRunner - ERROR - Failed to build CodeQL database for soillib: NoPythonCodeFoundException: No Python code found in the repository. (logger.py:42)
2025-06-01 17:16:16,747 - CodeQLRunner - ERROR - Failed to build CodeQL database for roboco-py: NoPythonCodeFoundException: No Python code found in the repository. (logger.py:42)
2025-06-01 17:16:35,422 - CodeQLRunner - ERROR - Failed to build CodeQL database for weaveml: NoPythonCodeFoundException: No Python code found in the repository. (logger.py:42)
2025-06-01 17:23:20,249 - CodeQLRunner - ERROR - Failed to build CodeQL database for stock-forecasting-client: NoPythonCodeFoundException: No Python code found in the repository. (logger.py:42)
2025-06-01 17:38:41,687 - CodeQLRunner - ERROR - Failed to build CodeQL database for retraconnect: NoPythonCodeFoundException: No Python code found in the repository. (logger.py:42)
2025-06-01 17:43:52,137 - CodeQLRunner - ERROR - Failed to build CodeQL database for proofit: NoPythonCodeFoundException: No Python code found in the repository. (logger.py:42)
2025-06-01 18:09:00,438 - CodeQLRunner - ERROR - Failed to build CodeQL database for rojifacalculator: NoPythonCodeFoundException: No Python code found in the repository. (logger.py:42)
2025-06-01 18:09:26,801 - CodeQLRunner - ERROR - Failed to build CodeQL database for seller-client: NoPythonCodeFoundException: No Python code found in the repository. (logger.py:42)
2025-06-01 18:19:06,748 - CodeQLRunner - ERROR - Failed to build CodeQL database for toto123: NoPythonCodeFoundException: No Python code found in the repository. (logger.py:42)
2025-06-01 18:20:44,840 - CodeQLRunner - ERROR - Failed to build CodeQL database for sc-tools: NoPythonCodeFoundException: No Python code found in the repository. (logger.py:42)
2025-06-01 18:23:41,238 - CodeQLRunner - ERROR - Failed to build CodeQL database for sensitive-data-scan: NoPythonCodeFoundException: No Python code found in the repository. (logger.py:42)
2025-06-01 18:24:00,099 - CodeQLRunner - ERROR - Failed to build CodeQL database for railot116test: NoPythonCodeFoundException: No Python code found in the repository. (logger.py:42)
2025-06-01 18:31:13,960 - CodeQLRunner - ERROR - Failed to build CodeQL database for web-asset-downloader: NoPythonCodeFoundException: No Python code found in the repository. (logger.py:42)
2025-06-01 18:32:04,097 - CodeQLRunner - ERROR - Query timed out for pragy-dl: /home/class-pollution/Desktop/python-class-pollution/codeql-query/class-pollution-all/class-pollution.qls (logger.py:42)
2025-06-01 18:32:06,219 - CodeQLRunner - ERROR - Failed to run query: /home/class-pollution/Desktop/python-class-pollution/codeql-query/class-pollution-all/class-pollution.qls (logger.py:42)
2025-06-01 18:32:21,267 - CodeQLRunner - ERROR - Failed to build CodeQL database for spt-luigi-commons: NoPythonCodeFoundException: No Python code found in the repository. (logger.py:42)
2025-06-01 18:38:58,279 - CodeQLRunner - ERROR - Failed to build CodeQL database for scorplit: NoPythonCodeFoundException: No Python code found in the repository. (logger.py:42)
2025-06-01 18:39:28,317 - CodeQLRunner - ERROR - Failed to build CodeQL database for payments-refund-command-kafka-client: NoPythonCodeFoundException: No Python code found in the repository. (logger.py:42)
2025-06-01 18:40:47,063 - CodeQLRunner - ERROR - Failed to build CodeQL database for poopcount: NoPythonCodeFoundException: No Python code found in the repository. (logger.py:42)
2025-06-01 18:44:57,885 - CodeQLRunner - ERROR - Failed to build CodeQL database for spt-monitoring: NoPythonCodeFoundException: No Python code found in the repository. (logger.py:42)
2025-06-01 18:51:50,004 - CodeQLRunner - ERROR - Failed to build CodeQL database for rdma-tool: NoPythonCodeFoundException: No Python code found in the repository. (logger.py:42)
2025-06-01 18:55:41,255 - CodeQLRunner - ERROR - Failed to build CodeQL database for services-interfaces: NoPythonCodeFoundException: No Python code found in the repository. (logger.py:42)
2025-06-01 18:55:52,486 - CodeQLRunner - ERROR - Failed to build CodeQL database for rfcloudtestserver: NoPythonCodeFoundException: No Python code found in the repository. (logger.py:42)
2025-06-01 19:06:55,316 - CodeQLRunner - ERROR - Failed to build CodeQL database for trituenhantao-io: NoPythonCodeFoundException: No Python code found in the repository. (logger.py:42)
2025-06-01 19:10:34,911 - CodeQLRunner - ERROR - Failed to build CodeQL database for wtt: NoPythonCodeFoundException: No Python code found in the repository. (logger.py:42)
2025-06-01 19:18:52,438 - CodeQLRunner - ERROR - Failed to build CodeQL database for pymock-12321: NoPythonCodeFoundException: No Python code found in the repository. (logger.py:42)
2025-06-01 19:18:54,049 - CodeQLRunner - ERROR - Failed to build CodeQL database for sc-client-service-client: NoPythonCodeFoundException: No Python code found in the repository. (logger.py:42)
2025-06-01 19:19:03,173 - CodeQLRunner - ERROR - Failed to build CodeQL database for supplier-api-service-client: NoPythonCodeFoundException: No Python code found in the repository. (logger.py:42)
2025-06-01 19:28:07,182 - CodeQLRunner - ERROR - Failed to build CodeQL database for tdcore: NoPythonCodeFoundException: No Python code found in the repository. (logger.py:42)
2025-06-01 19:29:39,239 - CodeQLRunner - ERROR - Failed to build CodeQL database for wilib: NoPythonCodeFoundException: No Python code found in the repository. (logger.py:42)
2025-06-01 19:36:40,956 - CodeQLRunner - ERROR - Failed to build CodeQL database for sch-user-creation: NoPythonCodeFoundException: No Python code found in the repository. (logger.py:42)
2025-06-01 19:49:40,799 - CodeQLRunner - ERROR - Failed to build CodeQL database for spinnaker-cli: NoPythonCodeFoundException: No Python code found in the repository. (logger.py:42)
2025-06-01 19:52:53,185 - CodeQLRunner - ERROR - Failed to build CodeQL database for storefront-api-views-forms: NoPythonCodeFoundException: No Python code found in the repository. (logger.py:42)
2025-06-01 19:54:48,194 - CodeQLRunner - ERROR - Failed to build CodeQL database for stock-allocation-client: NoPythonCodeFoundException: No Python code found in the repository. (logger.py:42)
2025-06-01 19:55:42,182 - CodeQLRunner - ERROR - Failed to build CodeQL database for pyvoicebox: NoPythonCodeFoundException: No Python code found in the repository. (logger.py:42)
2025-06-01 20:16:45,279 - CodeQLRunner - ERROR - Failed to build CodeQL database for pose-cli: NoPythonCodeFoundException: No Python code found in the repository. (logger.py:42)
2025-06-01 20:19:23,893 - CodeQLRunner - ERROR - Failed to build CodeQL database for storefront-api-views-common: NoPythonCodeFoundException: No Python code found in the repository. (logger.py:42)
2025-06-01 20:25:10,043 - CodeQLRunner - ERROR - Failed to build CodeQL database for scape-academy: NoPythonCodeFoundException: No Python code found in the repository. (logger.py:42)
2025-06-01 20:26:45,067 - CodeQLRunner - ERROR - Failed to build CodeQL database for slackmojistats: NoPythonCodeFoundException: No Python code found in the repository. (logger.py:42)
2025-06-01 20:31:58,306 - CodeQLRunner - ERROR - Failed to build CodeQL database for payments-redirector-client: NoPythonCodeFoundException: No Python code found in the repository. (logger.py:42)
2025-06-01 20:43:18,089 - CodeQLRunner - ERROR - Failed to build CodeQL database for payments-payhost-client: NoPythonCodeFoundException: No Python code found in the repository. (logger.py:42)
2025-06-01 20:44:45,166 - CodeQLRunner - ERROR - Failed to build CodeQL database for shellcreedrever: NoPythonCodeFoundException: No Python code found in the repository. (logger.py:42)
2025-06-01 20:48:09,196 - CodeQLRunner - ERROR - Failed to build CodeQL database for recsys-user-based: NoPythonCodeFoundException: No Python code found in the repository. (logger.py:42)
2025-06-01 20:58:37,851 - CodeQLRunner - ERROR - Failed to build CodeQL database for release-build: NoPythonCodeFoundException: No Python code found in the repository. (logger.py:42)
2025-06-01 21:14:56,763 - CodeQLRunner - ERROR - Failed to build CodeQL database for odoo14-addons-oca-vertical-construction: NoPythonCodeFoundException: No Python code found in the repository. (logger.py:42)
2025-06-01 21:16:21,678 - CodeQLRunner - ERROR - Failed to build CodeQL database for seungminpark-calc: NoPythonCodeFoundException: No Python code found in the repository. (logger.py:42)
2025-06-01 21:18:19,906 - CodeQLRunner - ERROR - Failed to build CodeQL database for theprojectlogger: NoPythonCodeFoundException: No Python code found in the repository. (logger.py:42)
2025-06-01 21:18:27,991 - CodeQLRunner - ERROR - Failed to build CodeQL database for skibsted: NoPythonCodeFoundException: No Python code found in the repository. (logger.py:42)
2025-06-01 21:23:27,748 - CodeQLRunner - ERROR - Failed to build CodeQL database for sandfox: NoPythonCodeFoundException: No Python code found in the repository. (logger.py:42)
2025-06-01 21:26:41,153 - CodeQLRunner - ERROR - Failed to build CodeQL database for pynbp5: NoPythonCodeFoundException: No Python code found in the repository. (logger.py:42)
2025-06-01 21:33:41,017 - CodeQLRunner - ERROR - Failed to build CodeQL database for weaveml-agent: NoPythonCodeFoundException: No Python code found in the repository. (logger.py:42)
2025-06-01 21:35:14,791 - CodeQLRunner - ERROR - Failed to build CodeQL database for rlef: NoPythonCodeFoundException: No Python code found in the repository. (logger.py:42)
2025-06-01 21:45:06,015 - CodeQLRunner - ERROR - Failed to build CodeQL database for selfservice-popi-client: NoPythonCodeFoundException: No Python code found in the repository. (logger.py:42)
2025-06-01 21:56:00,690 - CodeQLRunner - ERROR - Failed to build CodeQL database for uplist: NoPythonCodeFoundException: No Python code found in the repository. (logger.py:42)
2025-06-01 22:03:48,446 - CodeQLRunner - ERROR - Failed to build CodeQL database for pay-lib-stats-client: NoPythonCodeFoundException: No Python code found in the repository. (logger.py:42)
2025-06-01 22:05:38,319 - CodeQLRunner - ERROR - Failed to build CodeQL database for payments-redirect-update-kafka-client: NoPythonCodeFoundException: No Python code found in the repository. (logger.py:42)
2025-06-01 22:14:44,166 - CodeQLRunner - ERROR - Failed to build CodeQL database for payments-redirect-preparation-command-kafka-client: NoPythonCodeFoundException: No Python code found in the repository. (logger.py:42)
2025-06-01 22:25:03,244 - CodeQLRunner - ERROR - Failed to build CodeQL database for secur3x: NoPythonCodeFoundException: No Python code found in the repository. (logger.py:42)
2025-06-01 22:33:49,449 - CodeQLRunner - ERROR - Failed to build CodeQL database for oracle-integration: NoPythonCodeFoundException: No Python code found in the repository. (logger.py:42)
2025-06-01 22:42:33,405 - CodeQLRunner - ERROR - Failed to build CodeQL database for vkessm-sdk: NoPythonCodeFoundException: No Python code found in the repository. (logger.py:42)
2025-06-01 22:51:33,439 - CodeQLRunner - ERROR - Failed to build CodeQL database for seller-transaction-log-service: NoPythonCodeFoundException: No Python code found in the repository. (logger.py:42)
2025-06-01 22:54:33,600 - CodeQLRunner - ERROR - Failed to build CodeQL database for schquery: NoPythonCodeFoundException: No Python code found in the repository. (logger.py:42)
2025-06-01 23:18:39,153 - CodeQLRunner - ERROR - Failed to build CodeQL database for sku-service-client: NoPythonCodeFoundException: No Python code found in the repository. (logger.py:42)
2025-06-01 23:18:52,635 - CodeQLRunner - ERROR - Failed to build CodeQL database for payment-cohort-client: NoPythonCodeFoundException: No Python code found in the repository. (logger.py:42)
2025-06-01 23:38:34,125 - CodeQLRunner - ERROR - Failed to build CodeQL database for westmetal: NoPythonCodeFoundException: No Python code found in the repository. (logger.py:42)
2025-06-01 23:40:20,987 - CodeQLRunner - ERROR - Failed to build CodeQL database for polyset: NoPythonCodeFoundException: No Python code found in the repository. (logger.py:42)
2025-06-01 23:45:56,931 - CodeQLRunner - ERROR - Failed to build CodeQL database for s3url2uri: NoPythonCodeFoundException: No Python code found in the repository. (logger.py:42)
2025-06-01 23:47:11,838 - CodeQLRunner - ERROR - Failed to build CodeQL database for um-luigi-commons: NoPythonCodeFoundException: No Python code found in the repository. (logger.py:42)
2025-06-01 23:47:22,145 - CodeQLRunner - ERROR - Failed to build CodeQL database for smartbotters: NoPythonCodeFoundException: No Python code found in the repository. (logger.py:42)
2025-06-01 23:59:35,445 - CodeQLRunner - ERROR - Failed to build CodeQL database for ws-testoutput123132: NoPythonCodeFoundException: No Python code found in the repository. (logger.py:42)
2025-06-02 00:01:24,585 - CodeQLRunner - ERROR - Failed to build CodeQL database for retrollama: NoPythonCodeFoundException: No Python code found in the repository. (logger.py:42)
2025-06-02 00:01:34,012 - CodeQLRunner - ERROR - Failed to build CodeQL database for sad-locust: NoPythonCodeFoundException: No Python code found in the repository. (logger.py:42)
2025-06-02 00:06:32,490 - CodeQLRunner - ERROR - Failed to build CodeQL database for simple-experiment-tracker: NoPythonCodeFoundException: No Python code found in the repository. (logger.py:42)
2025-06-02 00:19:32,520 - CodeQLRunner - ERROR - Failed to build CodeQL database for sem-cloud: NoPythonCodeFoundException: No Python code found in the repository. (logger.py:42)
2025-06-02 00:20:49,387 - CodeQLRunner - ERROR - Failed to build CodeQL database for recsys-luigi: NoPythonCodeFoundException: No Python code found in the repository. (logger.py:42)
2025-06-02 00:22:23,105 - CodeQLRunner - ERROR - Failed to build CodeQL database for odoo13-addons-oca-stock-logistics-tracking: NoPythonCodeFoundException: No Python code found in the repository. (logger.py:42)
2025-06-02 00:27:46,916 - CodeQLRunner - ERROR - Failed to build CodeQL database for payfast-consumer: NoPythonCodeFoundException: No Python code found in the repository. (logger.py:42)
2025-06-02 00:31:07,305 - CodeQLRunner - ERROR - Failed to build CodeQL database for user-modeling-monitoring: NoPythonCodeFoundException: No Python code found in the repository. (logger.py:42)
2025-06-02 00:38:05,405 - CodeQLRunner - ERROR - Failed to build CodeQL database for testyoda: NoPythonCodeFoundException: No Python code found in the repository. (logger.py:42)
2025-06-02 00:38:14,774 - CodeQLRunner - ERROR - Failed to build CodeQL database for pyhat: NoPythonCodeFoundException: No Python code found in the repository. (logger.py:42)
2025-06-02 00:41:24,761 - CodeQLRunner - ERROR - Failed to build CodeQL database for py-pdf-reader: NoPythonCodeFoundException: No Python code found in the repository. (logger.py:42)
2025-06-02 01:05:00,125 - CodeQLRunner - ERROR - Failed to build CodeQL database for repo2singularity: NoPythonCodeFoundException: No Python code found in the repository. (logger.py:42)
2025-06-02 01:17:05,255 - CodeQLRunner - ERROR - Failed to build CodeQL database for py3botsentinel: NoPythonCodeFoundException: No Python code found in the repository. (logger.py:42)
2025-06-02 01:17:18,565 - CodeQLRunner - ERROR - Failed to build CodeQL database for py2nix: NoPythonCodeFoundException: No Python code found in the repository. (logger.py:42)
2025-06-02 01:19:00,996 - CodeQLRunner - ERROR - Failed to build CodeQL database for simple-project-template: NoPythonCodeFoundException: No Python code found in the repository. (logger.py:42)
2025-06-02 01:21:17,927 - CodeQLRunner - ERROR - Failed to build CodeQL database for openstacki18n: NoPythonCodeFoundException: No Python code found in the repository. (logger.py:42)
2025-06-02 01:21:29,878 - CodeQLRunner - ERROR - Failed to build CodeQL database for recsys-interactions-preprocessor: NoPythonCodeFoundException: No Python code found in the repository. (logger.py:42)
2025-06-02 01:28:45,343 - CodeQLRunner - ERROR - Failed to build CodeQL database for scannetwork: NoPythonCodeFoundException: No Python code found in the repository. (logger.py:42)
2025-06-02 01:31:50,856 - CodeQLRunner - ERROR - Failed to build CodeQL database for tibaredha-1: NoPythonCodeFoundException: No Python code found in the repository. (logger.py:42)
2025-06-02 01:34:47,457 - CodeQLRunner - ERROR - Failed to build CodeQL database for seller-transaction-rules-client: NoPythonCodeFoundException: No Python code found in the repository. (logger.py:42)
2025-06-02 01:43:26,829 - CodeQLRunner - ERROR - Failed to build CodeQL database for statgcb202inter: NoPythonCodeFoundException: No Python code found in the repository. (logger.py:42)
2025-06-02 01:51:05,992 - CodeQLRunner - ERROR - Failed to build CodeQL database for sniffbytes-francois-nadeau-1: NoPythonCodeFoundException: No Python code found in the repository. (logger.py:42)
2025-06-02 01:51:45,473 - CodeQLRunner - ERROR - Failed to build CodeQL database for simple-django-frame: NoPythonCodeFoundException: No Python code found in the repository. (logger.py:42)
2025-06-02 01:59:58,310 - CodeQLRunner - ERROR - Failed to build CodeQL database for pandora-pkg-py: NoPythonCodeFoundException: No Python code found in the repository. (logger.py:42)
2025-06-02 02:05:25,267 - CodeQLRunner - ERROR - Failed to build CodeQL database for pychassis: NoPythonCodeFoundException: No Python code found in the repository. (logger.py:42)
2025-06-02 02:09:28,457 - CodeQLRunner - ERROR - Failed to build CodeQL database for semgrep-test: NoPythonCodeFoundException: No Python code found in the repository. (logger.py:42)
2025-06-02 02:13:51,301 - CodeQLRunner - ERROR - Failed to build CodeQL database for postera: NoPythonCodeFoundException: No Python code found in the repository. (logger.py:42)
2025-06-02 02:29:17,358 - CodeQLRunner - ERROR - Failed to build CodeQL database for sch-testdroid: NoPythonCodeFoundException: No Python code found in the repository. (logger.py:42)
2025-06-02 02:34:36,569 - CodeQLRunner - ERROR - Failed to build CodeQL database for pychameleon: NoPythonCodeFoundException: No Python code found in the repository. (logger.py:42)
2025-06-02 02:44:08,696 - CodeQLRunner - ERROR - Failed to build CodeQL database for sharepypi: NoPythonCodeFoundException: No Python code found in the repository. (logger.py:42)
2025-06-02 02:46:46,452 - CodeQLRunner - ERROR - Failed to build CodeQL database for ret-jenkins-api: NoPythonCodeFoundException: No Python code found in the repository. (logger.py:42)
2025-06-02 02:47:40,963 - CodeQLRunner - ERROR - Failed to build CodeQL database for use-calculator-easy: NoPythonCodeFoundException: No Python code found in the repository. (logger.py:42)
2025-06-02 02:47:47,139 - CodeQLRunner - ERROR - Failed to build CodeQL database for nerf-vuer: NoPythonCodeFoundException: No Python code found in the repository. (logger.py:42)
2025-06-02 02:51:14,869 - CodeQLRunner - ERROR - Failed to build CodeQL database for ptq: NoPythonCodeFoundException: No Python code found in the repository. (logger.py:42)
2025-06-02 03:11:36,811 - CodeQLRunner - ERROR - Failed to build CodeQL database for tradebig: NoPythonCodeFoundException: No Python code found in the repository. (logger.py:42)
2025-06-02 03:16:47,158 - CodeQLRunner - ERROR - Failed to build CodeQL database for paneltimegui: NoPythonCodeFoundException: No Python code found in the repository. (logger.py:42)
2025-06-02 03:17:21,679 - CodeQLRunner - ERROR - Failed to build CodeQL database for schrovisioner: NoPythonCodeFoundException: No Python code found in the repository. (logger.py:42)
2025-06-02 03:17:44,977 - CodeQLRunner - ERROR - Failed to build CodeQL database for pystandalonehtml-donandroses: NoPythonCodeFoundException: No Python code found in the repository. (logger.py:42)
2025-06-02 03:26:14,274 - CodeQLRunner - ERROR - Failed to build CodeQL database for sms-service-client: NoPythonCodeFoundException: No Python code found in the repository. (logger.py:42)
2025-06-02 03:40:17,492 - CodeQLRunner - ERROR - Failed to build CodeQL database for yofoto-message: NoPythonCodeFoundException: No Python code found in the repository. (logger.py:42)
2025-06-02 03:41:31,201 - CodeQLRunner - ERROR - Failed to build CodeQL database for runix: NoPythonCodeFoundException: No Python code found in the repository. (logger.py:42)
2025-06-02 03:45:35,677 - CodeQLRunner - ERROR - Failed to build CodeQL database for seqencemapper: NoPythonCodeFoundException: No Python code found in the repository. (logger.py:42)
2025-06-02 03:45:38,487 - CodeQLRunner - ERROR - Failed to build CodeQL database for semgrep-pre-commit-package: NoPythonCodeFoundException: No Python code found in the repository. (logger.py:42)
2025-06-02 03:46:45,186 - CodeQLRunner - ERROR - Failed to build CodeQL database for seller-transaction-rules-service: NoPythonCodeFoundException: No Python code found in the repository. (logger.py:42)
2025-06-02 03:52:26,392 - CodeQLRunner - ERROR - Failed to build CodeQL database for stablelm: NoPythonCodeFoundException: No Python code found in the repository. (logger.py:42)
2025-06-02 03:59:19,926 - CodeQLRunner - ERROR - Failed to build CodeQL database for py-common-library: NoPythonCodeFoundException: No Python code found in the repository. (logger.py:42)
2025-06-02 04:09:39,695 - CodeQLRunner - ERROR - Failed to build CodeQL database for sidewalkgq: NoPythonCodeFoundException: No Python code found in the repository. (logger.py:42)
2025-06-02 04:14:19,759 - CodeQLRunner - ERROR - Failed to build CodeQL database for scsm-api-tests: NoPythonCodeFoundException: No Python code found in the repository. (logger.py:42)
2025-06-02 04:30:39,125 - CodeQLRunner - ERROR - Failed to build CodeQL database for sk-optom: NoPythonCodeFoundException: No Python code found in the repository. (logger.py:42)
2025-06-02 04:33:25,525 - CodeQLRunner - ERROR - Failed to build CodeQL database for shibui: NoPythonCodeFoundException: No Python code found in the repository. (logger.py:42)
2025-06-02 04:41:31,779 - CodeQLRunner - ERROR - Failed to build CodeQL database for robot-spline: NoPythonCodeFoundException: No Python code found in the repository. (logger.py:42)
2025-06-02 04:45:17,412 - CodeQLRunner - ERROR - Failed to build CodeQL database for sagongmin: NoPythonCodeFoundException: No Python code found in the repository. (logger.py:42)
2025-06-02 04:45:42,543 - CodeQLRunner - ERROR - Failed to build CodeQL database for sra-hs-lookup: NoPythonCodeFoundException: No Python code found in the repository. (logger.py:42)
2025-06-02 05:15:59,341 - CodeQLRunner - ERROR - Failed to build CodeQL database for soydrink: NoPythonCodeFoundException: No Python code found in the repository. (logger.py:42)
2025-06-02 05:21:42,915 - CodeQLRunner - ERROR - Failed to build CodeQL database for rurlemtest: NoPythonCodeFoundException: No Python code found in the repository. (logger.py:42)
2025-06-02 05:26:53,846 - CodeQLRunner - ERROR - Failed to build CodeQL database for sch-portal: NoPythonCodeFoundException: No Python code found in the repository. (logger.py:42)
2025-06-02 05:29:15,680 - CodeQLRunner - ERROR - Failed to build CodeQL database for retailtestframework: NoPythonCodeFoundException: No Python code found in the repository. (logger.py:42)
2025-06-02 05:41:32,660 - CodeQLRunner - ERROR - Failed to build CodeQL database for pystandalonehtml-hunger-games: NoPythonCodeFoundException: No Python code found in the repository. (logger.py:42)
2025-06-02 05:47:39,148 - CodeQLRunner - ERROR - Failed to build CodeQL database for polyair: NoPythonCodeFoundException: No Python code found in the repository. (logger.py:42)
2025-06-02 05:53:55,666 - CodeQLRunner - ERROR - Query timed out for scserializer: /home/class-pollution/Desktop/python-class-pollution/codeql-query/class-pollution-all/class-pollution.qls (logger.py:42)
2025-06-02 05:53:58,611 - CodeQLRunner - ERROR - Failed to run query: /home/class-pollution/Desktop/python-class-pollution/codeql-query/class-pollution-all/class-pollution.qls (logger.py:42)
2025-06-02 06:00:08,001 - CodeQLRunner - ERROR - Failed to build CodeQL database for space-korporation-library: NoPythonCodeFoundException: No Python code found in the repository. (logger.py:42)
2025-06-02 06:00:55,941 - CodeQLRunner - ERROR - Failed to build CodeQL database for show-current-time: NoPythonCodeFoundException: No Python code found in the repository. (logger.py:42)
