2025-02-09 14:44:08,799 - Result - INFO - anyio - DependencyClassPollutionTaintProp.ql.sarif: 7 flows detected. (logger.py:39)
2025-02-09 14:44:42,465 - Result - INFO - apprise - DependencyClassPollutionSink.ql.sarif: 6 flows detected. (logger.py:39)
2025-02-09 14:44:42,465 - Result - INFO - apprise - DependencyClassPollutionTaintProp.ql.sarif: 25 flows detected. (logger.py:39)
2025-02-09 14:45:01,174 - Result - INFO - attrs - DependencyClassPollutionSink.ql.sarif: 5 flows detected. (logger.py:39)
2025-02-09 14:45:01,174 - Result - INFO - attrs - DependencyClassPollutionTaintProp.ql.sarif: 44 flows detected. (logger.py:39)
2025-02-09 14:45:22,662 - Result - INFO - babel - DependencyClassPollutionSink.ql.sarif: 1 flows detected. (logger.py:39)
2025-02-09 14:45:22,662 - Result - INFO - babel - DependencyClassPollutionSource.ql.sarif: 1 flows detected. (logger.py:39)
2025-02-09 14:45:22,662 - Result - INFO - babel - DependencyClassPollutionTaintProp.ql.sarif: 90 flows detected. (logger.py:39)
2025-02-09 14:45:40,994 - Result - INFO - blinker - DependencyClassPollutionTaintProp.ql.sarif: 2 flows detected. (logger.py:39)
2025-02-09 14:45:59,181 - Result - INFO - boto3 - DependencyClassPollutionSink.ql.sarif: 4 flows detected. (logger.py:39)
2025-02-09 14:45:59,181 - Result - INFO - boto3 - DependencyClassPollutionTaintProp.ql.sarif: 13 flows detected. (logger.py:39)
2025-02-09 14:46:25,497 - Result - INFO - botocore - DependencyClassPollutionSink.ql.sarif: 13 flows detected. (logger.py:39)
2025-02-09 14:46:25,497 - Result - INFO - botocore - DependencyClassPollutionTaintProp.ql.sarif: 65 flows detected. (logger.py:39)
2025-02-09 14:46:41,859 - Result - INFO - cachetools - DependencyClassPollutionTaintProp.ql.sarif: 1 flows detected. (logger.py:39)
2025-02-09 14:47:16,947 - Result - INFO - cffi - DependencyClassPollutionSink.ql.sarif: 6 flows detected. (logger.py:39)
2025-02-09 14:47:16,947 - Result - INFO - cffi - DependencyClassPollutionTaintProp.ql.sarif: 32 flows detected. (logger.py:39)
2025-02-09 14:47:35,698 - Result - INFO - charset-normalizer - DependencyClassPollutionTaintProp.ql.sarif: 9 flows detected. (logger.py:39)
2025-02-09 14:47:55,978 - Result - INFO - click - DependencyClassPollutionTaintProp.ql.sarif: 43 flows detected. (logger.py:39)
2025-02-09 14:48:12,742 - Result - INFO - colorama - DependencyClassPollutionTaintProp.ql.sarif: 5 flows detected. (logger.py:39)
2025-02-09 14:48:46,108 - Result - INFO - contourpy - DependencyClassPollutionTaintProp.ql.sarif: 31 flows detected. (logger.py:39)
2025-02-09 14:49:03,149 - Result - INFO - croniter - DependencyClassPollutionTaintProp.ql.sarif: 9 flows detected. (logger.py:39)
2025-02-09 14:49:22,366 - Result - INFO - cryptography - DependencyClassPollutionTaintProp.ql.sarif: 30 flows detected. (logger.py:39)
2025-02-09 14:49:58,361 - Result - INFO - dateparser - DependencyClassPollutionSink.ql.sarif: 1 flows detected. (logger.py:39)
2025-02-09 14:49:58,361 - Result - INFO - dateparser - DependencyClassPollutionTaintProp.ql.sarif: 30 flows detected. (logger.py:39)
2025-02-09 14:50:14,042 - Result - INFO - defusedxml - DependencyClassPollutionTaintProp.ql.sarif: 4 flows detected. (logger.py:39)
2025-02-09 14:51:12,310 - Result - INFO - docutils - DependencyClassPollutionSink.ql.sarif: 2 flows detected. (logger.py:39)
2025-02-09 14:51:12,310 - Result - INFO - docutils - DependencyClassPollutionSource.ql.sarif: 1 flows detected. (logger.py:39)
2025-02-09 14:51:12,310 - Result - INFO - docutils - DependencyClassPollutionTaintProp.ql.sarif: 82 flows detected. (logger.py:39)
2025-02-09 14:51:28,943 - Result - INFO - dpath - DependencyClassPollutionSink.ql.sarif: 21 flows detected. (logger.py:39)
2025-02-09 14:51:28,943 - Result - INFO - dpath - DependencyClassPollutionSource.ql.sarif: 1 flows detected. (logger.py:39)
2025-02-09 14:51:28,943 - Result - INFO - dpath - DependencyClassPollutionTaintProp.ql.sarif: 20 flows detected. (logger.py:39)
2025-02-09 14:51:45,581 - Result - INFO - exceptiongroup - DependencyClassPollutionTaintProp.ql.sarif: 9 flows detected. (logger.py:39)
2025-02-09 14:52:03,700 - Result - INFO - flask - DependencyClassPollutionTaintProp.ql.sarif: 27 flows detected. (logger.py:39)
2025-02-09 14:52:55,675 - Result - INFO - fonttools - DependencyClassPollutionSink.ql.sarif: 43 flows detected. (logger.py:39)
2025-02-09 14:52:55,675 - Result - INFO - fonttools - DependencyClassPollutionSource.ql.sarif: 1 flows detected. (logger.py:39)
2025-02-09 14:52:55,675 - Result - INFO - fonttools - DependencyClassPollutionTaintProp.ql.sarif: 383 flows detected. (logger.py:39)
2025-02-09 14:53:21,662 - Result - INFO - fpdf2 - DependencyClassPollutionTaintProp.ql.sarif: 58 flows detected. (logger.py:39)
2025-02-09 14:53:38,382 - Result - INFO - freezegun - DependencyClassPollutionTaintProp.ql.sarif: 6 flows detected. (logger.py:39)
2025-02-09 14:54:09,901 - Result - INFO - future - DependencyClassPollutionSink.ql.sarif: 6 flows detected. (logger.py:39)
2025-02-09 14:54:09,901 - Result - INFO - future - DependencyClassPollutionSource.ql.sarif: 1 flows detected. (logger.py:39)
2025-02-09 14:54:09,901 - Result - INFO - future - DependencyClassPollutionTaintProp.ql.sarif: 210 flows detected. (logger.py:39)
2025-02-09 14:54:29,868 - Result - INFO - google-auth - DependencyClassPollutionSource.ql.sarif: 1 flows detected. (logger.py:39)
2025-02-09 14:54:29,868 - Result - INFO - google-auth - DependencyClassPollutionTaintProp.ql.sarif: 23 flows detected. (logger.py:39)
2025-02-09 14:54:49,001 - Result - INFO - gotrue - DependencyClassPollutionTaintProp.ql.sarif: 3 flows detected. (logger.py:39)
2025-02-09 14:55:08,293 - Result - INFO - h11 - DependencyClassPollutionTaintProp.ql.sarif: 5 flows detected. (logger.py:39)
2025-02-09 14:55:26,963 - Result - INFO - hikaru-core - DependencyClassPollutionSink.ql.sarif: 1 flows detected. (logger.py:39)
2025-02-09 14:55:26,963 - Result - INFO - hikaru-core - DependencyClassPollutionTaintProp.ql.sarif: 13 flows detected. (logger.py:39)
2025-02-09 14:56:26,974 - Result - INFO - httpcore - DependencyClassPollutionTaintProp.ql.sarif: 7 flows detected. (logger.py:39)
2025-02-09 14:56:47,342 - Result - INFO - httpx - DependencyClassPollutionSink.ql.sarif: 1 flows detected. (logger.py:39)
2025-02-09 14:56:47,342 - Result - INFO - httpx - DependencyClassPollutionTaintProp.ql.sarif: 25 flows detected. (logger.py:39)
2025-02-09 14:57:03,859 - Result - INFO - humanize - DependencyClassPollutionTaintProp.ql.sarif: 24 flows detected. (logger.py:39)
2025-02-09 14:57:22,203 - Result - INFO - idna - DependencyClassPollutionTaintProp.ql.sarif: 8 flows detected. (logger.py:39)
2025-02-09 14:57:37,809 - Result - INFO - imagesize - DependencyClassPollutionTaintProp.ql.sarif: 2 flows detected. (logger.py:39)
2025-02-09 14:57:53,991 - Result - INFO - importlib-metadata - DependencyClassPollutionTaintProp.ql.sarif: 11 flows detected. (logger.py:39)
2025-02-09 14:58:10,517 - Result - INFO - importlib-resources - DependencyClassPollutionSource.ql.sarif: 1 flows detected. (logger.py:39)
2025-02-09 14:58:10,517 - Result - INFO - importlib-resources - DependencyClassPollutionTaintProp.ql.sarif: 13 flows detected. (logger.py:39)
2025-02-09 14:58:26,631 - Result - INFO - itsdangerous - DependencyClassPollutionTaintProp.ql.sarif: 4 flows detected. (logger.py:39)
2025-02-09 14:58:47,739 - Result - INFO - jinja2 - DependencyClassPollutionSink.ql.sarif: 1 flows detected. (logger.py:39)
2025-02-09 14:58:47,739 - Result - INFO - jinja2 - DependencyClassPollutionTaintProp.ql.sarif: 59 flows detected. (logger.py:39)
2025-02-09 14:59:05,087 - Result - INFO - jmespath - DependencyClassPollutionTaintProp.ql.sarif: 23 flows detected. (logger.py:39)
2025-02-09 15:00:31,494 - Result - INFO - markdown - DependencyClassPollutionSource.ql.sarif: 1 flows detected. (logger.py:39)
2025-02-09 15:00:31,494 - Result - INFO - markdown - DependencyClassPollutionTaintProp.ql.sarif: 25 flows detected. (logger.py:39)
2025-02-09 15:00:50,291 - Result - INFO - markdown2 - DependencyClassPollutionTaintProp.ql.sarif: 10 flows detected. (logger.py:39)
2025-02-09 15:01:05,535 - Result - INFO - markupsafe - DependencyClassPollutionTaintProp.ql.sarif: 2 flows detected. (logger.py:39)
2025-02-09 15:02:17,647 - Result - INFO - matplotlib - DependencyClassPollutionSink.ql.sarif: 5 flows detected. (logger.py:39)
2025-02-09 15:02:17,647 - Result - INFO - matplotlib - DependencyClassPollutionTaintProp.ql.sarif: 228 flows detected. (logger.py:39)
2025-02-09 15:06:29,391 - Result - INFO - numpy - DependencyClassPollutionSource.ql.sarif: 4 flows detected. (logger.py:39)
2025-02-09 15:06:29,391 - Result - INFO - numpy - DependencyClassPollutionTaintProp.ql.sarif: 820 flows detected. (logger.py:39)
2025-02-09 15:06:50,669 - Result - INFO - oauthlib - DependencyClassPollutionSource.ql.sarif: 1 flows detected. (logger.py:39)
2025-02-09 15:06:50,669 - Result - INFO - oauthlib - DependencyClassPollutionTaintProp.ql.sarif: 21 flows detected. (logger.py:39)
2025-02-09 15:07:13,112 - Result - INFO - opsgenie-sdk - DependencyClassPollutionTaintProp.ql.sarif: 285 flows detected. (logger.py:39)
2025-02-09 15:07:32,371 - Result - INFO - packaging - DependencyClassPollutionTaintProp.ql.sarif: 25 flows detected. (logger.py:39)
2025-02-09 15:12:53,433 - Result - INFO - anyio - DependencyClassPollutionTaintProp.ql.sarif: 7 flows detected. (logger.py:39)
2025-02-09 15:25:39,259 - Result - INFO - anyio - DependencyClassPollutionTaintProp.ql.sarif: 7 flows detected. (logger.py:39)
2025-02-09 15:26:12,576 - Result - INFO - apprise - DependencyClassPollutionSink.ql.sarif: 6 flows detected. (logger.py:39)
2025-02-09 15:26:12,576 - Result - INFO - apprise - DependencyClassPollutionTaintProp.ql.sarif: 25 flows detected. (logger.py:39)
2025-02-09 15:26:31,513 - Result - INFO - attrs - DependencyClassPollutionSink.ql.sarif: 5 flows detected. (logger.py:39)
2025-02-09 15:26:31,513 - Result - INFO - attrs - DependencyClassPollutionTaintProp.ql.sarif: 44 flows detected. (logger.py:39)
2025-02-09 15:26:53,108 - Result - INFO - babel - DependencyClassPollutionSink.ql.sarif: 1 flows detected. (logger.py:39)
2025-02-09 15:26:53,108 - Result - INFO - babel - DependencyClassPollutionSource.ql.sarif: 1 flows detected. (logger.py:39)
2025-02-09 15:26:53,108 - Result - INFO - babel - DependencyClassPollutionTaintProp.ql.sarif: 90 flows detected. (logger.py:39)
2025-02-09 15:27:11,396 - Result - INFO - blinker - DependencyClassPollutionTaintProp.ql.sarif: 2 flows detected. (logger.py:39)
2025-02-09 15:27:29,285 - Result - INFO - boto3 - DependencyClassPollutionSink.ql.sarif: 4 flows detected. (logger.py:39)
2025-02-09 15:27:29,285 - Result - INFO - boto3 - DependencyClassPollutionTaintProp.ql.sarif: 13 flows detected. (logger.py:39)
2025-02-09 15:27:55,170 - Result - INFO - botocore - DependencyClassPollutionSink.ql.sarif: 13 flows detected. (logger.py:39)
2025-02-09 15:27:55,170 - Result - INFO - botocore - DependencyClassPollutionTaintProp.ql.sarif: 65 flows detected. (logger.py:39)
2025-02-09 15:28:11,719 - Result - INFO - cachetools - DependencyClassPollutionTaintProp.ql.sarif: 1 flows detected. (logger.py:39)
2025-02-09 15:28:46,629 - Result - INFO - cffi - DependencyClassPollutionSink.ql.sarif: 6 flows detected. (logger.py:39)
2025-02-09 15:28:46,629 - Result - INFO - cffi - DependencyClassPollutionTaintProp.ql.sarif: 32 flows detected. (logger.py:39)
2025-02-09 15:29:05,281 - Result - INFO - charset-normalizer - DependencyClassPollutionTaintProp.ql.sarif: 9 flows detected. (logger.py:39)
2025-02-09 15:29:25,060 - Result - INFO - click - DependencyClassPollutionTaintProp.ql.sarif: 43 flows detected. (logger.py:39)
2025-02-09 15:29:41,588 - Result - INFO - colorama - DependencyClassPollutionTaintProp.ql.sarif: 5 flows detected. (logger.py:39)
2025-02-09 15:30:15,060 - Result - INFO - contourpy - DependencyClassPollutionTaintProp.ql.sarif: 31 flows detected. (logger.py:39)
2025-02-09 15:30:31,952 - Result - INFO - croniter - DependencyClassPollutionTaintProp.ql.sarif: 9 flows detected. (logger.py:39)
2025-02-09 15:30:51,383 - Result - INFO - cryptography - DependencyClassPollutionTaintProp.ql.sarif: 30 flows detected. (logger.py:39)
2025-02-09 15:31:28,108 - Result - INFO - dateparser - DependencyClassPollutionSink.ql.sarif: 1 flows detected. (logger.py:39)
2025-02-09 15:31:28,108 - Result - INFO - dateparser - DependencyClassPollutionTaintProp.ql.sarif: 30 flows detected. (logger.py:39)
2025-02-09 15:31:43,508 - Result - INFO - defusedxml - DependencyClassPollutionTaintProp.ql.sarif: 4 flows detected. (logger.py:39)
2025-02-09 15:32:41,030 - Result - INFO - docutils - DependencyClassPollutionSink.ql.sarif: 2 flows detected. (logger.py:39)
2025-02-09 15:32:41,030 - Result - INFO - docutils - DependencyClassPollutionSource.ql.sarif: 1 flows detected. (logger.py:39)
2025-02-09 15:32:41,030 - Result - INFO - docutils - DependencyClassPollutionTaintProp.ql.sarif: 82 flows detected. (logger.py:39)
2025-02-09 15:32:57,685 - Result - INFO - dpath - DependencyClassPollutionSink.ql.sarif: 21 flows detected. (logger.py:39)
2025-02-09 15:32:57,685 - Result - INFO - dpath - DependencyClassPollutionSource.ql.sarif: 1 flows detected. (logger.py:39)
2025-02-09 15:32:57,685 - Result - INFO - dpath - DependencyClassPollutionTaintProp.ql.sarif: 20 flows detected. (logger.py:39)
2025-02-09 15:33:14,421 - Result - INFO - exceptiongroup - DependencyClassPollutionTaintProp.ql.sarif: 9 flows detected. (logger.py:39)
2025-02-09 15:33:32,146 - Result - INFO - flask - DependencyClassPollutionTaintProp.ql.sarif: 27 flows detected. (logger.py:39)
2025-02-09 15:34:24,956 - Result - INFO - fonttools - DependencyClassPollutionSink.ql.sarif: 43 flows detected. (logger.py:39)
2025-02-09 15:34:24,956 - Result - INFO - fonttools - DependencyClassPollutionSource.ql.sarif: 1 flows detected. (logger.py:39)
2025-02-09 15:34:24,956 - Result - INFO - fonttools - DependencyClassPollutionTaintProp.ql.sarif: 383 flows detected. (logger.py:39)
2025-02-09 15:34:51,800 - Result - INFO - fpdf2 - DependencyClassPollutionTaintProp.ql.sarif: 58 flows detected. (logger.py:39)
2025-02-09 15:35:08,672 - Result - INFO - freezegun - DependencyClassPollutionTaintProp.ql.sarif: 6 flows detected. (logger.py:39)
2025-02-09 15:35:40,634 - Result - INFO - future - DependencyClassPollutionSink.ql.sarif: 6 flows detected. (logger.py:39)
2025-02-09 15:35:40,634 - Result - INFO - future - DependencyClassPollutionSource.ql.sarif: 1 flows detected. (logger.py:39)
2025-02-09 15:35:40,634 - Result - INFO - future - DependencyClassPollutionTaintProp.ql.sarif: 210 flows detected. (logger.py:39)
2025-02-09 15:35:59,349 - Result - INFO - google-auth - DependencyClassPollutionSource.ql.sarif: 1 flows detected. (logger.py:39)
2025-02-09 15:35:59,349 - Result - INFO - google-auth - DependencyClassPollutionTaintProp.ql.sarif: 23 flows detected. (logger.py:39)
2025-02-09 15:36:17,210 - Result - INFO - gotrue - DependencyClassPollutionTaintProp.ql.sarif: 3 flows detected. (logger.py:39)
2025-02-09 15:36:36,367 - Result - INFO - h11 - DependencyClassPollutionTaintProp.ql.sarif: 5 flows detected. (logger.py:39)
2025-02-09 15:36:54,603 - Result - INFO - hikaru-core - DependencyClassPollutionSink.ql.sarif: 1 flows detected. (logger.py:39)
2025-02-09 15:36:54,603 - Result - INFO - hikaru-core - DependencyClassPollutionTaintProp.ql.sarif: 13 flows detected. (logger.py:39)
2025-02-09 15:37:54,355 - Result - INFO - httpcore - DependencyClassPollutionTaintProp.ql.sarif: 7 flows detected. (logger.py:39)
2025-02-09 15:38:14,659 - Result - INFO - httpx - DependencyClassPollutionSink.ql.sarif: 1 flows detected. (logger.py:39)
2025-02-09 15:38:14,659 - Result - INFO - httpx - DependencyClassPollutionTaintProp.ql.sarif: 25 flows detected. (logger.py:39)
2025-02-09 15:38:30,962 - Result - INFO - humanize - DependencyClassPollutionTaintProp.ql.sarif: 24 flows detected. (logger.py:39)
2025-02-09 15:38:49,528 - Result - INFO - idna - DependencyClassPollutionTaintProp.ql.sarif: 8 flows detected. (logger.py:39)
2025-02-09 15:39:04,974 - Result - INFO - imagesize - DependencyClassPollutionTaintProp.ql.sarif: 2 flows detected. (logger.py:39)
2025-02-09 15:39:21,250 - Result - INFO - importlib-metadata - DependencyClassPollutionTaintProp.ql.sarif: 11 flows detected. (logger.py:39)
2025-02-09 15:39:37,843 - Result - INFO - importlib-resources - DependencyClassPollutionSource.ql.sarif: 1 flows detected. (logger.py:39)
2025-02-09 15:39:37,843 - Result - INFO - importlib-resources - DependencyClassPollutionTaintProp.ql.sarif: 13 flows detected. (logger.py:39)
2025-02-09 15:39:54,428 - Result - INFO - itsdangerous - DependencyClassPollutionTaintProp.ql.sarif: 4 flows detected. (logger.py:39)
2025-02-09 15:40:15,761 - Result - INFO - jinja2 - DependencyClassPollutionSink.ql.sarif: 1 flows detected. (logger.py:39)
2025-02-09 15:40:15,761 - Result - INFO - jinja2 - DependencyClassPollutionTaintProp.ql.sarif: 59 flows detected. (logger.py:39)
2025-02-09 15:40:33,070 - Result - INFO - jmespath - DependencyClassPollutionTaintProp.ql.sarif: 23 flows detected. (logger.py:39)
2025-02-09 15:42:06,752 - Result - INFO - kubernetes - DependencyClassPollutionTaintProp.ql.sarif: 1445 flows detected. (logger.py:39)
2025-02-09 15:42:26,486 - Result - INFO - markdown - DependencyClassPollutionSource.ql.sarif: 1 flows detected. (logger.py:39)
2025-02-09 15:42:26,486 - Result - INFO - markdown - DependencyClassPollutionTaintProp.ql.sarif: 25 flows detected. (logger.py:39)
2025-02-09 15:42:46,112 - Result - INFO - markdown2 - DependencyClassPollutionTaintProp.ql.sarif: 10 flows detected. (logger.py:39)
2025-02-09 15:43:01,386 - Result - INFO - markupsafe - DependencyClassPollutionTaintProp.ql.sarif: 2 flows detected. (logger.py:39)
2025-02-09 15:44:14,264 - Result - INFO - matplotlib - DependencyClassPollutionSink.ql.sarif: 5 flows detected. (logger.py:39)
2025-02-09 15:44:14,264 - Result - INFO - matplotlib - DependencyClassPollutionTaintProp.ql.sarif: 228 flows detected. (logger.py:39)
2025-02-09 15:48:26,557 - Result - INFO - numpy - DependencyClassPollutionSource.ql.sarif: 4 flows detected. (logger.py:39)
2025-02-09 15:48:26,557 - Result - INFO - numpy - DependencyClassPollutionTaintProp.ql.sarif: 820 flows detected. (logger.py:39)
2025-02-09 15:48:46,930 - Result - INFO - oauthlib - DependencyClassPollutionSource.ql.sarif: 1 flows detected. (logger.py:39)
2025-02-09 15:48:46,930 - Result - INFO - oauthlib - DependencyClassPollutionTaintProp.ql.sarif: 21 flows detected. (logger.py:39)
2025-02-09 15:49:08,626 - Result - INFO - opsgenie-sdk - DependencyClassPollutionTaintProp.ql.sarif: 285 flows detected. (logger.py:39)
2025-02-09 15:49:26,768 - Result - INFO - packaging - DependencyClassPollutionTaintProp.ql.sarif: 25 flows detected. (logger.py:39)
2025-02-09 15:57:15,955 - Result - INFO - attrs - DependencyClassPollutionSink.ql.sarif: 5 flows detected. (logger.py:39)
2025-02-09 15:57:15,955 - Result - INFO - attrs - DependencyClassPollutionTaintProp.ql.sarif: 44 flows detected. (logger.py:39)
2025-02-09 15:57:37,241 - Result - INFO - boltons - DependencyClassPollutionTaintProp.ql.sarif: 100 flows detected. (logger.py:39)
2025-02-09 15:57:54,042 - Result - INFO - cachetools - DependencyClassPollutionTaintProp.ql.sarif: 1 flows detected. (logger.py:39)
2025-02-09 15:58:14,493 - Result - INFO - chardet - DependencyClassPollutionTaintProp.ql.sarif: 1 flows detected. (logger.py:39)
2025-02-09 15:58:30,831 - Result - INFO - colorama - DependencyClassPollutionTaintProp.ql.sarif: 5 flows detected. (logger.py:39)
2025-02-09 15:58:52,311 - Result - INFO - coverage - DependencyClassPollutionSink.ql.sarif: 1 flows detected. (logger.py:39)
2025-02-09 15:58:52,311 - Result - INFO - coverage - DependencyClassPollutionSource.ql.sarif: 1 flows detected. (logger.py:39)
2025-02-09 15:58:52,311 - Result - INFO - coverage - DependencyClassPollutionTaintProp.ql.sarif: 57 flows detected. (logger.py:39)
2025-02-09 15:59:13,198 - Result - INFO - distlib - DependencyClassPollutionTaintProp.ql.sarif: 43 flows detected. (logger.py:39)
2025-02-09 15:59:30,043 - Result - INFO - exceptiongroup - DependencyClassPollutionTaintProp.ql.sarif: 9 flows detected. (logger.py:39)
2025-02-09 15:59:49,143 - Result - INFO - face - DependencyClassPollutionSink.ql.sarif: 3 flows detected. (logger.py:39)
2025-02-09 15:59:49,143 - Result - INFO - face - DependencyClassPollutionTaintProp.ql.sarif: 38 flows detected. (logger.py:39)
2025-02-09 16:00:20,729 - Result - INFO - importlib-metadata - DependencyClassPollutionTaintProp.ql.sarif: 11 flows detected. (logger.py:39)
2025-02-09 16:00:36,396 - Result - INFO - iniconfig - DependencyClassPollutionTaintProp.ql.sarif: 1 flows detected. (logger.py:39)
2025-02-09 16:00:54,548 - Result - INFO - packaging - DependencyClassPollutionTaintProp.ql.sarif: 25 flows detected. (logger.py:39)
2025-02-09 16:01:10,331 - Result - INFO - platformdirs - DependencyClassPollutionTaintProp.ql.sarif: 1 flows detected. (logger.py:39)
2025-02-09 16:01:27,083 - Result - INFO - pluggy - DependencyClassPollutionTaintProp.ql.sarif: 3 flows detected. (logger.py:39)
2025-02-09 16:02:07,398 - Result - INFO - pytest - DependencyClassPollutionSink.ql.sarif: 2 flows detected. (logger.py:39)
2025-02-09 16:02:07,398 - Result - INFO - pytest - DependencyClassPollutionSource.ql.sarif: 2 flows detected. (logger.py:39)
2025-02-09 16:02:07,398 - Result - INFO - pytest - DependencyClassPollutionTaintProp.ql.sarif: 111 flows detected. (logger.py:39)
2025-02-09 16:02:29,779 - Result - INFO - pyyaml - DependencyClassPollutionSink.ql.sarif: 3 flows detected. (logger.py:39)
2025-02-09 16:02:46,902 - Result - INFO - tomli - DependencyClassPollutionTaintProp.ql.sarif: 19 flows detected. (logger.py:39)
2025-02-09 16:03:08,236 - Result - INFO - tox - DependencyClassPollutionTaintProp.ql.sarif: 39 flows detected. (logger.py:39)
2025-02-09 16:03:25,804 - Result - INFO - typing-extensions - DependencyClassPollutionTaintProp.ql.sarif: 19 flows detected. (logger.py:39)
2025-02-09 16:03:45,709 - Result - INFO - virtualenv - DependencyClassPollutionTaintProp.ql.sarif: 17 flows detected. (logger.py:39)
2025-02-09 16:04:02,151 - Result - INFO - zipp - DependencyClassPollutionTaintProp.ql.sarif: 3 flows detected. (logger.py:39)
