2025-01-19 17:23:41,665 - WORKER_RESULT - INFO - https://github.com/adamghill/django-unicorn - MultiLevelClassPollutionQuery.ql.sarif: 1 flows detected. (run.py:272)
2025-01-19 17:23:53,760 - WORKER_RESULT - INFO - https://github.com/johnmarktaylor91/torchlens - MultiLevelClassPollutionQuery.ql.sarif: 1 flows detected. (run.py:272)
2025-01-19 17:24:31,531 - WORKER_RESULT - INFO - https://github.com/isaac-sim/IsaacLab - MultiLevelClassPollutionQuery.ql.sarif: 3 flows detected. (run.py:272)
2025-01-19 17:24:38,725 - WORKER_RESULT - INFO - https://github.com/frmdstryr/magicattr - MultiLevelClassPollutionQuery.ql.sarif: 1 flows detected. (run.py:272)
2025-01-19 17:25:03,055 - WORKER_RESULT - INFO - https://github.com/google/mesop - MultiLevelClassPollutionQuery.ql.sarif: 3 flows detected. (run.py:272)
2025-01-19 17:25:14,508 - WORKER_RESULT - INFO - https://github.com/mahmoud/glom - MultiLevelClassPollutionQuery.ql.sarif: 40 flows detected. (run.py:272)
2025-01-19 17:26:02,777 - WORKER_RESULT - INFO - https://github.com/allegroai/clearml - MultiLevelClassPollutionQuery.ql.sarif: 9 flows detected. (run.py:272)
2025-01-19 17:26:27,340 - WORKER_RESULT - INFO - https://github.com/aphp/edsnlp - MultiLevelClassPollutionQuery.ql.sarif: 27 flows detected. (run.py:272)
2025-01-19 17:26:35,272 - WORKER_RESULT - INFO - https://github.com/dansimau/pystringattr - MultiLevelClassPollutionQuery.ql.sarif: 15 flows detected. (run.py:272)
2025-01-19 17:26:52,680 - WORKER_RESULT - INFO - https://github.com/tournesol-app/tournesol - MultiLevelClassPollutionQuery.ql.sarif: 5 flows detected. (run.py:272)
2025-01-19 17:27:08,132 - WORKER_RESULT - INFO - https://github.com/vacancy/Jacinle - MultiLevelClassPollutionQuery.ql.sarif: 3 flows detected. (run.py:272)
2025-01-19 17:27:47,074 - WORKER_RESULT - INFO - https://github.com/openvinotoolkit/training_extensions - MultiLevelClassPollutionQuery.ql.sarif: 4 flows detected. (run.py:272)
2025-01-19 17:28:00,378 - WORKER_RESULT - INFO - https://github.com/dgilland/pydash - MultiLevelClassPollutionQuery.ql.sarif: 97 flows detected. (run.py:272)
2025-01-19 17:28:12,811 - WORKER_RESULT - INFO - https://github.com/rivenmedia/riven - MultiLevelClassPollutionQuery.ql.sarif: 10 flows detected. (run.py:272)
2025-01-19 17:28:23,053 - WORKER_RESULT - INFO - https://github.com/theilem/uavSim - MultiLevelClassPollutionQuery.ql.sarif: 18 flows detected. (run.py:272)
2025-01-19 17:29:47,348 - WORKER_RESULT - INFO - https://github.com/CiscoTestAutomation/genielibs - MultiLevelClassPollutionQuery.ql.sarif: 5 flows detected. (run.py:272)
2025-01-19 17:29:56,696 - WORKER_RESULT - INFO - https://github.com/nalgeon/pokitoki - MultiLevelClassPollutionQuery.ql.sarif: 15 flows detected. (run.py:272)
2025-01-19 17:30:12,869 - WORKER_RESULT - INFO - https://github.com/robusta-dev/robusta - MultiLevelClassPollutionQuery.ql.sarif: 3 flows detected. (run.py:272)
2025-01-19 17:30:59,155 - WORKER_RESULT - INFO - https://github.com/someengineering/fixinventory - MultiLevelClassPollutionQuery.ql.sarif: 1 flows detected. (run.py:272)
2025-01-19 17:46:00,329 - WORKER_RESULT - INFO - https://github.com/datahub-project/datahub - MultiLevelClassPollutionQuery.ql.sarif: 6 flows detected. (run.py:272)
2025-01-19 17:46:10,505 - WORKER_RESULT - INFO - https://github.com/ServiceNow/AgentLab - MultiLevelClassPollutionQuery.ql.sarif: 2 flows detected. (run.py:272)
2025-01-19 17:47:41,887 - WORKER_RESULT - INFO - https://github.com/tatuylonen/wiktextract - MultiLevelClassPollutionQuery.ql.sarif: 46 flows detected. (run.py:272)
2025-01-19 17:47:54,344 - WORKER_RESULT - INFO - https://github.com/nebari-dev/nebari - MultiLevelClassPollutionQuery.ql.sarif: 7 flows detected. (run.py:272)
2025-01-19 17:48:03,476 - WORKER_RESULT - INFO - https://github.com/hardbyte/netchecks - MultiLevelClassPollutionQuery.ql.sarif: 2 flows detected. (run.py:272)
2025-01-19 17:48:14,259 - WORKER_RESULT - INFO - https://github.com/joerick/pyinstrument - MultiLevelClassPollutionQuery.ql.sarif: 4 flows detected. (run.py:272)
2025-01-19 17:48:28,584 - WORKER_RESULT - INFO - https://github.com/seperman/deepdiff - MultiLevelClassPollutionQuery.ql.sarif: 5 flows detected. (run.py:272)
2025-01-28 19:05:44,492 - WORKER_RESULT - INFO - azure-cli-core - MultiLevelClassPollutionQuery.ql.sarif: 87 flows detected. (run.py:272)
