2025-02-28 15:24:03,306 - CodeQLRunner - INFO - Building CodeQL database for: /home/jackfromeast/Desktop/python-class-pollution/tasks/class-pollution-other-1K/output/fairseq/codebase (logger.py:42)
2025-02-28 15:24:18,593 - CodeQLRunner - INFO - CodeQL database created successfully at /home/jackfromeast/Desktop/python-class-pollution/tasks/class-pollution-other-1K/output/fairseq/codeql-db (logger.py:42)
2025-02-28 15:24:18,593 - CodeQLRunner - INFO - Running CodeQL queries on database: /home/jackfromeast/Desktop/python-class-pollution/tasks/class-pollution-other-1K/output/fairseq/codeql-db (logger.py:42)
2025-02-28 15:24:18,593 - CodeQLRunner - INFO - Running query: /home/jackfromeast/Desktop/python-class-pollution/codeql-query/class-pollution-all/query/MultiLevelClassPollutionQueryNewSetAttrGetAttr.ql (logger.py:42)
2025-02-28 15:26:51,658 - CodeQLRunner - INFO - Query /home/jackfromeast/Desktop/python-class-pollution/codeql-query/class-pollution-all/query/MultiLevelClassPollutionQueryNewSetAttrGetAttr.ql executed successfully. Results saved to /home/jackfromeast/Desktop/python-class-pollution/tasks/class-pollution-other-1K/output/fairseq/results/MultiLevelClassPollutionQueryNewSetAttrGetAttr.ql.sarif (logger.py:42)
2025-02-28 15:26:51,658 - CodeQLRunner - INFO - Query completed successfully: /home/jackfromeast/Desktop/python-class-pollution/codeql-query/class-pollution-all/query/MultiLevelClassPollutionQueryNewSetAttrGetAttr.ql (logger.py:42)
2025-02-28 15:26:51,658 - CodeQLRunner - INFO - Running query: /home/jackfromeast/Desktop/python-class-pollution/codeql-query/class-pollution-all/query/MultiLevelClassPollutionQueryNewSetAttrGetBoth.ql (logger.py:42)
2025-02-28 15:28:52,156 - CodeQLRunner - INFO - Query /home/jackfromeast/Desktop/python-class-pollution/codeql-query/class-pollution-all/query/MultiLevelClassPollutionQueryNewSetAttrGetBoth.ql executed successfully. Results saved to /home/jackfromeast/Desktop/python-class-pollution/tasks/class-pollution-other-1K/output/fairseq/results/MultiLevelClassPollutionQueryNewSetAttrGetBoth.ql.sarif (logger.py:42)
2025-02-28 15:28:52,156 - CodeQLRunner - INFO - Query completed successfully: /home/jackfromeast/Desktop/python-class-pollution/codeql-query/class-pollution-all/query/MultiLevelClassPollutionQueryNewSetAttrGetBoth.ql (logger.py:42)
2025-02-28 15:28:52,156 - CodeQLRunner - INFO - Running query: /home/jackfromeast/Desktop/python-class-pollution/codeql-query/class-pollution-all/query/MultiLevelClassPollutionQueryNewSetItemGetAttr.ql (logger.py:42)
2025-02-28 15:30:50,969 - CodeQLRunner - INFO - Query /home/jackfromeast/Desktop/python-class-pollution/codeql-query/class-pollution-all/query/MultiLevelClassPollutionQueryNewSetItemGetAttr.ql executed successfully. Results saved to /home/jackfromeast/Desktop/python-class-pollution/tasks/class-pollution-other-1K/output/fairseq/results/MultiLevelClassPollutionQueryNewSetItemGetAttr.ql.sarif (logger.py:42)
2025-02-28 15:30:50,970 - CodeQLRunner - INFO - Query completed successfully: /home/jackfromeast/Desktop/python-class-pollution/codeql-query/class-pollution-all/query/MultiLevelClassPollutionQueryNewSetItemGetAttr.ql (logger.py:42)
2025-02-28 15:30:50,970 - CodeQLRunner - INFO - Running query: /home/jackfromeast/Desktop/python-class-pollution/codeql-query/class-pollution-all/query/MultiLevelClassPollutionQueryNewSetItemGetBoth.ql (logger.py:42)
2025-02-28 15:32:43,035 - CodeQLRunner - INFO - Query /home/jackfromeast/Desktop/python-class-pollution/codeql-query/class-pollution-all/query/MultiLevelClassPollutionQueryNewSetItemGetBoth.ql executed successfully. Results saved to /home/jackfromeast/Desktop/python-class-pollution/tasks/class-pollution-other-1K/output/fairseq/results/MultiLevelClassPollutionQueryNewSetItemGetBoth.ql.sarif (logger.py:42)
2025-02-28 15:32:43,035 - CodeQLRunner - INFO - Query completed successfully: /home/jackfromeast/Desktop/python-class-pollution/codeql-query/class-pollution-all/query/MultiLevelClassPollutionQueryNewSetItemGetBoth.ql (logger.py:42)
2025-02-28 15:32:43,035 - CodeQLRunner - INFO - Summarizing CodeQL results... (logger.py:42)
2025-02-28 15:32:43,039 - CodeQLRunner - INFO - Processed /home/jackfromeast/Desktop/python-class-pollution/tasks/class-pollution-other-1K/output/fairseq/results/MultiLevelClassPollutionQueryNewSetAttrGetBoth.ql.sarif: 0 flows detected. (logger.py:42)
2025-02-28 15:32:43,041 - CodeQLRunner - INFO - Processed /home/jackfromeast/Desktop/python-class-pollution/tasks/class-pollution-other-1K/output/fairseq/results/MultiLevelClassPollutionQueryNewSetAttrGetAttr.ql.sarif: 3 flows detected. (logger.py:42)
2025-02-28 15:32:43,044 - CodeQLRunner - INFO - Processed /home/jackfromeast/Desktop/python-class-pollution/tasks/class-pollution-other-1K/output/fairseq/results/MultiLevelClassPollutionQueryNewSetItemGetBoth.ql.sarif: 0 flows detected. (logger.py:42)
2025-02-28 15:32:43,047 - CodeQLRunner - INFO - Processed /home/jackfromeast/Desktop/python-class-pollution/tasks/class-pollution-other-1K/output/fairseq/results/MultiLevelClassPollutionQueryNewSetItemGetAttr.ql.sarif: 0 flows detected. (logger.py:42)
2025-02-28 15:32:43,047 - CodeQLRunner - INFO - Summary saved to /home/jackfromeast/Desktop/python-class-pollution/tasks/class-pollution-other-1K/output/fairseq/results/summary.json (logger.py:42)
