2025-02-09 15:42:08,666 - CodeQLRunner - INFO - Building CodeQL database for: /home/jackfromeast/Desktop/python-class-pollution/tasks/dependency-check-1K-r1/output/robusta/dependency/output/markdown/codebase (logger.py:41)
2025-02-09 15:42:10,851 - CodeQLRunner - INFO - CodeQL database created successfully at /home/jackfromeast/Desktop/python-class-pollution/tasks/dependency-check-1K-r1/output/robusta/dependency/output/markdown/codeql-db (logger.py:41)
2025-02-09 15:42:10,851 - CodeQLRunner - INFO - Running CodeQL queries on database: /home/jackfromeast/Desktop/python-class-pollution/tasks/dependency-check-1K-r1/output/robusta/dependency/output/markdown/codeql-db (logger.py:41)
2025-02-09 15:42:10,852 - CodeQLRunner - INFO - Running query: /home/jackfromeast/Desktop/python-class-pollution/codeql-query/class-pollution-all/query/DependencyClassPollutionSource.ql (logger.py:41)
2025-02-09 15:42:17,441 - CodeQLRunner - INFO - Query /home/jackfromeast/Desktop/python-class-pollution/codeql-query/class-pollution-all/query/DependencyClassPollutionSource.ql executed successfully. Results saved to /home/jackfromeast/Desktop/python-class-pollution/tasks/dependency-check-1K-r1/output/robusta/dependency/output/markdown/results/DependencyClassPollutionSource.ql.sarif (logger.py:41)
2025-02-09 15:42:17,441 - CodeQLRunner - INFO - Query completed successfully: /home/jackfromeast/Desktop/python-class-pollution/codeql-query/class-pollution-all/query/DependencyClassPollutionSource.ql (logger.py:41)
2025-02-09 15:42:17,441 - CodeQLRunner - INFO - Running query: /home/jackfromeast/Desktop/python-class-pollution/codeql-query/class-pollution-all/query/DependencyClassPollutionSink.ql (logger.py:41)
2025-02-09 15:42:21,852 - CodeQLRunner - INFO - Query /home/jackfromeast/Desktop/python-class-pollution/codeql-query/class-pollution-all/query/DependencyClassPollutionSink.ql executed successfully. Results saved to /home/jackfromeast/Desktop/python-class-pollution/tasks/dependency-check-1K-r1/output/robusta/dependency/output/markdown/results/DependencyClassPollutionSink.ql.sarif (logger.py:41)
2025-02-09 15:42:21,852 - CodeQLRunner - INFO - Query completed successfully: /home/jackfromeast/Desktop/python-class-pollution/codeql-query/class-pollution-all/query/DependencyClassPollutionSink.ql (logger.py:41)
2025-02-09 15:42:21,852 - CodeQLRunner - INFO - Running query: /home/jackfromeast/Desktop/python-class-pollution/codeql-query/class-pollution-all/query/DependencyClassPollutionTaintProp.ql (logger.py:41)
2025-02-09 15:42:26,485 - CodeQLRunner - INFO - Query /home/jackfromeast/Desktop/python-class-pollution/codeql-query/class-pollution-all/query/DependencyClassPollutionTaintProp.ql executed successfully. Results saved to /home/jackfromeast/Desktop/python-class-pollution/tasks/dependency-check-1K-r1/output/robusta/dependency/output/markdown/results/DependencyClassPollutionTaintProp.ql.sarif (logger.py:41)
2025-02-09 15:42:26,486 - CodeQLRunner - INFO - Query completed successfully: /home/jackfromeast/Desktop/python-class-pollution/codeql-query/class-pollution-all/query/DependencyClassPollutionTaintProp.ql (logger.py:41)
2025-02-09 15:42:26,486 - CodeQLRunner - INFO - Summarizing CodeQL results... (logger.py:41)
2025-02-09 15:42:26,486 - CodeQLRunner - INFO - Processed /home/jackfromeast/Desktop/python-class-pollution/tasks/dependency-check-1K-r1/output/robusta/dependency/output/markdown/results/DependencyClassPollutionSink.ql.sarif: 0 flows detected. (logger.py:41)
2025-02-09 15:42:26,486 - CodeQLRunner - INFO - Processed /home/jackfromeast/Desktop/python-class-pollution/tasks/dependency-check-1K-r1/output/robusta/dependency/output/markdown/results/DependencyClassPollutionSource.ql.sarif: 1 flows detected. (logger.py:41)
2025-02-09 15:42:26,486 - CodeQLRunner - INFO - Processed /home/jackfromeast/Desktop/python-class-pollution/tasks/dependency-check-1K-r1/output/robusta/dependency/output/markdown/results/DependencyClassPollutionTaintProp.ql.sarif: 25 flows detected. (logger.py:41)
2025-02-09 15:42:26,486 - CodeQLRunner - INFO - Summary saved to /home/jackfromeast/Desktop/python-class-pollution/tasks/dependency-check-1K-r1/output/robusta/dependency/output/markdown/results/summary.json (logger.py:41)
2025-02-09 15:42:26,486 - CodeQLRunner - INFO - Cleaning up CodeQL database and codebase... (logger.py:41)
2025-02-09 15:42:27,636 - CodeQLRunner - INFO - No processes found using /home/jackfromeast/Desktop/python-class-pollution/tasks/dependency-check-1K-r1/output/robusta/dependency/output/markdown/codeql-db. (logger.py:41)
2025-02-09 15:42:27,649 - CodeQLRunner - INFO - Removed CodeQL database at /home/jackfromeast/Desktop/python-class-pollution/tasks/dependency-check-1K-r1/output/robusta/dependency/output/markdown/codeql-db (logger.py:41)
2025-02-09 15:42:27,649 - CodeQLRunner - INFO - Removed codebase at /home/jackfromeast/Desktop/python-class-pollution/tasks/dependency-check-1K-r1/output/robusta/dependency/output/markdown/codebase (logger.py:41)
