2025-02-20 12:47:45,376 - Scheduler - INFO - Scheduling tasks for 41 repositories with 4 workers. (base_scheduler.py:69)
2025-02-20 12:47:45,382 - Scheduler - INFO - Starting worker for repo: https://pypi.org/project/acryl-datahub (run_cp_analysis.py:28)
2025-02-20 12:47:45,382 - Scheduler - INFO - Starting worker for repo: https://pypi.org/project/azure-cli-core (run_cp_analysis.py:28)
2025-02-20 12:47:45,382 - Scheduler - INFO - Starting worker for repo: https://pypi.org/project/azureml-core (run_cp_analysis.py:28)
2025-02-20 12:47:45,383 - Scheduler - INFO - Starting worker for repo: https://pypi.org/project/clearml (run_cp_analysis.py:28)
2025-02-20 12:48:09,302 - Scheduler - INFO - Worker completed for repo: https://pypi.org/project/azure-cli-core (run_cp_analysis.py:35)
2025-02-20 12:48:09,320 - Scheduler - INFO - Progress: 1/41 repositories scanned. (base_scheduler.py:102)
2025-02-20 12:48:09,322 - Scheduler - INFO - Starting worker for repo: https://pypi.org/project/deepdiff (run_cp_analysis.py:28)
2025-02-20 12:48:23,801 - Scheduler - INFO - Worker completed for repo: https://pypi.org/project/deepdiff (run_cp_analysis.py:35)
2025-02-20 12:48:23,817 - Scheduler - INFO - Progress: 2/41 repositories scanned. (base_scheduler.py:102)
2025-02-20 12:48:23,819 - Scheduler - INFO - Starting worker for repo: https://pypi.org/project/deepdiff6 (run_cp_analysis.py:28)
2025-02-20 12:48:36,182 - Scheduler - INFO - Worker completed for repo: https://pypi.org/project/deepdiff6 (run_cp_analysis.py:35)
2025-02-20 12:48:36,190 - Scheduler - INFO - Progress: 3/41 repositories scanned. (base_scheduler.py:102)
2025-02-20 12:48:36,192 - Scheduler - INFO - Starting worker for repo: https://pypi.org/project/dektools (run_cp_analysis.py:28)
2025-02-20 12:48:47,996 - Scheduler - INFO - Worker completed for repo: https://pypi.org/project/dektools (run_cp_analysis.py:35)
2025-02-20 12:48:48,005 - Scheduler - INFO - Progress: 4/41 repositories scanned. (base_scheduler.py:102)
2025-02-20 12:48:48,006 - Scheduler - INFO - Starting worker for repo: https://pypi.org/project/django-unicorn (run_cp_analysis.py:28)
2025-02-20 12:48:58,159 - Scheduler - INFO - Worker completed for repo: https://pypi.org/project/django-unicorn (run_cp_analysis.py:35)
2025-02-20 12:48:58,168 - Scheduler - INFO - Progress: 5/41 repositories scanned. (base_scheduler.py:102)
2025-02-20 12:48:58,169 - Scheduler - INFO - Starting worker for repo: https://pypi.org/project/dnastack-client-library (run_cp_analysis.py:28)
2025-02-20 12:49:02,254 - Scheduler - INFO - Worker completed for repo: https://pypi.org/project/acryl-datahub (run_cp_analysis.py:35)
2025-02-20 12:49:02,263 - Scheduler - INFO - Progress: 6/41 repositories scanned. (base_scheduler.py:102)
2025-02-20 12:49:02,265 - Scheduler - INFO - Starting worker for repo: https://pypi.org/project/edsnlp (run_cp_analysis.py:28)
2025-02-20 12:49:11,994 - Scheduler - INFO - Worker completed for repo: https://pypi.org/project/dnastack-client-library (run_cp_analysis.py:35)
2025-02-20 12:49:12,003 - Scheduler - INFO - Progress: 7/41 repositories scanned. (base_scheduler.py:102)
2025-02-20 12:49:12,004 - Scheduler - INFO - Starting worker for repo: https://pypi.org/project/genie-libs-sdk (run_cp_analysis.py:28)
2025-02-20 12:49:24,143 - Scheduler - INFO - Worker completed for repo: https://pypi.org/project/edsnlp (run_cp_analysis.py:35)
2025-02-20 12:49:24,161 - Scheduler - INFO - Progress: 8/41 repositories scanned. (base_scheduler.py:102)
2025-02-20 12:49:24,162 - Scheduler - INFO - Starting worker for repo: https://pypi.org/project/geodesic-api (run_cp_analysis.py:28)
2025-02-20 12:49:33,431 - Scheduler - INFO - Worker completed for repo: https://pypi.org/project/clearml (run_cp_analysis.py:35)
2025-02-20 12:49:33,439 - Scheduler - INFO - Progress: 9/41 repositories scanned. (base_scheduler.py:102)
2025-02-20 12:49:33,441 - Scheduler - INFO - Starting worker for repo: https://pypi.org/project/glom (run_cp_analysis.py:28)
2025-02-20 12:49:38,631 - Scheduler - INFO - Worker completed for repo: https://pypi.org/project/geodesic-api (run_cp_analysis.py:35)
2025-02-20 12:49:38,645 - Scheduler - INFO - Progress: 10/41 repositories scanned. (base_scheduler.py:102)
2025-02-20 12:49:38,646 - Scheduler - INFO - Starting worker for repo: https://pypi.org/project/laboneq (run_cp_analysis.py:28)
2025-02-20 12:49:48,341 - Scheduler - INFO - Worker completed for repo: https://pypi.org/project/glom (run_cp_analysis.py:35)
2025-02-20 12:49:48,350 - Scheduler - INFO - Progress: 11/41 repositories scanned. (base_scheduler.py:102)
2025-02-20 12:49:48,351 - Scheduler - INFO - Starting worker for repo: https://pypi.org/project/magicattr (run_cp_analysis.py:28)
2025-02-20 12:49:56,941 - Scheduler - INFO - Worker completed for repo: https://pypi.org/project/magicattr (run_cp_analysis.py:35)
2025-02-20 12:49:56,951 - Scheduler - INFO - Progress: 12/41 repositories scanned. (base_scheduler.py:102)
2025-02-20 12:49:56,953 - Scheduler - INFO - Starting worker for repo: https://pypi.org/project/mesop (run_cp_analysis.py:28)
2025-02-20 12:50:08,688 - Scheduler - INFO - Worker completed for repo: https://pypi.org/project/mesop (run_cp_analysis.py:35)
2025-02-20 12:50:08,696 - Scheduler - INFO - Progress: 13/41 repositories scanned. (base_scheduler.py:102)
2025-02-20 12:50:08,698 - Scheduler - INFO - Starting worker for repo: https://pypi.org/project/mo-dots (run_cp_analysis.py:28)
2025-02-20 12:50:13,481 - Scheduler - INFO - Worker completed for repo: https://pypi.org/project/laboneq (run_cp_analysis.py:35)
2025-02-20 12:50:13,497 - Scheduler - INFO - Progress: 14/41 repositories scanned. (base_scheduler.py:102)
2025-02-20 12:50:13,499 - Scheduler - INFO - Starting worker for repo: https://pypi.org/project/normalize (run_cp_analysis.py:28)
2025-02-20 12:50:14,398 - Scheduler - INFO - Worker completed for repo: https://pypi.org/project/azureml-core (run_cp_analysis.py:35)
2025-02-20 12:50:14,409 - Scheduler - INFO - Progress: 15/41 repositories scanned. (base_scheduler.py:102)
2025-02-20 12:50:14,411 - Scheduler - INFO - Starting worker for repo: https://pypi.org/project/otx (run_cp_analysis.py:28)
2025-02-20 12:50:19,646 - Scheduler - INFO - Worker completed for repo: https://pypi.org/project/mo-dots (run_cp_analysis.py:35)
2025-02-20 12:50:19,660 - Scheduler - INFO - Progress: 16/41 repositories scanned. (base_scheduler.py:102)
2025-02-20 12:50:19,661 - Scheduler - INFO - Starting worker for repo: https://pypi.org/project/pydash (run_cp_analysis.py:28)
2025-02-20 12:50:31,783 - Scheduler - INFO - Worker completed for repo: https://pypi.org/project/normalize (run_cp_analysis.py:35)
2025-02-20 12:50:31,791 - Scheduler - INFO - Progress: 17/41 repositories scanned. (base_scheduler.py:102)
2025-02-20 12:50:31,792 - Scheduler - INFO - Starting worker for repo: https://pypi.org/project/pyinstrument (run_cp_analysis.py:28)
2025-02-20 12:50:34,186 - Scheduler - INFO - Worker completed for repo: https://pypi.org/project/pydash (run_cp_analysis.py:35)
2025-02-20 12:50:34,201 - Scheduler - INFO - Progress: 18/41 repositories scanned. (base_scheduler.py:102)
2025-02-20 12:50:34,202 - Scheduler - INFO - Starting worker for repo: https://pypi.org/project/schemasheets (run_cp_analysis.py:28)
2025-02-20 12:50:34,537 - Scheduler - INFO - Worker completed for repo: https://pypi.org/project/genie-libs-sdk (run_cp_analysis.py:35)
2025-02-20 12:50:34,557 - Scheduler - INFO - Progress: 19/41 repositories scanned. (base_scheduler.py:102)
2025-02-20 12:50:34,559 - Scheduler - INFO - Starting worker for repo: https://pypi.org/project/steam-sdk (run_cp_analysis.py:28)
2025-02-20 12:50:44,285 - Scheduler - INFO - Worker completed for repo: https://pypi.org/project/pyinstrument (run_cp_analysis.py:35)
2025-02-20 12:50:44,309 - Scheduler - INFO - Progress: 20/41 repositories scanned. (base_scheduler.py:102)
2025-02-20 12:50:44,310 - Scheduler - INFO - Starting worker for repo: https://pypi.org/project/torchlens (run_cp_analysis.py:28)
2025-02-20 12:50:45,784 - Scheduler - INFO - Worker completed for repo: https://pypi.org/project/otx (run_cp_analysis.py:35)
2025-02-20 12:50:45,798 - Scheduler - INFO - Progress: 21/41 repositories scanned. (base_scheduler.py:102)
2025-02-20 12:50:45,799 - Scheduler - INFO - Starting worker for repo: https://github.com/CiscoTestAutomation/genielibs (run_cp_analysis.py:28)
2025-02-20 12:50:47,462 - Scheduler - INFO - Worker completed for repo: https://pypi.org/project/schemasheets (run_cp_analysis.py:35)
2025-02-20 12:50:47,470 - Scheduler - INFO - Progress: 22/41 repositories scanned. (base_scheduler.py:102)
2025-02-20 12:50:47,471 - Scheduler - INFO - Starting worker for repo: https://github.com/LagoLunatic/GCFT (run_cp_analysis.py:28)
2025-02-20 12:51:01,395 - Scheduler - INFO - Worker completed for repo: https://github.com/LagoLunatic/GCFT (run_cp_analysis.py:35)
2025-02-20 12:51:01,405 - Scheduler - INFO - Progress: 23/41 repositories scanned. (base_scheduler.py:102)
2025-02-20 12:51:01,406 - Scheduler - INFO - Starting worker for repo: https://github.com/ServiceNow/AgentLab (run_cp_analysis.py:28)
2025-02-20 12:51:04,046 - Scheduler - INFO - Worker completed for repo: https://pypi.org/project/torchlens (run_cp_analysis.py:35)
2025-02-20 12:51:04,065 - Scheduler - INFO - Progress: 24/41 repositories scanned. (base_scheduler.py:102)
2025-02-20 12:51:04,066 - Scheduler - INFO - Starting worker for repo: https://github.com/extremeheat/JSPyBridge (run_cp_analysis.py:28)
2025-02-20 12:51:17,091 - Scheduler - INFO - Worker completed for repo: https://github.com/extremeheat/JSPyBridge (run_cp_analysis.py:35)
2025-02-20 12:51:17,104 - Scheduler - INFO - Progress: 25/41 repositories scanned. (base_scheduler.py:102)
2025-02-20 12:51:17,105 - Scheduler - INFO - Starting worker for repo: https://github.com/google-research/meta-dataset (run_cp_analysis.py:28)
2025-02-20 12:51:17,191 - Scheduler - INFO - Worker completed for repo: https://github.com/ServiceNow/AgentLab (run_cp_analysis.py:35)
2025-02-20 12:51:17,204 - Scheduler - INFO - Progress: 26/41 repositories scanned. (base_scheduler.py:102)
2025-02-20 12:51:17,206 - Scheduler - INFO - Starting worker for repo: https://github.com/hardbyte/netchecks (run_cp_analysis.py:28)
2025-02-20 12:51:28,963 - Scheduler - INFO - Worker completed for repo: https://github.com/hardbyte/netchecks (run_cp_analysis.py:35)
2025-02-20 12:51:28,972 - Scheduler - INFO - Progress: 27/41 repositories scanned. (base_scheduler.py:102)
2025-02-20 12:51:28,973 - Scheduler - INFO - Starting worker for repo: https://github.com/isaac-sim/IsaacLab (run_cp_analysis.py:28)
2025-02-20 12:51:29,903 - Scheduler - INFO - Worker completed for repo: https://pypi.org/project/steam-sdk (run_cp_analysis.py:35)
2025-02-20 12:51:29,913 - Scheduler - INFO - Progress: 28/41 repositories scanned. (base_scheduler.py:102)
2025-02-20 12:51:29,916 - Scheduler - INFO - Starting worker for repo: https://github.com/nalgeon/pokitoki (run_cp_analysis.py:28)
2025-02-20 12:51:33,513 - Scheduler - INFO - Worker completed for repo: https://github.com/google-research/meta-dataset (run_cp_analysis.py:35)
2025-02-20 12:51:33,525 - Scheduler - INFO - Progress: 29/41 repositories scanned. (base_scheduler.py:102)
2025-02-20 12:51:33,526 - Scheduler - INFO - Starting worker for repo: https://github.com/nebari-dev/nebari (run_cp_analysis.py:28)
2025-02-20 12:51:41,232 - Scheduler - INFO - Worker completed for repo: https://github.com/nalgeon/pokitoki (run_cp_analysis.py:35)
2025-02-20 12:51:41,251 - Scheduler - INFO - Progress: 30/41 repositories scanned. (base_scheduler.py:102)
2025-02-20 12:51:41,253 - Scheduler - INFO - Starting worker for repo: https://github.com/octopus2023-inc/gensphere (run_cp_analysis.py:28)
2025-02-20 12:51:49,203 - Scheduler - INFO - Worker completed for repo: https://github.com/nebari-dev/nebari (run_cp_analysis.py:35)
2025-02-20 12:51:49,211 - Scheduler - INFO - Progress: 31/41 repositories scanned. (base_scheduler.py:102)
2025-02-20 12:51:49,213 - Scheduler - INFO - Starting worker for repo: https://github.com/openvinotoolkit/training_extensions (run_cp_analysis.py:28)
2025-02-20 12:51:51,904 - Scheduler - INFO - Worker completed for repo: https://github.com/octopus2023-inc/gensphere (run_cp_analysis.py:35)
2025-02-20 12:51:51,914 - Scheduler - INFO - Progress: 32/41 repositories scanned. (base_scheduler.py:102)
2025-02-20 12:51:51,915 - Scheduler - INFO - Starting worker for repo: https://github.com/rivenmedia/riven (run_cp_analysis.py:28)
2025-02-20 12:52:08,538 - Scheduler - INFO - Worker completed for repo: https://github.com/rivenmedia/riven (run_cp_analysis.py:35)
2025-02-20 12:52:08,549 - Scheduler - INFO - Progress: 33/41 repositories scanned. (base_scheduler.py:102)
2025-02-20 12:52:08,551 - Scheduler - INFO - Starting worker for repo: https://github.com/robusta-dev/robusta (run_cp_analysis.py:28)
2025-02-20 12:52:22,125 - Scheduler - INFO - Worker completed for repo: https://github.com/isaac-sim/IsaacLab (run_cp_analysis.py:35)
2025-02-20 12:52:22,133 - Scheduler - INFO - Progress: 34/41 repositories scanned. (base_scheduler.py:102)
2025-02-20 12:52:22,134 - Scheduler - INFO - Starting worker for repo: https://github.com/someengineering/fixinventory (run_cp_analysis.py:28)
2025-02-20 12:52:28,312 - Scheduler - INFO - Worker completed for repo: https://github.com/robusta-dev/robusta (run_cp_analysis.py:35)
2025-02-20 12:52:28,321 - Scheduler - INFO - Progress: 35/41 repositories scanned. (base_scheduler.py:102)
2025-02-20 12:52:28,322 - Scheduler - INFO - Starting worker for repo: https://github.com/theilem/uavSim (run_cp_analysis.py:28)
2025-02-20 12:52:38,110 - Scheduler - INFO - Worker completed for repo: https://github.com/openvinotoolkit/training_extensions (run_cp_analysis.py:35)
2025-02-20 12:52:38,120 - Scheduler - INFO - Progress: 36/41 repositories scanned. (base_scheduler.py:102)
2025-02-20 12:52:38,121 - Scheduler - INFO - Starting worker for repo: https://github.com/tournesol-app/tournesol (run_cp_analysis.py:28)
2025-02-20 12:52:41,275 - Scheduler - INFO - Worker completed for repo: https://github.com/theilem/uavSim (run_cp_analysis.py:35)
2025-02-20 12:52:41,284 - Scheduler - INFO - Progress: 37/41 repositories scanned. (base_scheduler.py:102)
2025-02-20 12:52:41,285 - Scheduler - INFO - Starting worker for repo: https://github.com/vacancy/Jacinle (run_cp_analysis.py:28)
2025-02-20 12:52:59,771 - Scheduler - INFO - Worker completed for repo: https://github.com/vacancy/Jacinle (run_cp_analysis.py:35)
2025-02-20 12:52:59,780 - Scheduler - INFO - Progress: 38/41 repositories scanned. (base_scheduler.py:102)
2025-02-20 12:53:00,119 - Scheduler - INFO - Worker completed for repo: https://github.com/tournesol-app/tournesol (run_cp_analysis.py:35)
2025-02-20 12:53:00,127 - Scheduler - INFO - Progress: 39/41 repositories scanned. (base_scheduler.py:102)
2025-02-20 12:53:20,567 - Scheduler - INFO - Worker completed for repo: https://github.com/someengineering/fixinventory (run_cp_analysis.py:35)
2025-02-20 12:53:20,575 - Scheduler - INFO - Progress: 40/41 repositories scanned. (base_scheduler.py:102)
2025-02-20 12:55:12,466 - Scheduler - INFO - Worker completed for repo: https://github.com/CiscoTestAutomation/genielibs (run_cp_analysis.py:35)
2025-02-20 12:55:12,473 - Scheduler - INFO - Progress: 41/41 repositories scanned. (base_scheduler.py:102)
