2025-02-28 00:39:32,189 - CodeQLRunner - INFO - Building CodeQL database for: /home/jackfromeast/Desktop/python-class-pollution/tasks/class-pollution-other-1K/output/python-opcua/codebase (logger.py:42)
2025-02-28 00:40:19,317 - CodeQLRunner - INFO - CodeQL database created successfully at /home/jackfromeast/Desktop/python-class-pollution/tasks/class-pollution-other-1K/output/python-opcua/codeql-db (logger.py:42)
2025-02-28 00:40:19,317 - CodeQLRunner - INFO - Running CodeQL queries on database: /home/jackfromeast/Desktop/python-class-pollution/tasks/class-pollution-other-1K/output/python-opcua/codeql-db (logger.py:42)
2025-02-28 00:40:19,317 - CodeQLRunner - INFO - Running query: /home/jackfromeast/Desktop/python-class-pollution/codeql-query/class-pollution-all/query/MultiLevelClassPollutionQueryNewSetAttrGetAttr.ql (logger.py:42)
2025-02-28 00:42:37,377 - CodeQLRunner - INFO - Query /home/jackfromeast/Desktop/python-class-pollution/codeql-query/class-pollution-all/query/MultiLevelClassPollutionQueryNewSetAttrGetAttr.ql executed successfully. Results saved to /home/jackfromeast/Desktop/python-class-pollution/tasks/class-pollution-other-1K/output/python-opcua/results/MultiLevelClassPollutionQueryNewSetAttrGetAttr.ql.sarif (logger.py:42)
2025-02-28 00:42:37,377 - CodeQLRunner - INFO - Query completed successfully: /home/jackfromeast/Desktop/python-class-pollution/codeql-query/class-pollution-all/query/MultiLevelClassPollutionQueryNewSetAttrGetAttr.ql (logger.py:42)
2025-02-28 00:42:37,377 - CodeQLRunner - INFO - Running query: /home/jackfromeast/Desktop/python-class-pollution/codeql-query/class-pollution-all/query/MultiLevelClassPollutionQueryNewSetAttrGetBoth.ql (logger.py:42)
2025-02-28 00:42:52,647 - CodeQLRunner - INFO - Query /home/jackfromeast/Desktop/python-class-pollution/codeql-query/class-pollution-all/query/MultiLevelClassPollutionQueryNewSetAttrGetBoth.ql executed successfully. Results saved to /home/jackfromeast/Desktop/python-class-pollution/tasks/class-pollution-other-1K/output/python-opcua/results/MultiLevelClassPollutionQueryNewSetAttrGetBoth.ql.sarif (logger.py:42)
2025-02-28 00:42:52,647 - CodeQLRunner - INFO - Query completed successfully: /home/jackfromeast/Desktop/python-class-pollution/codeql-query/class-pollution-all/query/MultiLevelClassPollutionQueryNewSetAttrGetBoth.ql (logger.py:42)
2025-02-28 00:42:52,647 - CodeQLRunner - INFO - Running query: /home/jackfromeast/Desktop/python-class-pollution/codeql-query/class-pollution-all/query/MultiLevelClassPollutionQueryNewSetItemGetAttr.ql (logger.py:42)
2025-02-28 00:43:07,327 - CodeQLRunner - INFO - Query /home/jackfromeast/Desktop/python-class-pollution/codeql-query/class-pollution-all/query/MultiLevelClassPollutionQueryNewSetItemGetAttr.ql executed successfully. Results saved to /home/jackfromeast/Desktop/python-class-pollution/tasks/class-pollution-other-1K/output/python-opcua/results/MultiLevelClassPollutionQueryNewSetItemGetAttr.ql.sarif (logger.py:42)
2025-02-28 00:43:07,327 - CodeQLRunner - INFO - Query completed successfully: /home/jackfromeast/Desktop/python-class-pollution/codeql-query/class-pollution-all/query/MultiLevelClassPollutionQueryNewSetItemGetAttr.ql (logger.py:42)
2025-02-28 00:43:07,327 - CodeQLRunner - INFO - Running query: /home/jackfromeast/Desktop/python-class-pollution/codeql-query/class-pollution-all/query/MultiLevelClassPollutionQueryNewSetItemGetBoth.ql (logger.py:42)
2025-02-28 00:43:21,558 - CodeQLRunner - INFO - Query /home/jackfromeast/Desktop/python-class-pollution/codeql-query/class-pollution-all/query/MultiLevelClassPollutionQueryNewSetItemGetBoth.ql executed successfully. Results saved to /home/jackfromeast/Desktop/python-class-pollution/tasks/class-pollution-other-1K/output/python-opcua/results/MultiLevelClassPollutionQueryNewSetItemGetBoth.ql.sarif (logger.py:42)
2025-02-28 00:43:21,559 - CodeQLRunner - INFO - Query completed successfully: /home/jackfromeast/Desktop/python-class-pollution/codeql-query/class-pollution-all/query/MultiLevelClassPollutionQueryNewSetItemGetBoth.ql (logger.py:42)
2025-02-28 00:43:21,559 - CodeQLRunner - INFO - Summarizing CodeQL results... (logger.py:42)
2025-02-28 00:43:21,559 - CodeQLRunner - INFO - Processed /home/jackfromeast/Desktop/python-class-pollution/tasks/class-pollution-other-1K/output/python-opcua/results/MultiLevelClassPollutionQueryNewSetAttrGetBoth.ql.sarif: 0 flows detected. (logger.py:42)
2025-02-28 00:43:21,561 - CodeQLRunner - INFO - Processed /home/jackfromeast/Desktop/python-class-pollution/tasks/class-pollution-other-1K/output/python-opcua/results/MultiLevelClassPollutionQueryNewSetAttrGetAttr.ql.sarif: 87 flows detected. (logger.py:42)
2025-02-28 00:43:21,562 - CodeQLRunner - INFO - Processed /home/jackfromeast/Desktop/python-class-pollution/tasks/class-pollution-other-1K/output/python-opcua/results/MultiLevelClassPollutionQueryNewSetItemGetBoth.ql.sarif: 0 flows detected. (logger.py:42)
2025-02-28 00:43:21,562 - CodeQLRunner - INFO - Processed /home/jackfromeast/Desktop/python-class-pollution/tasks/class-pollution-other-1K/output/python-opcua/results/MultiLevelClassPollutionQueryNewSetItemGetAttr.ql.sarif: 0 flows detected. (logger.py:42)
2025-02-28 00:43:21,563 - CodeQLRunner - INFO - Summary saved to /home/jackfromeast/Desktop/python-class-pollution/tasks/class-pollution-other-1K/output/python-opcua/results/summary.json (logger.py:42)
