2025-05-26 01:37:03,400 - Result - INFO - bowyer - py/class-polliution/set-item-get-attr: 2 flows detected. (logger.py:40)
2025-05-26 02:27:05,346 - Result - INFO - nvtripy - py/class-polliution/set-both-get-both: 2 flows detected. (logger.py:40)
2025-05-26 02:44:13,070 - Result - INFO - runtime-keypath - py/class-polliution/set-attr-get-attr: 3 flows detected. (logger.py:40)
2025-05-26 03:06:53,469 - Result - INFO - paradoxapi - py/class-polliution/set-attr-get-attr: 12 flows detected. (logger.py:40)
2025-05-26 05:49:22,177 - Result - INFO - gluino - py/class-polliution/set-item-get-both: 2 flows detected. (logger.py:40)
2025-05-26 05:49:22,177 - Result - INFO - gluino - py/class-polliution/set-item-get-attr: 2 flows detected. (logger.py:40)
2025-05-26 10:58:06,901 - Result - INFO - gpkg-object-detect - py/class-polliution/set-attr-get-attr: 10 flows detected. (logger.py:40)
2025-05-26 12:33:08,836 - Result - INFO - sqlitely - py/class-polliution/set-item-get-both: 2 flows detected. (logger.py:40)
2025-05-26 12:33:08,836 - Result - INFO - sqlitely - py/class-polliution/set-item-get-attr: 2 flows detected. (logger.py:40)
2025-05-26 12:47:35,896 - Result - INFO - lightning-gpt - py/class-polliution/set-attr-get-attr: 2 flows detected. (logger.py:40)
2025-05-26 16:50:40,106 - Result - INFO - nexus-pylon - py/class-polliution/set-attr-get-attr: 12 flows detected. (logger.py:40)
2025-05-26 17:25:56,578 - Result - INFO - protobuf2arr - py/class-polliution/set-attr-get-attr: 3 flows detected. (logger.py:40)
2025-05-26 19:02:56,954 - Result - INFO - adbc - py/class-polliution/set-item-get-both: 2 flows detected. (logger.py:40)
2025-05-26 19:02:56,954 - Result - INFO - adbc - py/class-polliution/set-item-get-attr: 2 flows detected. (logger.py:40)
2025-05-26 19:52:14,311 - Result - INFO - ttqakit - py/class-polliution/set-attr-get-attr: 2 flows detected. (logger.py:40)
2025-05-26 20:16:56,235 - Result - INFO - tacklebox - py/class-polliution/set-attr-get-attr: 2 flows detected. (logger.py:40)
2025-05-26 20:40:03,220 - Result - INFO - msgraph-cli-core - py/class-polliution/set-attr-get-both: 2 flows detected. (logger.py:40)
2025-05-26 20:40:03,220 - Result - INFO - msgraph-cli-core - py/class-polliution/set-attr-get-attr: 3 flows detected. (logger.py:40)
2025-05-26 20:40:03,220 - Result - INFO - msgraph-cli-core - py/class-polliution/set-both-get-both: 15 flows detected. (logger.py:40)
2025-05-26 21:48:37,409 - Result - INFO - pybiz - py/class-polliution/set-attr-get-attr: 3 flows detected. (logger.py:40)
2025-05-26 22:03:14,825 - Result - INFO - emplode - py/class-polliution/set-attr-get-attr: 11 flows detected. (logger.py:40)
2025-05-27 00:44:54,978 - Result - INFO - jintian-architecture-code-test - py/class-polliution/set-attr-get-attr: 5 flows detected. (logger.py:40)
2025-05-27 00:48:23,254 - Result - INFO - dotplot - py/class-polliution/set-attr-get-attr: 2 flows detected. (logger.py:40)
2025-05-27 01:31:39,580 - Result - INFO - simple-test-default-reporter - py/class-polliution/set-attr-get-attr: 9 flows detected. (logger.py:40)
2025-05-27 02:16:47,828 - Result - INFO - azure-maps-timezone - py/class-polliution/set-attr-get-attr: 12 flows detected. (logger.py:40)
2025-05-27 03:55:55,417 - Result - INFO - cogment-agent-toolbox - py/class-polliution/set-attr-get-attr: 2 flows detected. (logger.py:40)
2025-05-27 04:03:51,937 - Result - INFO - fabrique - py/class-polliution/set-attr-get-attr: 6 flows detected. (logger.py:40)
2025-05-27 08:30:38,145 - Result - INFO - protobufrex - py/class-polliution/set-attr-get-attr: 12 flows detected. (logger.py:40)
2025-05-27 08:36:25,688 - Result - INFO - perdoo - py/class-polliution/set-attr-get-attr: 3 flows detected. (logger.py:40)
2025-05-27 08:50:09,703 - Result - INFO - sat-mapping-cyborg-ai - py/class-polliution/set-attr-get-attr: 1330 flows detected. (logger.py:40)
2025-05-27 10:44:40,767 - Result - INFO - jundo - py/class-polliution/set-attr-get-attr: 4 flows detected. (logger.py:40)
2025-05-27 11:12:12,942 - Result - INFO - python-appengine - py/class-polliution/set-attr-get-attr: 274 flows detected. (logger.py:40)
2025-05-27 11:50:41,692 - Result - INFO - jammato - py/class-polliution/set-item-get-attr: 4 flows detected. (logger.py:40)
2025-05-27 12:51:36,147 - Result - INFO - astma - py/class-polliution/set-attr-get-attr: 2 flows detected. (logger.py:40)
2025-05-27 16:52:32,532 - Result - INFO - semtorch - py/class-polliution/set-item-get-both: 4 flows detected. (logger.py:40)
2025-05-27 16:52:32,532 - Result - INFO - semtorch - py/class-polliution/set-item-get-attr: 4 flows detected. (logger.py:40)
2025-05-27 17:21:08,640 - Result - INFO - pypassist - py/class-polliution/set-attr-get-attr: 2 flows detected. (logger.py:40)
2025-05-27 23:07:29,766 - Result - INFO - protobuf-py3 - py/class-polliution/set-attr-get-attr: 27 flows detected. (logger.py:40)
2025-05-28 00:36:11,630 - Result - INFO - experimentor - py/class-polliution/set-attr-get-attr: 2 flows detected. (logger.py:40)
2025-05-28 07:13:16,364 - Result - INFO - strategy-sdk - py/class-polliution/set-attr-get-attr: 4 flows detected. (logger.py:40)
2025-05-28 07:31:41,102 - Result - INFO - abc-graphene-sqlalchemy - py/class-polliution/set-attr-get-attr: 2 flows detected. (logger.py:40)
2025-05-28 08:46:53,699 - Result - INFO - azure-mgmt-managedapplications - py/class-polliution/set-attr-get-attr: 12 flows detected. (logger.py:40)
2025-05-28 10:21:57,266 - Result - INFO - eparams - py/class-polliution/set-attr-get-attr: 5 flows detected. (logger.py:40)
2025-05-28 11:34:08,647 - Result - INFO - polaris-sdk - py/class-polliution/set-attr-get-attr: 34 flows detected. (logger.py:40)
2025-05-28 13:25:11,219 - Result - INFO - pht-station - py/class-polliution/set-attr-get-attr: 3 flows detected. (logger.py:40)
2025-05-28 21:17:12,644 - Result - INFO - pfile-tools - py/class-polliution/set-attr-get-attr: 2 flows detected. (logger.py:40)
2025-05-28 21:35:51,912 - Result - INFO - iosxr-grpc - py/class-polliution/set-attr-get-attr: 7 flows detected. (logger.py:40)
2025-05-28 22:19:24,860 - Result - INFO - boilermakerbuddy - py/class-polliution/set-attr-get-attr: 5 flows detected. (logger.py:40)
2025-05-29 02:10:46,975 - Result - INFO - dewret - py/class-polliution/set-attr-get-attr: 2 flows detected. (logger.py:40)
2025-05-29 04:09:35,430 - Result - INFO - populater - py/class-polliution/set-both-get-both: 7 flows detected. (logger.py:40)
2025-05-29 04:39:57,628 - Result - INFO - beique - py/class-polliution/set-item-get-attr: 9 flows detected. (logger.py:40)
2025-05-29 06:08:06,452 - Result - INFO - scine-chemoton - py/class-polliution/set-both-get-attr: 24 flows detected. (logger.py:40)
2025-05-29 07:23:33,025 - Result - INFO - soaplib-mpsinfo - py/class-polliution/set-attr-get-attr: 3 flows detected. (logger.py:40)
2025-05-29 08:30:54,498 - Result - INFO - repin - py/class-polliution/set-attr-get-attr: 18 flows detected. (logger.py:40)
2025-05-29 09:41:06,148 - Result - INFO - atooms-pt - py/class-polliution/set-attr-get-attr: 5 flows detected. (logger.py:40)
2025-05-29 09:42:07,957 - Result - INFO - azure-mgmt-pineconevectordb - py/class-polliution/set-attr-get-attr: 12 flows detected. (logger.py:40)
2025-05-29 10:24:23,482 - Result - INFO - eve-mli - py/class-polliution/set-attr-get-attr: 2 flows detected. (logger.py:40)
2025-05-29 10:41:22,674 - Result - INFO - smartdiffusion - py/class-polliution/set-attr-get-attr: 13 flows detected. (logger.py:40)
2025-05-29 11:35:35,773 - Result - INFO - agnos - py/class-polliution/set-attr-get-attr: 2 flows detected. (logger.py:40)
2025-05-29 11:37:38,730 - Result - INFO - mechir - py/class-polliution/set-attr-get-attr: 9 flows detected. (logger.py:40)
2025-05-29 12:44:00,833 - Result - INFO - smart-preprocess - py/class-polliution/set-attr-get-attr: 3 flows detected. (logger.py:40)
2025-05-29 13:38:54,298 - Result - INFO - classic-sql-tools - py/class-polliution/set-attr-get-attr: 2 flows detected. (logger.py:40)
2025-05-29 17:34:17,515 - Result - INFO - smttask - py/class-polliution/set-attr-get-attr: 2 flows detected. (logger.py:40)
2025-05-29 17:41:09,842 - Result - INFO - samyplugin - py/class-polliution/set-attr-get-attr: 16 flows detected. (logger.py:40)
2025-05-29 18:00:52,341 - Result - INFO - wc-django-settings - py/class-polliution/set-attr-get-attr: 7 flows detected. (logger.py:40)
2025-05-29 18:13:38,079 - Result - INFO - agents4sky - py/class-polliution/set-item-get-both: 24 flows detected. (logger.py:40)
2025-05-29 18:13:38,079 - Result - INFO - agents4sky - py/class-polliution/set-item-get-attr: 24 flows detected. (logger.py:40)
2025-05-29 18:13:38,080 - Result - INFO - agents4sky - py/class-polliution/set-both-get-both: 39 flows detected. (logger.py:40)
2025-05-29 18:42:32,487 - Result - INFO - bluenaas-capabilities - py/class-polliution/set-attr-get-attr: 2 flows detected. (logger.py:40)
2025-05-29 19:41:36,511 - Result - INFO - scratchai-nightly - py/class-polliution/set-attr-get-attr: 3 flows detected. (logger.py:40)
2025-05-29 23:08:37,454 - Result - INFO - lightning-ir - py/class-polliution/set-attr-get-attr: 4 flows detected. (logger.py:40)
2025-05-29 23:48:49,298 - Result - INFO - cvp - py/class-polliution/set-attr-get-attr: 11 flows detected. (logger.py:40)
2025-05-30 00:51:50,530 - Result - INFO - dypy - py/class-polliution/set-both-get-both: 8 flows detected. (logger.py:40)
2025-05-30 01:14:38,966 - Result - INFO - concrete-ml-extensions-brevitas - py/class-polliution/set-attr-get-attr: 13 flows detected. (logger.py:40)
2025-05-30 05:57:03,452 - Result - INFO - django-importo - py/class-polliution/set-both-get-both: 51 flows detected. (logger.py:40)
2025-05-30 06:22:26,847 - Result - INFO - hades-rpc - py/class-polliution/set-attr-get-attr: 4 flows detected. (logger.py:40)
2025-05-30 07:38:52,616 - Result - INFO - hamux - py/class-polliution/set-attr-get-attr: 3 flows detected. (logger.py:40)
2025-05-30 08:45:04,109 - Result - INFO - breaching - py/class-polliution/set-attr-get-attr: 8 flows detected. (logger.py:40)
2025-05-30 09:19:24,613 - Result - INFO - eobj - py/class-polliution/set-attr-get-attr: 2 flows detected. (logger.py:40)
2025-05-30 11:15:19,500 - Result - INFO - apillava - py/class-polliution/set-attr-get-attr: 2 flows detected. (logger.py:40)
2025-05-30 12:36:30,157 - Result - INFO - nestmodel - py/class-polliution/set-attr-get-attr: 3 flows detected. (logger.py:40)
2025-05-30 13:37:05,954 - Result - INFO - fscm - py/class-polliution/set-attr-get-attr: 3 flows detected. (logger.py:40)
2025-05-30 22:38:06,296 - Result - INFO - apluslms-yamlidator - py/class-polliution/set-attr-get-attr: 2 flows detected. (logger.py:40)
2025-05-31 03:24:36,651 - Result - INFO - azure-mgmt-terraform - py/class-polliution/set-attr-get-attr: 12 flows detected. (logger.py:40)
2025-05-31 08:05:07,254 - Result - INFO - azure-mgmt-neonpostgres - py/class-polliution/set-attr-get-attr: 12 flows detected. (logger.py:40)
2025-05-31 08:09:47,210 - Result - INFO - azure-mgmt-recoveryservicesdatareplication - py/class-polliution/set-attr-get-attr: 12 flows detected. (logger.py:40)
2025-05-31 09:02:12,681 - Result - INFO - nimblebox - py/class-polliution/set-attr-get-both: 2 flows detected. (logger.py:40)
2025-05-31 09:02:12,681 - Result - INFO - nimblebox - py/class-polliution/set-both-get-both: 6 flows detected. (logger.py:40)
2025-05-31 09:11:13,187 - Result - INFO - azure-mgmt-networkfunction - py/class-polliution/set-attr-get-attr: 12 flows detected. (logger.py:40)
2025-05-31 12:13:51,222 - Result - INFO - soda-conan-server - py/class-polliution/set-attr-get-attr: 2 flows detected. (logger.py:40)
2025-05-31 12:24:20,080 - Result - INFO - data-validator - py/class-polliution/set-both-get-both: 4 flows detected. (logger.py:40)
2025-05-31 15:46:16,690 - Result - INFO - lebot - py/class-polliution/set-attr-get-attr: 2 flows detected. (logger.py:40)
2025-05-31 17:27:48,170 - Result - INFO - nphil - py/class-polliution/set-attr-get-attr: 3 flows detected. (logger.py:40)
2025-05-31 17:34:13,726 - Result - INFO - tf-models-research-object-detection - py/class-polliution/set-attr-get-attr: 6 flows detected. (logger.py:40)
2025-05-31 19:16:52,191 - Result - INFO - fungivision - py/class-polliution/set-attr-get-attr: 2 flows detected. (logger.py:40)
2025-05-31 19:44:40,446 - Result - INFO - azure-mgmt-workloadssapvirtualinstance - py/class-polliution/set-attr-get-attr: 12 flows detected. (logger.py:40)
