2025-05-15 03:01:19,222 - Result - INFO - jsonbind - py/class-polliution/set-attr-get-attr: 1 flows detected. (logger.py:40)
2025-05-15 05:15:40,610 - Result - INFO - ubidots-cli - py/class-polliution/set-attr-get-attr: 1 flows detected. (logger.py:40)
2025-05-15 11:04:58,486 - Result - INFO - ravel - py/class-polliution/set-attr-get-attr: 5 flows detected. (logger.py:40)
2025-05-15 13:14:52,745 - Result - INFO - object-detection-by-ovi - py/class-polliution/set-attr-get-attr: 5 flows detected. (logger.py:40)
2025-05-15 16:39:02,151 - Result - INFO - bresh - py/class-polliution/set-attr-get-attr: 2 flows detected. (logger.py:40)
2025-05-15 17:55:47,315 - Result - INFO - pynoz - py/class-polliution/set-attr-get-attr: 1 flows detected. (logger.py:40)
2025-05-15 23:43:01,532 - Result - INFO - pygritia - py/class-polliution/set-attr-get-attr: 1 flows detected. (logger.py:40)
2025-05-16 01:27:40,302 - Result - INFO - reportlab-x - py/class-polliution/set-attr-get-both: 1 flows detected. (logger.py:40)
2025-05-16 07:16:13,020 - Result - INFO - nested-attrs - py/class-polliution/set-attr-get-attr: 3 flows detected. (logger.py:40)
2025-05-16 09:09:00,103 - Result - INFO - singleline-models - py/class-polliution/set-attr-get-attr: 1 flows detected. (logger.py:40)
2025-05-16 19:16:00,729 - Result - INFO - gina - py/class-polliution/set-attr-get-both: 1 flows detected. (logger.py:40)
2025-05-16 19:29:52,731 - Result - INFO - yandex-tracker-import - py/class-polliution/set-item-get-attr: 1 flows detected. (logger.py:40)
2025-05-17 04:23:17,369 - Result - INFO - custom-workflow-solutions - py/class-polliution/set-attr-get-attr: 4 flows detected. (logger.py:40)
2025-05-17 05:00:31,386 - Result - INFO - wooqi - py/class-polliution/set-attr-get-attr: 5 flows detected. (logger.py:40)
2025-05-17 08:13:18,002 - Result - INFO - datahammer - py/class-polliution/set-both-get-both: 11 flows detected. (logger.py:40)
2025-05-17 08:33:49,224 - Result - INFO - hitran-api2 - py/class-polliution/set-attr-get-attr: 2 flows detected. (logger.py:40)
2025-05-17 11:18:48,215 - Result - INFO - lmirror - py/class-polliution/set-attr-get-attr: 1 flows detected. (logger.py:40)
2025-05-17 15:55:37,564 - Result - INFO - hnzhu010506 - py/class-polliution/set-attr-get-attr: 1 flows detected. (logger.py:40)
2025-05-17 17:51:02,051 - Result - INFO - lythp - py/class-polliution/set-both-get-both: 9 flows detected. (logger.py:40)
2025-05-17 17:51:02,051 - Result - INFO - lythp - py/class-polliution/set-item-get-both: 1 flows detected. (logger.py:40)
2025-05-17 17:51:02,052 - Result - INFO - lythp - py/class-polliution/set-item-get-attr: 1 flows detected. (logger.py:40)
2025-05-17 18:15:46,196 - Result - INFO - getuipy - py/class-polliution/set-attr-get-attr: 12 flows detected. (logger.py:40)
2025-05-17 20:19:50,995 - Result - INFO - sapiens-accelerator - py/class-polliution/set-attr-get-attr: 1 flows detected. (logger.py:40)
2025-05-17 20:28:00,929 - Result - INFO - pype9 - py/class-polliution/set-attr-get-both: 2 flows detected. (logger.py:40)
2025-05-17 20:45:34,536 - Result - INFO - etched - py/class-polliution/set-attr-get-attr: 1 flows detected. (logger.py:40)
2025-05-17 23:47:24,627 - Result - INFO - ctg-object-detection-tools - py/class-polliution/set-attr-get-attr: 5 flows detected. (logger.py:40)
2025-05-18 03:30:23,925 - Result - INFO - pydots - py/class-polliution/set-both-get-both: 14 flows detected. (logger.py:40)
2025-05-18 03:30:23,925 - Result - INFO - pydots - py/class-polliution/set-item-get-both: 1 flows detected. (logger.py:40)
2025-05-18 03:30:23,925 - Result - INFO - pydots - py/class-polliution/set-item-get-attr: 1 flows detected. (logger.py:40)
2025-05-18 06:29:23,609 - Result - INFO - protobuf-to-dict-whl - py/class-polliution/set-attr-get-attr: 3 flows detected. (logger.py:40)
2025-05-18 06:41:20,661 - Result - INFO - seaborn-flask-server - py/class-polliution/set-attr-get-attr: 1 flows detected. (logger.py:40)
2025-05-18 11:28:52,550 - Result - INFO - knowledge-neurons - py/class-polliution/set-attr-get-attr: 11 flows detected. (logger.py:40)
2025-05-18 11:28:52,550 - Result - INFO - knowledge-neurons - py/class-polliution/set-item-get-attr: 3 flows detected. (logger.py:40)
2025-05-18 12:08:26,394 - Result - INFO - generativeai-gen - py/class-polliution/set-attr-get-attr: 4 flows detected. (logger.py:40)
2025-05-18 14:57:38,592 - Result - INFO - minihydra-leviathan - py/class-polliution/set-item-get-both: 5 flows detected. (logger.py:40)
2025-05-18 14:57:38,592 - Result - INFO - minihydra-leviathan - py/class-polliution/set-item-get-attr: 5 flows detected. (logger.py:40)
2025-05-18 17:30:32,033 - Result - INFO - reqmgr2ms - py/class-polliution/set-attr-get-attr: 91 flows detected. (logger.py:40)
2025-05-18 19:51:27,364 - Result - INFO - vec-search - py/class-polliution/set-attr-get-both: 1 flows detected. (logger.py:40)
2025-05-19 08:10:33,864 - Result - INFO - diconfig - py/class-polliution/set-attr-get-both: 1 flows detected. (logger.py:40)
2025-05-19 08:25:22,859 - Result - INFO - hardback - py/class-polliution/set-attr-get-attr: 2 flows detected. (logger.py:40)
2025-05-19 08:41:19,224 - Result - INFO - gensphere - py/class-polliution/set-both-get-both: 1 flows detected. (logger.py:40)
2025-05-19 09:00:50,540 - Result - INFO - django-import-export-customized - py/class-polliution/set-attr-get-attr: 1 flows detected. (logger.py:40)
2025-05-19 20:13:39,567 - Result - INFO - everywhere-wbnupku - py/class-polliution/set-both-get-both: 2 flows detected. (logger.py:40)
2025-05-19 23:28:37,930 - Result - INFO - ytd - py/class-polliution/set-attr-get-attr: 2 flows detected. (logger.py:40)
2025-05-20 04:41:07,082 - Result - INFO - mindone - py/class-polliution/set-attr-get-attr: 7 flows detected. (logger.py:40)
2025-05-20 05:28:30,083 - Result - INFO - edu-airflow - py/class-polliution/set-attr-get-attr: 4 flows detected. (logger.py:40)
2025-05-20 10:29:36,189 - Result - INFO - indicatormodule - py/class-polliution/set-item-get-attr: 4 flows detected. (logger.py:40)
2025-05-20 10:35:55,195 - Result - INFO - nimble-api - py/class-polliution/set-item-get-both: 6 flows detected. (logger.py:40)
2025-05-20 10:35:55,195 - Result - INFO - nimble-api - py/class-polliution/set-item-get-attr: 6 flows detected. (logger.py:40)
2025-05-20 11:18:37,913 - Result - INFO - komi-san - py/class-polliution/set-both-get-attr: 12 flows detected. (logger.py:40)
2025-05-20 16:39:39,009 - Result - INFO - fullpy - py/class-polliution/set-attr-get-attr: 1 flows detected. (logger.py:40)
2025-05-20 16:51:46,751 - Result - INFO - django-duplicate - py/class-polliution/set-attr-get-attr: 9 flows detected. (logger.py:40)
2025-05-20 16:57:27,970 - Result - INFO - yc-protobuf3-to-dict - py/class-polliution/set-attr-get-attr: 3 flows detected. (logger.py:40)
2025-05-21 00:04:10,158 - Result - INFO - komigram - py/class-polliution/set-both-get-attr: 12 flows detected. (logger.py:40)
