2025-01-10 17:57:01,147 - WORKER_RESULT - INFO - wandb - MultiLevelClassPollutionQuery.ql.sarif: 14 flows detected. (run.py:272)
2025-01-10 17:57:24,059 - WORKER_RESULT - INFO - deepdiff - MultiLevelClassPollutionQuery.ql.sarif: 4 flows detected. (run.py:272)
2025-01-10 18:05:36,891 - WORKER_RESULT - INFO - jsonpickle - MultiLevelClassPollutionQuery.ql.sarif: 18 flows detected. (run.py:272)
2025-01-10 18:11:52,945 - WORKER_RESULT - INFO - omegaconf - MultiLevelClassPollutionQuery.ql.sarif: 1 flows detected. (run.py:272)
2025-01-10 18:25:29,052 - WORKER_RESULT - INFO - azure-cli-core - MultiLevelClassPollutionQuery.ql.sarif: 4 flows detected. (run.py:272)
2025-01-10 18:37:38,984 - WORKER_RESULT - INFO - pytorch-lightning - MultiLevelClassPollutionQuery.ql.sarif: 1 flows detected. (run.py:272)
2025-01-10 18:40:35,758 - WORKER_RESULT - INFO - pydash - MultiLevelClassPollutionQuery.ql.sarif: 6 flows detected. (run.py:272)
2025-01-10 18:45:41,754 - WORKER_RESULT - INFO - magicattr - MultiLevelClassPollutionQuery.ql.sarif: 1 flows detected. (run.py:272)
2025-01-10 18:52:55,033 - WORKER_RESULT - INFO - azureml-core - MultiLevelClassPollutionQuery.ql.sarif: 6 flows detected. (run.py:272)
2025-01-10 19:07:04,553 - WORKER_RESULT - INFO - glom - MultiLevelClassPollutionQuery.ql.sarif: 3 flows detected. (run.py:272)
2025-01-10 19:31:51,528 - WORKER_RESULT - INFO - acryl-datahub - MultiLevelClassPollutionQuery.ql.sarif: 3 flows detected. (run.py:272)
2025-01-10 19:38:23,445 - WORKER_RESULT - INFO - pyinstrument - MultiLevelClassPollutionQuery.ql.sarif: 1 flows detected. (run.py:272)
2025-01-10 19:44:51,669 - WORKER_RESULT - INFO - lightning - MultiLevelClassPollutionQuery.ql.sarif: 1 flows detected. (run.py:272)
2025-01-10 20:49:52,935 - WORKER_RESULT - INFO - jsonargparse - MultiLevelClassPollutionQuery.ql.sarif: 6 flows detected. (run.py:272)
2025-01-10 20:58:05,411 - WORKER_RESULT - INFO - openapi-schema-pydantic - MultiLevelClassPollutionQuery.ql.sarif: 6 flows detected. (run.py:272)
2025-01-10 21:50:29,594 - WORKER_RESULT - INFO - dbx - MultiLevelClassPollutionQuery.ql.sarif: 6 flows detected. (run.py:272)
2025-01-10 22:16:12,548 - WORKER_RESULT - INFO - clearml - MultiLevelClassPollutionQuery.ql.sarif: 5 flows detected. (run.py:272)
2025-01-10 22:56:34,294 - WORKER_RESULT - INFO - beanie - MultiLevelClassPollutionQuery.ql.sarif: 1 flows detected. (run.py:272)
2025-01-10 23:32:19,473 - WORKER_RESULT - INFO - mo-dots - MultiLevelClassPollutionQuery.ql.sarif: 5 flows detected. (run.py:272)
2025-01-11 00:23:20,376 - WORKER_RESULT - INFO - stringparser - MultiLevelClassPollutionQuery.ql.sarif: 12 flows detected. (run.py:272)
2025-01-11 00:27:32,208 - WORKER_RESULT - INFO - nicegui - MultiLevelClassPollutionQuery.ql.sarif: 1 flows detected. (run.py:272)
2025-01-11 00:53:49,549 - WORKER_RESULT - INFO - google-gax - MultiLevelClassPollutionQuery.ql.sarif: 2 flows detected. (run.py:272)
2025-01-11 01:17:39,356 - WORKER_RESULT - INFO - deepdiff6 - MultiLevelClassPollutionQuery.ql.sarif: 4 flows detected. (run.py:272)
