2025-03-01 10:11:37,532 - CodeQLRunner - INFO - Building CodeQL database for: /home/jackfromeast/Desktop/python-class-pollution/tasks/class-pollution-other-1K/output/tensorpack/codebase (logger.py:42)
2025-03-01 10:11:43,155 - CodeQLRunner - INFO - CodeQL database created successfully at /home/jackfromeast/Desktop/python-class-pollution/tasks/class-pollution-other-1K/output/tensorpack/codeql-db (logger.py:42)
2025-03-01 10:11:43,155 - CodeQLRunner - INFO - Running CodeQL queries on database: /home/jackfromeast/Desktop/python-class-pollution/tasks/class-pollution-other-1K/output/tensorpack/codeql-db (logger.py:42)
2025-03-01 10:11:43,155 - CodeQLRunner - INFO - Running query: /home/jackfromeast/Desktop/python-class-pollution/codeql-query/class-pollution-all/query/MultiLevelClassPollutionQueryNewSetAttrGetAttr.ql (logger.py:42)
2025-03-01 10:12:02,386 - CodeQLRunner - INFO - Query /home/jackfromeast/Desktop/python-class-pollution/codeql-query/class-pollution-all/query/MultiLevelClassPollutionQueryNewSetAttrGetAttr.ql executed successfully. Results saved to /home/jackfromeast/Desktop/python-class-pollution/tasks/class-pollution-other-1K/output/tensorpack/results/MultiLevelClassPollutionQueryNewSetAttrGetAttr.ql.sarif (logger.py:42)
2025-03-01 10:12:02,386 - CodeQLRunner - INFO - Query completed successfully: /home/jackfromeast/Desktop/python-class-pollution/codeql-query/class-pollution-all/query/MultiLevelClassPollutionQueryNewSetAttrGetAttr.ql (logger.py:42)
2025-03-01 10:12:02,386 - CodeQLRunner - INFO - Running query: /home/jackfromeast/Desktop/python-class-pollution/codeql-query/class-pollution-all/query/MultiLevelClassPollutionQueryNewSetAttrGetBoth.ql (logger.py:42)
2025-03-01 10:12:11,222 - CodeQLRunner - INFO - Query /home/jackfromeast/Desktop/python-class-pollution/codeql-query/class-pollution-all/query/MultiLevelClassPollutionQueryNewSetAttrGetBoth.ql executed successfully. Results saved to /home/jackfromeast/Desktop/python-class-pollution/tasks/class-pollution-other-1K/output/tensorpack/results/MultiLevelClassPollutionQueryNewSetAttrGetBoth.ql.sarif (logger.py:42)
2025-03-01 10:12:11,223 - CodeQLRunner - INFO - Query completed successfully: /home/jackfromeast/Desktop/python-class-pollution/codeql-query/class-pollution-all/query/MultiLevelClassPollutionQueryNewSetAttrGetBoth.ql (logger.py:42)
2025-03-01 10:12:11,223 - CodeQLRunner - INFO - Running query: /home/jackfromeast/Desktop/python-class-pollution/codeql-query/class-pollution-all/query/MultiLevelClassPollutionQueryNewSetItemGetAttr.ql (logger.py:42)
2025-03-01 10:12:20,104 - CodeQLRunner - INFO - Query /home/jackfromeast/Desktop/python-class-pollution/codeql-query/class-pollution-all/query/MultiLevelClassPollutionQueryNewSetItemGetAttr.ql executed successfully. Results saved to /home/jackfromeast/Desktop/python-class-pollution/tasks/class-pollution-other-1K/output/tensorpack/results/MultiLevelClassPollutionQueryNewSetItemGetAttr.ql.sarif (logger.py:42)
2025-03-01 10:12:20,104 - CodeQLRunner - INFO - Query completed successfully: /home/jackfromeast/Desktop/python-class-pollution/codeql-query/class-pollution-all/query/MultiLevelClassPollutionQueryNewSetItemGetAttr.ql (logger.py:42)
2025-03-01 10:12:20,105 - CodeQLRunner - INFO - Running query: /home/jackfromeast/Desktop/python-class-pollution/codeql-query/class-pollution-all/query/MultiLevelClassPollutionQueryNewSetItemGetBoth.ql (logger.py:42)
2025-03-01 10:12:28,833 - CodeQLRunner - INFO - Query /home/jackfromeast/Desktop/python-class-pollution/codeql-query/class-pollution-all/query/MultiLevelClassPollutionQueryNewSetItemGetBoth.ql executed successfully. Results saved to /home/jackfromeast/Desktop/python-class-pollution/tasks/class-pollution-other-1K/output/tensorpack/results/MultiLevelClassPollutionQueryNewSetItemGetBoth.ql.sarif (logger.py:42)
2025-03-01 10:12:28,833 - CodeQLRunner - INFO - Query completed successfully: /home/jackfromeast/Desktop/python-class-pollution/codeql-query/class-pollution-all/query/MultiLevelClassPollutionQueryNewSetItemGetBoth.ql (logger.py:42)
2025-03-01 10:12:28,833 - CodeQLRunner - INFO - Summarizing CodeQL results... (logger.py:42)
2025-03-01 10:12:28,834 - CodeQLRunner - INFO - Processed /home/jackfromeast/Desktop/python-class-pollution/tasks/class-pollution-other-1K/output/tensorpack/results/MultiLevelClassPollutionQueryNewSetAttrGetBoth.ql.sarif: 0 flows detected. (logger.py:42)
2025-03-01 10:12:28,835 - CodeQLRunner - INFO - Processed /home/jackfromeast/Desktop/python-class-pollution/tasks/class-pollution-other-1K/output/tensorpack/results/MultiLevelClassPollutionQueryNewSetAttrGetAttr.ql.sarif: 2 flows detected. (logger.py:42)
2025-03-01 10:12:28,836 - CodeQLRunner - INFO - Processed /home/jackfromeast/Desktop/python-class-pollution/tasks/class-pollution-other-1K/output/tensorpack/results/MultiLevelClassPollutionQueryNewSetItemGetBoth.ql.sarif: 0 flows detected. (logger.py:42)
2025-03-01 10:12:28,836 - CodeQLRunner - INFO - Processed /home/jackfromeast/Desktop/python-class-pollution/tasks/class-pollution-other-1K/output/tensorpack/results/MultiLevelClassPollutionQueryNewSetItemGetAttr.ql.sarif: 0 flows detected. (logger.py:42)
2025-03-01 10:12:28,837 - CodeQLRunner - INFO - Summary saved to /home/jackfromeast/Desktop/python-class-pollution/tasks/class-pollution-other-1K/output/tensorpack/results/summary.json (logger.py:42)
