2025-02-09 15:26:56,823 - CodeQLRunner - INFO - Building CodeQL database for: /home/jackfromeast/Desktop/python-class-pollution/tasks/dependency-check-1K-r1/output/robusta/dependency/output/blinker/codebase (logger.py:41)
2025-02-09 15:26:58,683 - CodeQLRunner - INFO - CodeQL database created successfully at /home/jackfromeast/Desktop/python-class-pollution/tasks/dependency-check-1K-r1/output/robusta/dependency/output/blinker/codeql-db (logger.py:41)
2025-02-09 15:26:58,683 - CodeQLRunner - INFO - Running CodeQL queries on database: /home/jackfromeast/Desktop/python-class-pollution/tasks/dependency-check-1K-r1/output/robusta/dependency/output/blinker/codeql-db (logger.py:41)
2025-02-09 15:26:58,683 - CodeQLRunner - INFO - Running query: /home/jackfromeast/Desktop/python-class-pollution/codeql-query/class-pollution-all/query/DependencyClassPollutionSource.ql (logger.py:41)
2025-02-09 15:27:03,572 - CodeQLRunner - INFO - Query /home/jackfromeast/Desktop/python-class-pollution/codeql-query/class-pollution-all/query/DependencyClassPollutionSource.ql executed successfully. Results saved to /home/jackfromeast/Desktop/python-class-pollution/tasks/dependency-check-1K-r1/output/robusta/dependency/output/blinker/results/DependencyClassPollutionSource.ql.sarif (logger.py:41)
2025-02-09 15:27:03,572 - CodeQLRunner - INFO - Query completed successfully: /home/jackfromeast/Desktop/python-class-pollution/codeql-query/class-pollution-all/query/DependencyClassPollutionSource.ql (logger.py:41)
2025-02-09 15:27:03,572 - CodeQLRunner - INFO - Running query: /home/jackfromeast/Desktop/python-class-pollution/codeql-query/class-pollution-all/query/DependencyClassPollutionSink.ql (logger.py:41)
2025-02-09 15:27:07,485 - CodeQLRunner - INFO - Query /home/jackfromeast/Desktop/python-class-pollution/codeql-query/class-pollution-all/query/DependencyClassPollutionSink.ql executed successfully. Results saved to /home/jackfromeast/Desktop/python-class-pollution/tasks/dependency-check-1K-r1/output/robusta/dependency/output/blinker/results/DependencyClassPollutionSink.ql.sarif (logger.py:41)
2025-02-09 15:27:07,486 - CodeQLRunner - INFO - Query completed successfully: /home/jackfromeast/Desktop/python-class-pollution/codeql-query/class-pollution-all/query/DependencyClassPollutionSink.ql (logger.py:41)
2025-02-09 15:27:07,486 - CodeQLRunner - INFO - Running query: /home/jackfromeast/Desktop/python-class-pollution/codeql-query/class-pollution-all/query/DependencyClassPollutionTaintProp.ql (logger.py:41)
2025-02-09 15:27:11,395 - CodeQLRunner - INFO - Query /home/jackfromeast/Desktop/python-class-pollution/codeql-query/class-pollution-all/query/DependencyClassPollutionTaintProp.ql executed successfully. Results saved to /home/jackfromeast/Desktop/python-class-pollution/tasks/dependency-check-1K-r1/output/robusta/dependency/output/blinker/results/DependencyClassPollutionTaintProp.ql.sarif (logger.py:41)
2025-02-09 15:27:11,395 - CodeQLRunner - INFO - Query completed successfully: /home/jackfromeast/Desktop/python-class-pollution/codeql-query/class-pollution-all/query/DependencyClassPollutionTaintProp.ql (logger.py:41)
2025-02-09 15:27:11,395 - CodeQLRunner - INFO - Summarizing CodeQL results... (logger.py:41)
2025-02-09 15:27:11,396 - CodeQLRunner - INFO - Processed /home/jackfromeast/Desktop/python-class-pollution/tasks/dependency-check-1K-r1/output/robusta/dependency/output/blinker/results/DependencyClassPollutionSink.ql.sarif: 0 flows detected. (logger.py:41)
2025-02-09 15:27:11,396 - CodeQLRunner - INFO - Processed /home/jackfromeast/Desktop/python-class-pollution/tasks/dependency-check-1K-r1/output/robusta/dependency/output/blinker/results/DependencyClassPollutionSource.ql.sarif: 0 flows detected. (logger.py:41)
2025-02-09 15:27:11,396 - CodeQLRunner - INFO - Processed /home/jackfromeast/Desktop/python-class-pollution/tasks/dependency-check-1K-r1/output/robusta/dependency/output/blinker/results/DependencyClassPollutionTaintProp.ql.sarif: 2 flows detected. (logger.py:41)
2025-02-09 15:27:11,396 - CodeQLRunner - INFO - Summary saved to /home/jackfromeast/Desktop/python-class-pollution/tasks/dependency-check-1K-r1/output/robusta/dependency/output/blinker/results/summary.json (logger.py:41)
2025-02-09 15:27:11,396 - CodeQLRunner - INFO - Cleaning up CodeQL database and codebase... (logger.py:41)
2025-02-09 15:27:12,447 - CodeQLRunner - INFO - No processes found using /home/jackfromeast/Desktop/python-class-pollution/tasks/dependency-check-1K-r1/output/robusta/dependency/output/blinker/codeql-db. (logger.py:41)
2025-02-09 15:27:12,459 - CodeQLRunner - INFO - Removed CodeQL database at /home/jackfromeast/Desktop/python-class-pollution/tasks/dependency-check-1K-r1/output/robusta/dependency/output/blinker/codeql-db (logger.py:41)
2025-02-09 15:27:12,459 - CodeQLRunner - INFO - Removed codebase at /home/jackfromeast/Desktop/python-class-pollution/tasks/dependency-check-1K-r1/output/robusta/dependency/output/blinker/codebase (logger.py:41)
