2025-02-09 15:39:06,647 - CodeQLRunner - INFO - Building CodeQL database for: /home/jackfromeast/Desktop/python-class-pollution/tasks/dependency-check-1K-r1/output/robusta/dependency/output/importlib-metadata/codebase (logger.py:41)
2025-02-09 15:39:08,618 - CodeQLRunner - INFO - CodeQL database created successfully at /home/jackfromeast/Desktop/python-class-pollution/tasks/dependency-check-1K-r1/output/robusta/dependency/output/importlib-metadata/codeql-db (logger.py:41)
2025-02-09 15:39:08,618 - CodeQLRunner - INFO - Running CodeQL queries on database: /home/jackfromeast/Desktop/python-class-pollution/tasks/dependency-check-1K-r1/output/robusta/dependency/output/importlib-metadata/codeql-db (logger.py:41)
2025-02-09 15:39:08,618 - CodeQLRunner - INFO - Running query: /home/jackfromeast/Desktop/python-class-pollution/codeql-query/class-pollution-all/query/DependencyClassPollutionSource.ql (logger.py:41)
2025-02-09 15:39:13,546 - CodeQLRunner - INFO - Query /home/jackfromeast/Desktop/python-class-pollution/codeql-query/class-pollution-all/query/DependencyClassPollutionSource.ql executed successfully. Results saved to /home/jackfromeast/Desktop/python-class-pollution/tasks/dependency-check-1K-r1/output/robusta/dependency/output/importlib-metadata/results/DependencyClassPollutionSource.ql.sarif (logger.py:41)
2025-02-09 15:39:13,546 - CodeQLRunner - INFO - Query completed successfully: /home/jackfromeast/Desktop/python-class-pollution/codeql-query/class-pollution-all/query/DependencyClassPollutionSource.ql (logger.py:41)
2025-02-09 15:39:13,546 - CodeQLRunner - INFO - Running query: /home/jackfromeast/Desktop/python-class-pollution/codeql-query/class-pollution-all/query/DependencyClassPollutionSink.ql (logger.py:41)
2025-02-09 15:39:17,275 - CodeQLRunner - INFO - Query /home/jackfromeast/Desktop/python-class-pollution/codeql-query/class-pollution-all/query/DependencyClassPollutionSink.ql executed successfully. Results saved to /home/jackfromeast/Desktop/python-class-pollution/tasks/dependency-check-1K-r1/output/robusta/dependency/output/importlib-metadata/results/DependencyClassPollutionSink.ql.sarif (logger.py:41)
2025-02-09 15:39:17,276 - CodeQLRunner - INFO - Query completed successfully: /home/jackfromeast/Desktop/python-class-pollution/codeql-query/class-pollution-all/query/DependencyClassPollutionSink.ql (logger.py:41)
2025-02-09 15:39:17,276 - CodeQLRunner - INFO - Running query: /home/jackfromeast/Desktop/python-class-pollution/codeql-query/class-pollution-all/query/DependencyClassPollutionTaintProp.ql (logger.py:41)
2025-02-09 15:39:21,249 - CodeQLRunner - INFO - Query /home/jackfromeast/Desktop/python-class-pollution/codeql-query/class-pollution-all/query/DependencyClassPollutionTaintProp.ql executed successfully. Results saved to /home/jackfromeast/Desktop/python-class-pollution/tasks/dependency-check-1K-r1/output/robusta/dependency/output/importlib-metadata/results/DependencyClassPollutionTaintProp.ql.sarif (logger.py:41)
2025-02-09 15:39:21,249 - CodeQLRunner - INFO - Query completed successfully: /home/jackfromeast/Desktop/python-class-pollution/codeql-query/class-pollution-all/query/DependencyClassPollutionTaintProp.ql (logger.py:41)
2025-02-09 15:39:21,249 - CodeQLRunner - INFO - Summarizing CodeQL results... (logger.py:41)
2025-02-09 15:39:21,249 - CodeQLRunner - INFO - Processed /home/jackfromeast/Desktop/python-class-pollution/tasks/dependency-check-1K-r1/output/robusta/dependency/output/importlib-metadata/results/DependencyClassPollutionSink.ql.sarif: 0 flows detected. (logger.py:41)
2025-02-09 15:39:21,249 - CodeQLRunner - INFO - Processed /home/jackfromeast/Desktop/python-class-pollution/tasks/dependency-check-1K-r1/output/robusta/dependency/output/importlib-metadata/results/DependencyClassPollutionSource.ql.sarif: 0 flows detected. (logger.py:41)
2025-02-09 15:39:21,250 - CodeQLRunner - INFO - Processed /home/jackfromeast/Desktop/python-class-pollution/tasks/dependency-check-1K-r1/output/robusta/dependency/output/importlib-metadata/results/DependencyClassPollutionTaintProp.ql.sarif: 11 flows detected. (logger.py:41)
2025-02-09 15:39:21,250 - CodeQLRunner - INFO - Summary saved to /home/jackfromeast/Desktop/python-class-pollution/tasks/dependency-check-1K-r1/output/robusta/dependency/output/importlib-metadata/results/summary.json (logger.py:41)
2025-02-09 15:39:21,250 - CodeQLRunner - INFO - Cleaning up CodeQL database and codebase... (logger.py:41)
2025-02-09 15:39:22,463 - CodeQLRunner - INFO - No processes found using /home/jackfromeast/Desktop/python-class-pollution/tasks/dependency-check-1K-r1/output/robusta/dependency/output/importlib-metadata/codeql-db. (logger.py:41)
2025-02-09 15:39:22,477 - CodeQLRunner - INFO - Removed CodeQL database at /home/jackfromeast/Desktop/python-class-pollution/tasks/dependency-check-1K-r1/output/robusta/dependency/output/importlib-metadata/codeql-db (logger.py:41)
2025-02-09 15:39:22,477 - CodeQLRunner - INFO - Removed codebase at /home/jackfromeast/Desktop/python-class-pollution/tasks/dependency-check-1K-r1/output/robusta/dependency/output/importlib-metadata/codebase (logger.py:41)
