2025-02-22 23:23:19,558 - GithubDownloader - ERROR - Failed to clone repository: Cloning into '/home/jackfromeast/Desktop/python-class-pollution/tasks/codeql-class-pollution-1K-r3/output/DARKARMY/codebase'...
Missing or invalid credentials.
Error: connect ECONNREFUSED /run/user/1000/vscode-git-7bd689bac0.sock
    at PipeConnectWrap.afterConnect [as oncomplete] (node:net:1611:16) {
  errno: -111,
  code: 'ECONNREFUSED',
  syscall: 'connect',
  address: '/run/user/1000/vscode-git-7bd689bac0.sock'
}
Missing or invalid credentials.
Error: connect ECONNREFUSED /run/user/1000/vscode-git-7bd689bac0.sock
    at PipeConnectWrap.afterConnect [as oncomplete] (node:net:1611:16) {
  errno: -111,
  code: 'ECONNREFUSED',
  syscall: 'connect',
  address: '/run/user/1000/vscode-git-7bd689bac0.sock'
}
remote: Repository not found.
fatal: Authentication failed for 'https://github.com/D4RK-4RMY/DARKARMY.git/'
 (downloader.py:85)
2025-02-22 23:58:15,042 - GithubDownloader - ERROR - Failed to clone repository: Cloning into '/home/jackfromeast/Desktop/python-class-pollution/tasks/codeql-class-pollution-1K-r3/output/comfyui-reactor-node/codebase'...
Missing or invalid credentials.
Error: connect ECONNREFUSED /run/user/1000/vscode-git-7bd689bac0.sock
    at PipeConnectWrap.afterConnect [as oncomplete] (node:net:1611:16) {
  errno: -111,
  code: 'ECONNREFUSED',
  syscall: 'connect',
  address: '/run/user/1000/vscode-git-7bd689bac0.sock'
}
Missing or invalid credentials.
Error: connect ECONNREFUSED /run/user/1000/vscode-git-7bd689bac0.sock
    at PipeConnectWrap.afterConnect [as oncomplete] (node:net:1611:16) {
  errno: -111,
  code: 'ECONNREFUSED',
  syscall: 'connect',
  address: '/run/user/1000/vscode-git-7bd689bac0.sock'
}
remote: Access to this repository has been disabled by GitHub staff.
remote: If you are the repository owner, you can contact support via https://support.github.com/contact for more information.
fatal: Authentication failed for 'https://github.com/Gourieff/comfyui-reactor-node.git/'
 (downloader.py:85)
2025-02-23 00:33:55,985 - GithubDownloader - ERROR - Failed to clone repository: Cloning into '/home/jackfromeast/Desktop/python-class-pollution/tasks/codeql-class-pollution-1K-r3/output/Navigation-Learning/codebase'...
error: unable to create file 课程学习：Kalman滤波/10-卡尔曼滤波原理（十）量测故障检测与强跟踪滤波：量测故障检测与隔离、量测方差自适应滤波、单重渐消因子自适应滤波、多重渐消因子自适应滤波、基于序贯算法的多重渐消因子自适应滤波.md: File name too long
fatal: unable to checkout working tree
warning: Clone succeeded, but checkout failed.
You can inspect what was checked out with 'git status'
and retry with 'git restore --source=HEAD :/'

 (downloader.py:85)
2025-02-23 02:00:05,535 - GithubDownloader - ERROR - Cloning repository timed out after 300 seconds. (downloader.py:91)
2025-02-23 03:13:10,603 - GithubDownloader - ERROR - Failed to clone repository: Cloning into '/home/jackfromeast/Desktop/python-class-pollution/tasks/codeql-class-pollution-1K-r3/output/empyrean/codebase'...
Missing or invalid credentials.
Error: connect ECONNREFUSED /run/user/1000/vscode-git-7bd689bac0.sock
    at PipeConnectWrap.afterConnect [as oncomplete] (node:net:1611:16) {
  errno: -111,
  code: 'ECONNREFUSED',
  syscall: 'connect',
  address: '/run/user/1000/vscode-git-7bd689bac0.sock'
}
Missing or invalid credentials.
Error: connect ECONNREFUSED /run/user/1000/vscode-git-7bd689bac0.sock
    at PipeConnectWrap.afterConnect [as oncomplete] (node:net:1611:16) {
  errno: -111,
  code: 'ECONNREFUSED',
  syscall: 'connect',
  address: '/run/user/1000/vscode-git-7bd689bac0.sock'
}
remote: Repository not found.
fatal: Authentication failed for 'https://github.com/addi00000/empyrean.git/'
 (downloader.py:85)
2025-02-23 04:28:12,818 - GithubDownloader - ERROR - Cloning repository timed out after 300 seconds. (downloader.py:91)
2025-02-23 04:48:05,636 - GithubDownloader - ERROR - Failed to clone repository: Cloning into '/home/jackfromeast/Desktop/python-class-pollution/tasks/codeql-class-pollution-1K-r3/output/cstealer/codebase'...
Missing or invalid credentials.
Error: connect ECONNREFUSED /run/user/1000/vscode-git-7bd689bac0.sock
    at PipeConnectWrap.afterConnect [as oncomplete] (node:net:1611:16) {
  errno: -111,
  code: 'ECONNREFUSED',
  syscall: 'connect',
  address: '/run/user/1000/vscode-git-7bd689bac0.sock'
}
Missing or invalid credentials.
Error: connect ECONNREFUSED /run/user/1000/vscode-git-7bd689bac0.sock
    at PipeConnectWrap.afterConnect [as oncomplete] (node:net:1611:16) {
  errno: -111,
  code: 'ECONNREFUSED',
  syscall: 'connect',
  address: '/run/user/1000/vscode-git-7bd689bac0.sock'
}
remote: Repository not found.
fatal: Authentication failed for 'https://github.com/can-kat/cstealer.git/'
 (downloader.py:85)
2025-02-23 04:56:32,929 - GithubDownloader - ERROR - Cloning repository timed out after 300 seconds. (downloader.py:91)
2025-02-23 05:40:13,530 - GithubDownloader - ERROR - Cloning repository timed out after 300 seconds. (downloader.py:91)
2025-02-23 10:26:00,399 - GithubDownloader - ERROR - Failed to clone repository: Cloning into '/home/jackfromeast/Desktop/python-class-pollution/tasks/codeql-class-pollution-1K-r3/output/DarkGPT/codebase'...
Missing or invalid credentials.
Error: connect ECONNREFUSED /run/user/1000/vscode-git-7bd689bac0.sock
    at PipeConnectWrap.afterConnect [as oncomplete] (node:net:1611:16) {
  errno: -111,
  code: 'ECONNREFUSED',
  syscall: 'connect',
  address: '/run/user/1000/vscode-git-7bd689bac0.sock'
}
Missing or invalid credentials.
Error: connect ECONNREFUSED /run/user/1000/vscode-git-7bd689bac0.sock
    at PipeConnectWrap.afterConnect [as oncomplete] (node:net:1611:16) {
  errno: -111,
  code: 'ECONNREFUSED',
  syscall: 'connect',
  address: '/run/user/1000/vscode-git-7bd689bac0.sock'
}
remote: Repository not found.
fatal: Authentication failed for 'https://github.com/luijait/DarkGPT.git/'
 (downloader.py:85)
2025-02-23 12:12:42,345 - GithubDownloader - ERROR - Cloning repository timed out after 300 seconds. (downloader.py:91)
2025-02-23 12:22:55,864 - GithubDownloader - ERROR - Cloning repository timed out after 300 seconds. (downloader.py:91)
2025-02-23 12:23:04,394 - GithubDownloader - ERROR - Cloning repository timed out after 300 seconds. (downloader.py:91)
2025-02-23 12:32:12,595 - GithubDownloader - ERROR - Cloning repository timed out after 300 seconds. (downloader.py:91)
2025-02-23 12:49:04,421 - GithubDownloader - ERROR - Cloning repository timed out after 300 seconds. (downloader.py:91)
2025-02-23 13:00:28,250 - GithubDownloader - ERROR - Cloning repository timed out after 300 seconds. (downloader.py:91)
2025-02-23 13:10:47,291 - GithubDownloader - ERROR - Cloning repository timed out after 300 seconds. (downloader.py:91)
2025-02-23 15:07:45,196 - GithubDownloader - ERROR - Cloning repository timed out after 300 seconds. (downloader.py:91)
2025-02-23 15:16:10,899 - GithubDownloader - ERROR - Cloning repository timed out after 300 seconds. (downloader.py:91)
2025-02-23 16:47:36,787 - GithubDownloader - ERROR - Cloning repository timed out after 300 seconds. (downloader.py:91)
2025-02-23 16:51:55,918 - GithubDownloader - ERROR - Failed to clone repository: Cloning into '/home/jackfromeast/Desktop/python-class-pollution/tasks/codeql-class-pollution-1K-r3/output/manticore/codebase'...
error: unable to write file /home/jackfromeast/Desktop/python-class-pollution/tasks/codeql-class-pollution-1K-r3/output/manticore/codebase/.git/objects/pack/pack-c289426aec5bded4d7c97de6f9c171dc8f44edf3.pack: No such file or directory
fatal: unable to rename temporary '*.pack' file to '/home/jackfromeast/Desktop/python-class-pollution/tasks/codeql-class-pollution-1K-r3/output/manticore/codebase/.git/objects/pack/pack-c289426aec5bded4d7c97de6f9c171dc8f44edf3.pack'
fatal: fetch-pack: invalid index-pack output
 (downloader.py:85)
2025-02-23 16:51:58,128 - GithubDownloader - ERROR - Failed to clone repository: Cloning into '/home/jackfromeast/Desktop/python-class-pollution/tasks/codeql-class-pollution-1K-r3/output/pix2code/codebase'...
error: unable to write file /home/jackfromeast/Desktop/python-class-pollution/tasks/codeql-class-pollution-1K-r3/output/pix2code/codebase/.git/objects/pack/pack-d7f4aeffd39e604f3ed3a001713dcc82fe94fbdc.pack: No such file or directory
fatal: unable to rename temporary '*.pack' file to '/home/jackfromeast/Desktop/python-class-pollution/tasks/codeql-class-pollution-1K-r3/output/pix2code/codebase/.git/objects/pack/pack-d7f4aeffd39e604f3ed3a001713dcc82fe94fbdc.pack'
fatal: fetch-pack: invalid index-pack output
 (downloader.py:85)
