2025-03-01 03:00:48,153 - CodeQLRunner - INFO - Building CodeQL database for: /home/jackfromeast/Desktop/python-class-pollution/tasks/class-pollution-other-1K/output/omegaconf/codebase (logger.py:42)
2025-03-01 03:00:53,665 - CodeQLRunner - INFO - CodeQL database created successfully at /home/jackfromeast/Desktop/python-class-pollution/tasks/class-pollution-other-1K/output/omegaconf/codeql-db (logger.py:42)
2025-03-01 03:00:53,665 - CodeQLRunner - INFO - Running CodeQL queries on database: /home/jackfromeast/Desktop/python-class-pollution/tasks/class-pollution-other-1K/output/omegaconf/codeql-db (logger.py:42)
2025-03-01 03:00:53,665 - CodeQLRunner - INFO - Running query: /home/jackfromeast/Desktop/python-class-pollution/codeql-query/class-pollution-all/query/MultiLevelClassPollutionQueryNewSetAttrGetAttr.ql (logger.py:42)
2025-03-01 03:01:56,923 - CodeQLRunner - INFO - Query /home/jackfromeast/Desktop/python-class-pollution/codeql-query/class-pollution-all/query/MultiLevelClassPollutionQueryNewSetAttrGetAttr.ql executed successfully. Results saved to /home/jackfromeast/Desktop/python-class-pollution/tasks/class-pollution-other-1K/output/omegaconf/results/MultiLevelClassPollutionQueryNewSetAttrGetAttr.ql.sarif (logger.py:42)
2025-03-01 03:01:56,923 - CodeQLRunner - INFO - Query completed successfully: /home/jackfromeast/Desktop/python-class-pollution/codeql-query/class-pollution-all/query/MultiLevelClassPollutionQueryNewSetAttrGetAttr.ql (logger.py:42)
2025-03-01 03:01:56,924 - CodeQLRunner - INFO - Running query: /home/jackfromeast/Desktop/python-class-pollution/codeql-query/class-pollution-all/query/MultiLevelClassPollutionQueryNewSetAttrGetBoth.ql (logger.py:42)
2025-03-01 03:02:49,637 - CodeQLRunner - INFO - Query /home/jackfromeast/Desktop/python-class-pollution/codeql-query/class-pollution-all/query/MultiLevelClassPollutionQueryNewSetAttrGetBoth.ql executed successfully. Results saved to /home/jackfromeast/Desktop/python-class-pollution/tasks/class-pollution-other-1K/output/omegaconf/results/MultiLevelClassPollutionQueryNewSetAttrGetBoth.ql.sarif (logger.py:42)
2025-03-01 03:02:49,637 - CodeQLRunner - INFO - Query completed successfully: /home/jackfromeast/Desktop/python-class-pollution/codeql-query/class-pollution-all/query/MultiLevelClassPollutionQueryNewSetAttrGetBoth.ql (logger.py:42)
2025-03-01 03:02:49,638 - CodeQLRunner - INFO - Running query: /home/jackfromeast/Desktop/python-class-pollution/codeql-query/class-pollution-all/query/MultiLevelClassPollutionQueryNewSetItemGetAttr.ql (logger.py:42)
2025-03-01 03:03:51,743 - CodeQLRunner - INFO - Query /home/jackfromeast/Desktop/python-class-pollution/codeql-query/class-pollution-all/query/MultiLevelClassPollutionQueryNewSetItemGetAttr.ql executed successfully. Results saved to /home/jackfromeast/Desktop/python-class-pollution/tasks/class-pollution-other-1K/output/omegaconf/results/MultiLevelClassPollutionQueryNewSetItemGetAttr.ql.sarif (logger.py:42)
2025-03-01 03:03:51,744 - CodeQLRunner - INFO - Query completed successfully: /home/jackfromeast/Desktop/python-class-pollution/codeql-query/class-pollution-all/query/MultiLevelClassPollutionQueryNewSetItemGetAttr.ql (logger.py:42)
2025-03-01 03:03:51,744 - CodeQLRunner - INFO - Running query: /home/jackfromeast/Desktop/python-class-pollution/codeql-query/class-pollution-all/query/MultiLevelClassPollutionQueryNewSetItemGetBoth.ql (logger.py:42)
2025-03-01 03:05:23,821 - CodeQLRunner - INFO - Query /home/jackfromeast/Desktop/python-class-pollution/codeql-query/class-pollution-all/query/MultiLevelClassPollutionQueryNewSetItemGetBoth.ql executed successfully. Results saved to /home/jackfromeast/Desktop/python-class-pollution/tasks/class-pollution-other-1K/output/omegaconf/results/MultiLevelClassPollutionQueryNewSetItemGetBoth.ql.sarif (logger.py:42)
2025-03-01 03:05:23,822 - CodeQLRunner - INFO - Query completed successfully: /home/jackfromeast/Desktop/python-class-pollution/codeql-query/class-pollution-all/query/MultiLevelClassPollutionQueryNewSetItemGetBoth.ql (logger.py:42)
2025-03-01 03:05:23,822 - CodeQLRunner - INFO - Summarizing CodeQL results... (logger.py:42)
2025-03-01 03:05:23,822 - CodeQLRunner - INFO - Processed /home/jackfromeast/Desktop/python-class-pollution/tasks/class-pollution-other-1K/output/omegaconf/results/MultiLevelClassPollutionQueryNewSetAttrGetBoth.ql.sarif: 0 flows detected. (logger.py:42)
2025-03-01 03:05:23,823 - CodeQLRunner - INFO - Processed /home/jackfromeast/Desktop/python-class-pollution/tasks/class-pollution-other-1K/output/omegaconf/results/MultiLevelClassPollutionQueryNewSetAttrGetAttr.ql.sarif: 0 flows detected. (logger.py:42)
2025-03-01 03:05:23,824 - CodeQLRunner - INFO - Processed /home/jackfromeast/Desktop/python-class-pollution/tasks/class-pollution-other-1K/output/omegaconf/results/MultiLevelClassPollutionQueryNewSetItemGetBoth.ql.sarif: 20 flows detected. (logger.py:42)
2025-03-01 03:05:23,825 - CodeQLRunner - INFO - Processed /home/jackfromeast/Desktop/python-class-pollution/tasks/class-pollution-other-1K/output/omegaconf/results/MultiLevelClassPollutionQueryNewSetItemGetAttr.ql.sarif: 22 flows detected. (logger.py:42)
2025-03-01 03:05:23,825 - CodeQLRunner - INFO - Summary saved to /home/jackfromeast/Desktop/python-class-pollution/tasks/class-pollution-other-1K/output/omegaconf/results/summary.json (logger.py:42)
