2025-02-09 16:02:09,100 - CodeQLRunner - INFO - Building CodeQL database for: /home/jackfromeast/Desktop/python-class-pollution/tasks/dependency-check-1K-r1/output/glom/dependency/output/pyyaml/codebase (logger.py:41)
2025-02-09 16:02:11,322 - CodeQLRunner - INFO - CodeQL database created successfully at /home/jackfromeast/Desktop/python-class-pollution/tasks/dependency-check-1K-r1/output/glom/dependency/output/pyyaml/codeql-db (logger.py:41)
2025-02-09 16:02:11,322 - CodeQLRunner - INFO - Running CodeQL queries on database: /home/jackfromeast/Desktop/python-class-pollution/tasks/dependency-check-1K-r1/output/glom/dependency/output/pyyaml/codeql-db (logger.py:41)
2025-02-09 16:02:11,322 - CodeQLRunner - INFO - Running query: /home/jackfromeast/Desktop/python-class-pollution/codeql-query/class-pollution-all/query/DependencyClassPollutionSource.ql (logger.py:41)
2025-02-09 16:02:19,481 - CodeQLRunner - INFO - Query /home/jackfromeast/Desktop/python-class-pollution/codeql-query/class-pollution-all/query/DependencyClassPollutionSource.ql executed successfully. Results saved to /home/jackfromeast/Desktop/python-class-pollution/tasks/dependency-check-1K-r1/output/glom/dependency/output/pyyaml/results/DependencyClassPollutionSource.ql.sarif (logger.py:41)
2025-02-09 16:02:19,481 - CodeQLRunner - INFO - Query completed successfully: /home/jackfromeast/Desktop/python-class-pollution/codeql-query/class-pollution-all/query/DependencyClassPollutionSource.ql (logger.py:41)
2025-02-09 16:02:19,481 - CodeQLRunner - INFO - Running query: /home/jackfromeast/Desktop/python-class-pollution/codeql-query/class-pollution-all/query/DependencyClassPollutionSink.ql (logger.py:41)
2025-02-09 16:02:24,950 - CodeQLRunner - INFO - Query /home/jackfromeast/Desktop/python-class-pollution/codeql-query/class-pollution-all/query/DependencyClassPollutionSink.ql executed successfully. Results saved to /home/jackfromeast/Desktop/python-class-pollution/tasks/dependency-check-1K-r1/output/glom/dependency/output/pyyaml/results/DependencyClassPollutionSink.ql.sarif (logger.py:41)
2025-02-09 16:02:24,950 - CodeQLRunner - INFO - Query completed successfully: /home/jackfromeast/Desktop/python-class-pollution/codeql-query/class-pollution-all/query/DependencyClassPollutionSink.ql (logger.py:41)
2025-02-09 16:02:24,950 - CodeQLRunner - INFO - Running query: /home/jackfromeast/Desktop/python-class-pollution/codeql-query/class-pollution-all/query/DependencyClassPollutionTaintProp.ql (logger.py:41)
2025-02-09 16:02:29,778 - CodeQLRunner - INFO - Query /home/jackfromeast/Desktop/python-class-pollution/codeql-query/class-pollution-all/query/DependencyClassPollutionTaintProp.ql executed successfully. Results saved to /home/jackfromeast/Desktop/python-class-pollution/tasks/dependency-check-1K-r1/output/glom/dependency/output/pyyaml/results/DependencyClassPollutionTaintProp.ql.sarif (logger.py:41)
2025-02-09 16:02:29,778 - CodeQLRunner - INFO - Query completed successfully: /home/jackfromeast/Desktop/python-class-pollution/codeql-query/class-pollution-all/query/DependencyClassPollutionTaintProp.ql (logger.py:41)
2025-02-09 16:02:29,778 - CodeQLRunner - INFO - Summarizing CodeQL results... (logger.py:41)
2025-02-09 16:02:29,779 - CodeQLRunner - INFO - Processed /home/jackfromeast/Desktop/python-class-pollution/tasks/dependency-check-1K-r1/output/glom/dependency/output/pyyaml/results/DependencyClassPollutionSink.ql.sarif: 3 flows detected. (logger.py:41)
2025-02-09 16:02:29,779 - CodeQLRunner - INFO - Processed /home/jackfromeast/Desktop/python-class-pollution/tasks/dependency-check-1K-r1/output/glom/dependency/output/pyyaml/results/DependencyClassPollutionSource.ql.sarif: 0 flows detected. (logger.py:41)
2025-02-09 16:02:29,779 - CodeQLRunner - INFO - Processed /home/jackfromeast/Desktop/python-class-pollution/tasks/dependency-check-1K-r1/output/glom/dependency/output/pyyaml/results/DependencyClassPollutionTaintProp.ql.sarif: 0 flows detected. (logger.py:41)
2025-02-09 16:02:29,779 - CodeQLRunner - INFO - Summary saved to /home/jackfromeast/Desktop/python-class-pollution/tasks/dependency-check-1K-r1/output/glom/dependency/output/pyyaml/results/summary.json (logger.py:41)
2025-02-09 16:02:29,779 - CodeQLRunner - INFO - Cleaning up CodeQL database and codebase... (logger.py:41)
2025-02-09 16:02:30,987 - CodeQLRunner - INFO - No processes found using /home/jackfromeast/Desktop/python-class-pollution/tasks/dependency-check-1K-r1/output/glom/dependency/output/pyyaml/codeql-db. (logger.py:41)
2025-02-09 16:02:31,003 - CodeQLRunner - INFO - Removed CodeQL database at /home/jackfromeast/Desktop/python-class-pollution/tasks/dependency-check-1K-r1/output/glom/dependency/output/pyyaml/codeql-db (logger.py:41)
2025-02-09 16:02:31,004 - CodeQLRunner - INFO - Removed codebase at /home/jackfromeast/Desktop/python-class-pollution/tasks/dependency-check-1K-r1/output/glom/dependency/output/pyyaml/codebase (logger.py:41)
