2025-02-09 15:25:05,550 - DependencyResolver - INFO - Found Poetry manifest file: /home/jackfromeast/Desktop/python-class-pollution/tasks/dependency-check-1K-r1/output/robusta/codebase/pyproject.toml (resolver.py:79)
2025-02-09 15:25:05,550 - DependencyResolver - INFO - Found PDM manifest file: /home/jackfromeast/Desktop/python-class-pollution/tasks/dependency-check-1K-r1/output/robusta/codebase/pyproject.toml (resolver.py:79)
2025-02-09 15:25:05,550 - DependencyResolver - INFO - Found Poetry manifest file: /home/jackfromeast/Desktop/python-class-pollution/tasks/dependency-check-1K-r1/output/robusta/codebase/poetry.lock (resolver.py:79)
2025-02-09 15:25:05,550 - DependencyResolver - INFO - Found Poetry manifest file: /home/jackfromeast/Desktop/python-class-pollution/tasks/dependency-check-1K-r1/output/robusta/codebase/playbooks/pyproject.toml (resolver.py:79)
2025-02-09 15:25:05,550 - DependencyResolver - INFO - Found PDM manifest file: /home/jackfromeast/Desktop/python-class-pollution/tasks/dependency-check-1K-r1/output/robusta/codebase/playbooks/pyproject.toml (resolver.py:79)
2025-02-09 15:25:06,184 - DependencyAnalyzer - INFO - Start running codeql queries for alabaster (logger.py:41)
2025-02-09 15:25:20,834 - DependencyAnalyzer - WARNING - No results found for alabaster (logger.py:41)
2025-02-09 15:25:21,150 - DependencyAnalyzer - INFO - Start running codeql queries for anyio (logger.py:41)
2025-02-09 15:25:40,386 - DependencyAnalyzer - INFO - Data extension saved to /home/jackfromeast/Desktop/python-class-pollution/tasks/dependency-check-1K-r1/output/robusta/dependency/output/anyio/results/data_extension.yaml (logger.py:41)
2025-02-09 15:25:40,708 - DependencyAnalyzer - INFO - Start running codeql queries for apprise (logger.py:41)
2025-02-09 15:26:13,725 - DependencyAnalyzer - INFO - Data extension saved to /home/jackfromeast/Desktop/python-class-pollution/tasks/dependency-check-1K-r1/output/robusta/dependency/output/apprise/results/data_extension.yaml (logger.py:41)
2025-02-09 15:26:14,052 - DependencyAnalyzer - INFO - Start running codeql queries for attrs (logger.py:41)
2025-02-09 15:26:32,931 - DependencyAnalyzer - INFO - Data extension saved to /home/jackfromeast/Desktop/python-class-pollution/tasks/dependency-check-1K-r1/output/robusta/dependency/output/attrs/results/data_extension.yaml (logger.py:41)
2025-02-09 15:26:33,371 - DependencyAnalyzer - INFO - Start running codeql queries for babel (logger.py:41)
2025-02-09 15:26:54,334 - DependencyAnalyzer - INFO - Data extension saved to /home/jackfromeast/Desktop/python-class-pollution/tasks/dependency-check-1K-r1/output/robusta/dependency/output/babel/results/data_extension.yaml (logger.py:41)
2025-02-09 15:26:55,855 - DependencyAnalyzer - ERROR - Failed to download codebase for backports-zoneinfo (logger.py:41)
2025-02-09 15:26:56,509 - DependencyAnalyzer - ERROR - Failed to download codebase for bitmath (logger.py:41)
2025-02-09 15:26:56,823 - DependencyAnalyzer - INFO - Start running codeql queries for blinker (logger.py:41)
2025-02-09 15:27:12,460 - DependencyAnalyzer - INFO - Data extension saved to /home/jackfromeast/Desktop/python-class-pollution/tasks/dependency-check-1K-r1/output/robusta/dependency/output/blinker/results/data_extension.yaml (logger.py:41)
2025-02-09 15:27:12,861 - DependencyAnalyzer - INFO - Start running codeql queries for boto3 (logger.py:41)
2025-02-09 15:27:30,529 - DependencyAnalyzer - INFO - Data extension saved to /home/jackfromeast/Desktop/python-class-pollution/tasks/dependency-check-1K-r1/output/robusta/dependency/output/boto3/results/data_extension.yaml (logger.py:41)
2025-02-09 15:27:31,046 - DependencyAnalyzer - INFO - Start running codeql queries for botocore (logger.py:41)
2025-02-09 15:27:56,295 - DependencyAnalyzer - INFO - Data extension saved to /home/jackfromeast/Desktop/python-class-pollution/tasks/dependency-check-1K-r1/output/robusta/dependency/output/botocore/results/data_extension.yaml (logger.py:41)
2025-02-09 15:27:56,601 - DependencyAnalyzer - INFO - Start running codeql queries for cachetools (logger.py:41)
2025-02-09 15:28:12,776 - DependencyAnalyzer - INFO - Data extension saved to /home/jackfromeast/Desktop/python-class-pollution/tasks/dependency-check-1K-r1/output/robusta/dependency/output/cachetools/results/data_extension.yaml (logger.py:41)
2025-02-09 15:28:13,108 - DependencyAnalyzer - INFO - Start running codeql queries for certifi (logger.py:41)
2025-02-09 15:28:27,516 - DependencyAnalyzer - WARNING - No results found for certifi (logger.py:41)
2025-02-09 15:28:27,868 - DependencyAnalyzer - INFO - Start running codeql queries for cffi (logger.py:41)
2025-02-09 15:28:47,732 - DependencyAnalyzer - INFO - Data extension saved to /home/jackfromeast/Desktop/python-class-pollution/tasks/dependency-check-1K-r1/output/robusta/dependency/output/cffi/results/data_extension.yaml (logger.py:41)
2025-02-09 15:28:48,060 - DependencyAnalyzer - INFO - Start running codeql queries for charset-normalizer (logger.py:41)
2025-02-09 15:29:06,339 - DependencyAnalyzer - INFO - Data extension saved to /home/jackfromeast/Desktop/python-class-pollution/tasks/dependency-check-1K-r1/output/robusta/dependency/output/charset-normalizer/results/data_extension.yaml (logger.py:41)
2025-02-09 15:29:06,649 - DependencyAnalyzer - INFO - Start running codeql queries for click (logger.py:41)
2025-02-09 15:29:26,421 - DependencyAnalyzer - INFO - Data extension saved to /home/jackfromeast/Desktop/python-class-pollution/tasks/dependency-check-1K-r1/output/robusta/dependency/output/click/results/data_extension.yaml (logger.py:41)
2025-02-09 15:29:26,737 - DependencyAnalyzer - INFO - Start running codeql queries for colorama (logger.py:41)
2025-02-09 15:29:42,643 - DependencyAnalyzer - INFO - Data extension saved to /home/jackfromeast/Desktop/python-class-pollution/tasks/dependency-check-1K-r1/output/robusta/dependency/output/colorama/results/data_extension.yaml (logger.py:41)
2025-02-09 15:29:42,960 - DependencyAnalyzer - INFO - Start running codeql queries for colorlog (logger.py:41)
2025-02-09 15:29:58,196 - DependencyAnalyzer - WARNING - No results found for colorlog (logger.py:41)
2025-02-09 15:29:58,520 - DependencyAnalyzer - INFO - Start running codeql queries for contourpy (logger.py:41)
2025-02-09 15:30:16,156 - DependencyAnalyzer - INFO - Data extension saved to /home/jackfromeast/Desktop/python-class-pollution/tasks/dependency-check-1K-r1/output/robusta/dependency/output/contourpy/results/data_extension.yaml (logger.py:41)
2025-02-09 15:30:16,472 - DependencyAnalyzer - INFO - Start running codeql queries for croniter (logger.py:41)
2025-02-09 15:30:33,000 - DependencyAnalyzer - INFO - Data extension saved to /home/jackfromeast/Desktop/python-class-pollution/tasks/dependency-check-1K-r1/output/robusta/dependency/output/croniter/results/data_extension.yaml (logger.py:41)
2025-02-09 15:30:33,420 - DependencyAnalyzer - INFO - Start running codeql queries for cryptography (logger.py:41)
2025-02-09 15:30:52,444 - DependencyAnalyzer - INFO - Data extension saved to /home/jackfromeast/Desktop/python-class-pollution/tasks/dependency-check-1K-r1/output/robusta/dependency/output/cryptography/results/data_extension.yaml (logger.py:41)
2025-02-09 15:30:52,760 - DependencyAnalyzer - INFO - Start running codeql queries for cycler (logger.py:41)
2025-02-09 15:31:08,024 - DependencyAnalyzer - WARNING - No results found for cycler (logger.py:41)
2025-02-09 15:31:08,355 - DependencyAnalyzer - INFO - Start running codeql queries for dateparser (logger.py:41)
2025-02-09 15:31:29,184 - DependencyAnalyzer - INFO - Data extension saved to /home/jackfromeast/Desktop/python-class-pollution/tasks/dependency-check-1K-r1/output/robusta/dependency/output/dateparser/results/data_extension.yaml (logger.py:41)
2025-02-09 15:31:29,497 - DependencyAnalyzer - INFO - Start running codeql queries for defusedxml (logger.py:41)
2025-02-09 15:31:44,815 - DependencyAnalyzer - INFO - Data extension saved to /home/jackfromeast/Desktop/python-class-pollution/tasks/dependency-check-1K-r1/output/robusta/dependency/output/defusedxml/results/data_extension.yaml (logger.py:41)
2025-02-09 15:31:45,128 - DependencyAnalyzer - INFO - Start running codeql queries for deprecation (logger.py:41)
2025-02-09 15:31:59,971 - DependencyAnalyzer - WARNING - No results found for deprecation (logger.py:41)
2025-02-09 15:32:00,303 - DependencyAnalyzer - INFO - Start running codeql queries for docutils (logger.py:41)
2025-02-09 15:32:42,318 - DependencyAnalyzer - INFO - Data extension saved to /home/jackfromeast/Desktop/python-class-pollution/tasks/dependency-check-1K-r1/output/robusta/dependency/output/docutils/results/data_extension.yaml (logger.py:41)
2025-02-09 15:32:42,661 - DependencyAnalyzer - INFO - Start running codeql queries for dpath (logger.py:41)
2025-02-09 15:32:58,995 - DependencyAnalyzer - INFO - Data extension saved to /home/jackfromeast/Desktop/python-class-pollution/tasks/dependency-check-1K-r1/output/robusta/dependency/output/dpath/results/data_extension.yaml (logger.py:41)
2025-02-09 15:32:59,306 - DependencyAnalyzer - INFO - Start running codeql queries for exceptiongroup (logger.py:41)
2025-02-09 15:33:15,517 - DependencyAnalyzer - INFO - Data extension saved to /home/jackfromeast/Desktop/python-class-pollution/tasks/dependency-check-1K-r1/output/robusta/dependency/output/exceptiongroup/results/data_extension.yaml (logger.py:41)
2025-02-09 15:33:15,827 - DependencyAnalyzer - INFO - Start running codeql queries for flask (logger.py:41)
2025-02-09 15:33:33,437 - DependencyAnalyzer - INFO - Data extension saved to /home/jackfromeast/Desktop/python-class-pollution/tasks/dependency-check-1K-r1/output/robusta/dependency/output/flask/results/data_extension.yaml (logger.py:41)
2025-02-09 15:33:33,844 - DependencyAnalyzer - INFO - Start running codeql queries for fonttools (logger.py:41)
2025-02-09 15:34:26,128 - DependencyAnalyzer - INFO - Data extension saved to /home/jackfromeast/Desktop/python-class-pollution/tasks/dependency-check-1K-r1/output/robusta/dependency/output/fonttools/results/data_extension.yaml (logger.py:41)
2025-02-09 15:34:26,446 - DependencyAnalyzer - INFO - Start running codeql queries for fpdf2 (logger.py:41)
2025-02-09 15:34:52,995 - DependencyAnalyzer - INFO - Data extension saved to /home/jackfromeast/Desktop/python-class-pollution/tasks/dependency-check-1K-r1/output/robusta/dependency/output/fpdf2/results/data_extension.yaml (logger.py:41)
2025-02-09 15:34:53,341 - DependencyAnalyzer - INFO - Start running codeql queries for freezegun (logger.py:41)
2025-02-09 15:35:09,784 - DependencyAnalyzer - INFO - Data extension saved to /home/jackfromeast/Desktop/python-class-pollution/tasks/dependency-check-1K-r1/output/robusta/dependency/output/freezegun/results/data_extension.yaml (logger.py:41)
2025-02-09 15:35:10,113 - DependencyAnalyzer - INFO - Start running codeql queries for future (logger.py:41)
2025-02-09 15:35:42,014 - DependencyAnalyzer - INFO - Data extension saved to /home/jackfromeast/Desktop/python-class-pollution/tasks/dependency-check-1K-r1/output/robusta/dependency/output/future/results/data_extension.yaml (logger.py:41)
2025-02-09 15:35:42,335 - DependencyAnalyzer - INFO - Start running codeql queries for google-auth (logger.py:41)
2025-02-09 15:36:00,748 - DependencyAnalyzer - INFO - Data extension saved to /home/jackfromeast/Desktop/python-class-pollution/tasks/dependency-check-1K-r1/output/robusta/dependency/output/google-auth/results/data_extension.yaml (logger.py:41)
2025-02-09 15:36:01,068 - DependencyAnalyzer - INFO - Start running codeql queries for gotrue (logger.py:41)
2025-02-09 15:36:18,453 - DependencyAnalyzer - INFO - Data extension saved to /home/jackfromeast/Desktop/python-class-pollution/tasks/dependency-check-1K-r1/output/robusta/dependency/output/gotrue/results/data_extension.yaml (logger.py:41)
2025-02-09 15:36:18,755 - DependencyAnalyzer - INFO - Start running codeql queries for h11 (logger.py:41)
2025-02-09 15:36:37,583 - DependencyAnalyzer - INFO - Data extension saved to /home/jackfromeast/Desktop/python-class-pollution/tasks/dependency-check-1K-r1/output/robusta/dependency/output/h11/results/data_extension.yaml (logger.py:41)
2025-02-09 15:36:37,889 - DependencyAnalyzer - INFO - Start running codeql queries for hikaru-core (logger.py:41)
2025-02-09 15:36:55,823 - DependencyAnalyzer - INFO - Data extension saved to /home/jackfromeast/Desktop/python-class-pollution/tasks/dependency-check-1K-r1/output/robusta/dependency/output/hikaru-core/results/data_extension.yaml (logger.py:41)
2025-02-09 15:36:56,158 - DependencyAnalyzer - INFO - Start running codeql queries for hikaru-model-26 (logger.py:41)
2025-02-09 15:37:21,766 - DependencyAnalyzer - WARNING - No results found for hikaru-model-26 (logger.py:41)
2025-02-09 15:37:22,064 - DependencyAnalyzer - INFO - Start running codeql queries for httmock (logger.py:41)
2025-02-09 15:37:37,500 - DependencyAnalyzer - WARNING - No results found for httmock (logger.py:41)
2025-02-09 15:37:37,834 - DependencyAnalyzer - INFO - Start running codeql queries for httpcore (logger.py:41)
2025-02-09 15:37:55,575 - DependencyAnalyzer - INFO - Data extension saved to /home/jackfromeast/Desktop/python-class-pollution/tasks/dependency-check-1K-r1/output/robusta/dependency/output/httpcore/results/data_extension.yaml (logger.py:41)
2025-02-09 15:37:55,899 - DependencyAnalyzer - INFO - Start running codeql queries for httpx (logger.py:41)
2025-02-09 15:38:15,893 - DependencyAnalyzer - INFO - Data extension saved to /home/jackfromeast/Desktop/python-class-pollution/tasks/dependency-check-1K-r1/output/robusta/dependency/output/httpx/results/data_extension.yaml (logger.py:41)
2025-02-09 15:38:16,203 - DependencyAnalyzer - INFO - Start running codeql queries for humanize (logger.py:41)
2025-02-09 15:38:32,306 - DependencyAnalyzer - INFO - Data extension saved to /home/jackfromeast/Desktop/python-class-pollution/tasks/dependency-check-1K-r1/output/robusta/dependency/output/humanize/results/data_extension.yaml (logger.py:41)
2025-02-09 15:38:32,631 - DependencyAnalyzer - INFO - Start running codeql queries for idna (logger.py:41)
2025-02-09 15:38:50,718 - DependencyAnalyzer - INFO - Data extension saved to /home/jackfromeast/Desktop/python-class-pollution/tasks/dependency-check-1K-r1/output/robusta/dependency/output/idna/results/data_extension.yaml (logger.py:41)
2025-02-09 15:38:51,037 - DependencyAnalyzer - INFO - Start running codeql queries for imagesize (logger.py:41)
2025-02-09 15:39:06,330 - DependencyAnalyzer - INFO - Data extension saved to /home/jackfromeast/Desktop/python-class-pollution/tasks/dependency-check-1K-r1/output/robusta/dependency/output/imagesize/results/data_extension.yaml (logger.py:41)
2025-02-09 15:39:06,647 - DependencyAnalyzer - INFO - Start running codeql queries for importlib-metadata (logger.py:41)
2025-02-09 15:39:22,480 - DependencyAnalyzer - INFO - Data extension saved to /home/jackfromeast/Desktop/python-class-pollution/tasks/dependency-check-1K-r1/output/robusta/dependency/output/importlib-metadata/results/data_extension.yaml (logger.py:41)
2025-02-09 15:39:22,799 - DependencyAnalyzer - INFO - Start running codeql queries for importlib-resources (logger.py:41)
2025-02-09 15:39:39,432 - DependencyAnalyzer - INFO - Data extension saved to /home/jackfromeast/Desktop/python-class-pollution/tasks/dependency-check-1K-r1/output/robusta/dependency/output/importlib-resources/results/data_extension.yaml (logger.py:41)
2025-02-09 15:39:39,748 - DependencyAnalyzer - INFO - Start running codeql queries for itsdangerous (logger.py:41)
2025-02-09 15:39:55,744 - DependencyAnalyzer - INFO - Data extension saved to /home/jackfromeast/Desktop/python-class-pollution/tasks/dependency-check-1K-r1/output/robusta/dependency/output/itsdangerous/results/data_extension.yaml (logger.py:41)
2025-02-09 15:39:56,072 - DependencyAnalyzer - INFO - Start running codeql queries for jinja2 (logger.py:41)
2025-02-09 15:40:17,167 - DependencyAnalyzer - INFO - Data extension saved to /home/jackfromeast/Desktop/python-class-pollution/tasks/dependency-check-1K-r1/output/robusta/dependency/output/jinja2/results/data_extension.yaml (logger.py:41)
2025-02-09 15:40:17,483 - DependencyAnalyzer - INFO - Start running codeql queries for jmespath (logger.py:41)
2025-02-09 15:40:34,640 - DependencyAnalyzer - INFO - Data extension saved to /home/jackfromeast/Desktop/python-class-pollution/tasks/dependency-check-1K-r1/output/robusta/dependency/output/jmespath/results/data_extension.yaml (logger.py:41)
2025-02-09 15:40:34,981 - DependencyAnalyzer - INFO - Start running codeql queries for kiwisolver (logger.py:41)
2025-02-09 15:40:49,169 - DependencyAnalyzer - WARNING - No results found for kiwisolver (logger.py:41)
2025-02-09 15:40:49,538 - DependencyAnalyzer - INFO - Start running codeql queries for kubernetes (logger.py:41)
2025-02-09 15:42:08,332 - DependencyAnalyzer - INFO - Data extension saved to /home/jackfromeast/Desktop/python-class-pollution/tasks/dependency-check-1K-r1/output/robusta/dependency/output/kubernetes/results/data_extension.yaml (logger.py:41)
2025-02-09 15:42:08,666 - DependencyAnalyzer - INFO - Start running codeql queries for markdown (logger.py:41)
2025-02-09 15:42:27,652 - DependencyAnalyzer - INFO - Data extension saved to /home/jackfromeast/Desktop/python-class-pollution/tasks/dependency-check-1K-r1/output/robusta/dependency/output/markdown/results/data_extension.yaml (logger.py:41)
2025-02-09 15:42:27,962 - DependencyAnalyzer - INFO - Start running codeql queries for markdown2 (logger.py:41)
2025-02-09 15:42:47,293 - DependencyAnalyzer - INFO - Data extension saved to /home/jackfromeast/Desktop/python-class-pollution/tasks/dependency-check-1K-r1/output/robusta/dependency/output/markdown2/results/data_extension.yaml (logger.py:41)
2025-02-09 15:42:47,626 - DependencyAnalyzer - INFO - Start running codeql queries for markupsafe (logger.py:41)
2025-02-09 15:43:02,737 - DependencyAnalyzer - INFO - Data extension saved to /home/jackfromeast/Desktop/python-class-pollution/tasks/dependency-check-1K-r1/output/robusta/dependency/output/markupsafe/results/data_extension.yaml (logger.py:41)
2025-02-09 15:43:03,172 - DependencyAnalyzer - INFO - Start running codeql queries for matplotlib (logger.py:41)
2025-02-09 15:44:15,721 - DependencyAnalyzer - INFO - Data extension saved to /home/jackfromeast/Desktop/python-class-pollution/tasks/dependency-check-1K-r1/output/robusta/dependency/output/matplotlib/results/data_extension.yaml (logger.py:41)
2025-02-09 15:44:16,266 - DependencyAnalyzer - INFO - Start running codeql queries for numpy (logger.py:41)
2025-02-09 15:48:28,698 - DependencyAnalyzer - INFO - Data extension saved to /home/jackfromeast/Desktop/python-class-pollution/tasks/dependency-check-1K-r1/output/robusta/dependency/output/numpy/results/data_extension.yaml (logger.py:41)
2025-02-09 15:48:29,019 - DependencyAnalyzer - INFO - Start running codeql queries for oauthlib (logger.py:41)
2025-02-09 15:48:48,684 - DependencyAnalyzer - INFO - Data extension saved to /home/jackfromeast/Desktop/python-class-pollution/tasks/dependency-check-1K-r1/output/robusta/dependency/output/oauthlib/results/data_extension.yaml (logger.py:41)
2025-02-09 15:48:49,000 - DependencyAnalyzer - INFO - Start running codeql queries for opsgenie-sdk (logger.py:41)
2025-02-09 15:49:09,840 - DependencyAnalyzer - INFO - Data extension saved to /home/jackfromeast/Desktop/python-class-pollution/tasks/dependency-check-1K-r1/output/robusta/dependency/output/opsgenie-sdk/results/data_extension.yaml (logger.py:41)
2025-02-09 15:49:10,142 - DependencyAnalyzer - INFO - Start running codeql queries for packaging (logger.py:41)
2025-02-09 15:49:28,201 - DependencyAnalyzer - INFO - Data extension saved to /home/jackfromeast/Desktop/python-class-pollution/tasks/dependency-check-1K-r1/output/robusta/dependency/output/packaging/results/data_extension.yaml (logger.py:41)
2025-02-09 15:49:28,744 - DependencyAnalyzer - INFO - Start running codeql queries for pandas (logger.py:41)
