2025-02-22 22:54:39,909 - Result - INFO - beanie - MultiLevelClassPollutionQueryNew.ql.sarif: 32 flows detected. (logger.py:40)
2025-02-23 03:12:33,912 - Result - INFO - django-unicorn - MultiLevelClassPollutionQueryNew.ql.sarif: 19 flows detected. (logger.py:40)
2025-02-23 03:31:35,180 - Result - INFO - EasyRec - MultiLevelClassPollutionQueryNew.ql.sarif: 271 flows detected. (logger.py:40)
2025-02-23 03:34:29,972 - Result - INFO - clearml - MultiLevelClassPollutionQueryNew.ql.sarif: 739 flows detected. (logger.py:40)
2025-02-23 05:58:57,215 - Result - INFO - pydash - MultiLevelClassPollutionQueryNew.ql.sarif: 24 flows detected. (logger.py:40)
2025-02-23 06:07:59,180 - Result - INFO - dlt - MultiLevelClassPollutionQueryNew.ql.sarif: 197 flows detected. (logger.py:40)
2025-02-23 06:54:19,232 - Result - INFO - diplomacy_cicero - MultiLevelClassPollutionQueryNew.ql.sarif: 274 flows detected. (logger.py:40)
2025-02-23 07:52:59,543 - Result - INFO - mesop - MultiLevelClassPollutionQueryNew.ql.sarif: 6 flows detected. (logger.py:40)
2025-02-23 07:55:25,177 - Result - INFO - pytype - MultiLevelClassPollutionQueryNew.ql.sarif: 8 flows detected. (logger.py:40)
2025-02-23 09:04:30,502 - Result - INFO - IsaacLab - MultiLevelClassPollutionQueryNew.ql.sarif: 2 flows detected. (logger.py:40)
2025-02-23 09:28:04,973 - Result - INFO - pyinstrument - MultiLevelClassPollutionQueryNew.ql.sarif: 3 flows detected. (logger.py:40)
2025-02-23 10:08:58,708 - Result - INFO - lark - MultiLevelClassPollutionQueryNew.ql.sarif: 85 flows detected. (logger.py:40)
2025-02-23 10:33:06,258 - Result - INFO - glom - MultiLevelClassPollutionQueryNew.ql.sarif: 20 flows detected. (logger.py:40)
2025-02-23 11:33:04,183 - Result - INFO - ms-swift - MultiLevelClassPollutionQueryNew.ql.sarif: 1 flows detected. (logger.py:40)
2025-02-23 12:05:24,046 - Result - INFO - ScoutSuite - MultiLevelClassPollutionQueryNew.ql.sarif: 9 flows detected. (logger.py:40)
2025-02-23 12:07:41,287 - Result - INFO - deepsparse - MultiLevelClassPollutionQueryNew.ql.sarif: 1 flows detected. (logger.py:40)
2025-02-23 12:18:14,437 - Result - INFO - sverchok - MultiLevelClassPollutionQueryNew.ql.sarif: 4 flows detected. (logger.py:40)
2025-02-23 12:50:08,672 - Result - INFO - training_extensions - MultiLevelClassPollutionQueryNew.ql.sarif: 1 flows detected. (logger.py:40)
2025-02-23 15:03:42,081 - Result - INFO - robusta - MultiLevelClassPollutionQueryNew.ql.sarif: 1 flows detected. (logger.py:40)
2025-02-23 15:46:30,740 - Result - INFO - deepdiff - MultiLevelClassPollutionQueryNew.ql.sarif: 21 flows detected. (logger.py:40)
2025-02-23 16:55:24,883 - Result - INFO - Plex-Trakt-Scrobbler - MultiLevelClassPollutionQueryNew.ql.sarif: 917 flows detected. (logger.py:40)
