2025-03-01 06:15:27,423 - CodeQLRunner - INFO - Building CodeQL database for: /home/jackfromeast/Desktop/python-class-pollution/tasks/class-pollution-other-1K/output/captum/codebase (logger.py:42)
2025-03-01 06:15:32,004 - CodeQLRunner - INFO - CodeQL database created successfully at /home/jackfromeast/Desktop/python-class-pollution/tasks/class-pollution-other-1K/output/captum/codeql-db (logger.py:42)
2025-03-01 06:15:32,004 - CodeQLRunner - INFO - Running CodeQL queries on database: /home/jackfromeast/Desktop/python-class-pollution/tasks/class-pollution-other-1K/output/captum/codeql-db (logger.py:42)
2025-03-01 06:15:32,004 - CodeQLRunner - INFO - Running query: /home/jackfromeast/Desktop/python-class-pollution/codeql-query/class-pollution-all/query/MultiLevelClassPollutionQueryNewSetAttrGetAttr.ql (logger.py:42)
2025-03-01 06:15:47,146 - CodeQLRunner - INFO - Query /home/jackfromeast/Desktop/python-class-pollution/codeql-query/class-pollution-all/query/MultiLevelClassPollutionQueryNewSetAttrGetAttr.ql executed successfully. Results saved to /home/jackfromeast/Desktop/python-class-pollution/tasks/class-pollution-other-1K/output/captum/results/MultiLevelClassPollutionQueryNewSetAttrGetAttr.ql.sarif (logger.py:42)
2025-03-01 06:15:47,146 - CodeQLRunner - INFO - Query completed successfully: /home/jackfromeast/Desktop/python-class-pollution/codeql-query/class-pollution-all/query/MultiLevelClassPollutionQueryNewSetAttrGetAttr.ql (logger.py:42)
2025-03-01 06:15:47,146 - CodeQLRunner - INFO - Running query: /home/jackfromeast/Desktop/python-class-pollution/codeql-query/class-pollution-all/query/MultiLevelClassPollutionQueryNewSetAttrGetBoth.ql (logger.py:42)
2025-03-01 06:15:55,274 - CodeQLRunner - INFO - Query /home/jackfromeast/Desktop/python-class-pollution/codeql-query/class-pollution-all/query/MultiLevelClassPollutionQueryNewSetAttrGetBoth.ql executed successfully. Results saved to /home/jackfromeast/Desktop/python-class-pollution/tasks/class-pollution-other-1K/output/captum/results/MultiLevelClassPollutionQueryNewSetAttrGetBoth.ql.sarif (logger.py:42)
2025-03-01 06:15:55,274 - CodeQLRunner - INFO - Query completed successfully: /home/jackfromeast/Desktop/python-class-pollution/codeql-query/class-pollution-all/query/MultiLevelClassPollutionQueryNewSetAttrGetBoth.ql (logger.py:42)
2025-03-01 06:15:55,274 - CodeQLRunner - INFO - Running query: /home/jackfromeast/Desktop/python-class-pollution/codeql-query/class-pollution-all/query/MultiLevelClassPollutionQueryNewSetItemGetAttr.ql (logger.py:42)
2025-03-01 06:16:03,564 - CodeQLRunner - INFO - Query /home/jackfromeast/Desktop/python-class-pollution/codeql-query/class-pollution-all/query/MultiLevelClassPollutionQueryNewSetItemGetAttr.ql executed successfully. Results saved to /home/jackfromeast/Desktop/python-class-pollution/tasks/class-pollution-other-1K/output/captum/results/MultiLevelClassPollutionQueryNewSetItemGetAttr.ql.sarif (logger.py:42)
2025-03-01 06:16:03,564 - CodeQLRunner - INFO - Query completed successfully: /home/jackfromeast/Desktop/python-class-pollution/codeql-query/class-pollution-all/query/MultiLevelClassPollutionQueryNewSetItemGetAttr.ql (logger.py:42)
2025-03-01 06:16:03,564 - CodeQLRunner - INFO - Running query: /home/jackfromeast/Desktop/python-class-pollution/codeql-query/class-pollution-all/query/MultiLevelClassPollutionQueryNewSetItemGetBoth.ql (logger.py:42)
2025-03-01 06:16:11,900 - CodeQLRunner - INFO - Query /home/jackfromeast/Desktop/python-class-pollution/codeql-query/class-pollution-all/query/MultiLevelClassPollutionQueryNewSetItemGetBoth.ql executed successfully. Results saved to /home/jackfromeast/Desktop/python-class-pollution/tasks/class-pollution-other-1K/output/captum/results/MultiLevelClassPollutionQueryNewSetItemGetBoth.ql.sarif (logger.py:42)
2025-03-01 06:16:11,900 - CodeQLRunner - INFO - Query completed successfully: /home/jackfromeast/Desktop/python-class-pollution/codeql-query/class-pollution-all/query/MultiLevelClassPollutionQueryNewSetItemGetBoth.ql (logger.py:42)
2025-03-01 06:16:11,901 - CodeQLRunner - INFO - Summarizing CodeQL results... (logger.py:42)
2025-03-01 06:16:11,901 - CodeQLRunner - INFO - Processed /home/jackfromeast/Desktop/python-class-pollution/tasks/class-pollution-other-1K/output/captum/results/MultiLevelClassPollutionQueryNewSetAttrGetBoth.ql.sarif: 0 flows detected. (logger.py:42)
2025-03-01 06:16:11,902 - CodeQLRunner - INFO - Processed /home/jackfromeast/Desktop/python-class-pollution/tasks/class-pollution-other-1K/output/captum/results/MultiLevelClassPollutionQueryNewSetAttrGetAttr.ql.sarif: 1 flows detected. (logger.py:42)
2025-03-01 06:16:11,902 - CodeQLRunner - INFO - Processed /home/jackfromeast/Desktop/python-class-pollution/tasks/class-pollution-other-1K/output/captum/results/MultiLevelClassPollutionQueryNewSetItemGetBoth.ql.sarif: 0 flows detected. (logger.py:42)
2025-03-01 06:16:11,903 - CodeQLRunner - INFO - Processed /home/jackfromeast/Desktop/python-class-pollution/tasks/class-pollution-other-1K/output/captum/results/MultiLevelClassPollutionQueryNewSetItemGetAttr.ql.sarif: 0 flows detected. (logger.py:42)
2025-03-01 06:16:11,903 - CodeQLRunner - INFO - Summary saved to /home/jackfromeast/Desktop/python-class-pollution/tasks/class-pollution-other-1K/output/captum/results/summary.json (logger.py:42)
