2025-02-09 15:39:39,748 - CodeQLRunner - INFO - Building CodeQL database for: /home/jackfromeast/Desktop/python-class-pollution/tasks/dependency-check-1K-r1/output/robusta/dependency/output/itsdangerous/codebase (logger.py:41)
2025-02-09 15:39:41,608 - CodeQLRunner - INFO - CodeQL database created successfully at /home/jackfromeast/Desktop/python-class-pollution/tasks/dependency-check-1K-r1/output/robusta/dependency/output/itsdangerous/codeql-db (logger.py:41)
2025-02-09 15:39:41,608 - CodeQLRunner - INFO - Running CodeQL queries on database: /home/jackfromeast/Desktop/python-class-pollution/tasks/dependency-check-1K-r1/output/robusta/dependency/output/itsdangerous/codeql-db (logger.py:41)
2025-02-09 15:39:41,608 - CodeQLRunner - INFO - Running query: /home/jackfromeast/Desktop/python-class-pollution/codeql-query/class-pollution-all/query/DependencyClassPollutionSource.ql (logger.py:41)
2025-02-09 15:39:46,812 - CodeQLRunner - INFO - Query /home/jackfromeast/Desktop/python-class-pollution/codeql-query/class-pollution-all/query/DependencyClassPollutionSource.ql executed successfully. Results saved to /home/jackfromeast/Desktop/python-class-pollution/tasks/dependency-check-1K-r1/output/robusta/dependency/output/itsdangerous/results/DependencyClassPollutionSource.ql.sarif (logger.py:41)
2025-02-09 15:39:46,812 - CodeQLRunner - INFO - Query completed successfully: /home/jackfromeast/Desktop/python-class-pollution/codeql-query/class-pollution-all/query/DependencyClassPollutionSource.ql (logger.py:41)
2025-02-09 15:39:46,812 - CodeQLRunner - INFO - Running query: /home/jackfromeast/Desktop/python-class-pollution/codeql-query/class-pollution-all/query/DependencyClassPollutionSink.ql (logger.py:41)
2025-02-09 15:39:50,608 - CodeQLRunner - INFO - Query /home/jackfromeast/Desktop/python-class-pollution/codeql-query/class-pollution-all/query/DependencyClassPollutionSink.ql executed successfully. Results saved to /home/jackfromeast/Desktop/python-class-pollution/tasks/dependency-check-1K-r1/output/robusta/dependency/output/itsdangerous/results/DependencyClassPollutionSink.ql.sarif (logger.py:41)
2025-02-09 15:39:50,608 - CodeQLRunner - INFO - Query completed successfully: /home/jackfromeast/Desktop/python-class-pollution/codeql-query/class-pollution-all/query/DependencyClassPollutionSink.ql (logger.py:41)
2025-02-09 15:39:50,608 - CodeQLRunner - INFO - Running query: /home/jackfromeast/Desktop/python-class-pollution/codeql-query/class-pollution-all/query/DependencyClassPollutionTaintProp.ql (logger.py:41)
2025-02-09 15:39:54,427 - CodeQLRunner - INFO - Query /home/jackfromeast/Desktop/python-class-pollution/codeql-query/class-pollution-all/query/DependencyClassPollutionTaintProp.ql executed successfully. Results saved to /home/jackfromeast/Desktop/python-class-pollution/tasks/dependency-check-1K-r1/output/robusta/dependency/output/itsdangerous/results/DependencyClassPollutionTaintProp.ql.sarif (logger.py:41)
2025-02-09 15:39:54,427 - CodeQLRunner - INFO - Query completed successfully: /home/jackfromeast/Desktop/python-class-pollution/codeql-query/class-pollution-all/query/DependencyClassPollutionTaintProp.ql (logger.py:41)
2025-02-09 15:39:54,427 - CodeQLRunner - INFO - Summarizing CodeQL results... (logger.py:41)
2025-02-09 15:39:54,427 - CodeQLRunner - INFO - Processed /home/jackfromeast/Desktop/python-class-pollution/tasks/dependency-check-1K-r1/output/robusta/dependency/output/itsdangerous/results/DependencyClassPollutionSink.ql.sarif: 0 flows detected. (logger.py:41)
2025-02-09 15:39:54,427 - CodeQLRunner - INFO - Processed /home/jackfromeast/Desktop/python-class-pollution/tasks/dependency-check-1K-r1/output/robusta/dependency/output/itsdangerous/results/DependencyClassPollutionSource.ql.sarif: 0 flows detected. (logger.py:41)
2025-02-09 15:39:54,428 - CodeQLRunner - INFO - Processed /home/jackfromeast/Desktop/python-class-pollution/tasks/dependency-check-1K-r1/output/robusta/dependency/output/itsdangerous/results/DependencyClassPollutionTaintProp.ql.sarif: 4 flows detected. (logger.py:41)
2025-02-09 15:39:54,428 - CodeQLRunner - INFO - Summary saved to /home/jackfromeast/Desktop/python-class-pollution/tasks/dependency-check-1K-r1/output/robusta/dependency/output/itsdangerous/results/summary.json (logger.py:41)
2025-02-09 15:39:54,428 - CodeQLRunner - INFO - Cleaning up CodeQL database and codebase... (logger.py:41)
2025-02-09 15:39:55,733 - CodeQLRunner - INFO - No processes found using /home/jackfromeast/Desktop/python-class-pollution/tasks/dependency-check-1K-r1/output/robusta/dependency/output/itsdangerous/codeql-db. (logger.py:41)
2025-02-09 15:39:55,743 - CodeQLRunner - INFO - Removed CodeQL database at /home/jackfromeast/Desktop/python-class-pollution/tasks/dependency-check-1K-r1/output/robusta/dependency/output/itsdangerous/codeql-db (logger.py:41)
2025-02-09 15:39:55,744 - CodeQLRunner - INFO - Removed codebase at /home/jackfromeast/Desktop/python-class-pollution/tasks/dependency-check-1K-r1/output/robusta/dependency/output/itsdangerous/codebase (logger.py:41)
