2025-05-26 04:00:49,805 - Result - INFO - rosagents - py/class-polliution/set-item-get-attr: 23 flows detected. (logger.py:40)
2025-05-26 04:00:49,805 - Result - INFO - rosagents - py/class-polliution/set-item-get-both: 23 flows detected. (logger.py:40)
2025-05-26 04:00:49,805 - Result - INFO - rosagents - py/class-polliution/set-both-get-both: 38 flows detected. (logger.py:40)
2025-05-26 12:51:55,811 - Result - INFO - pytorch-search - py/class-polliution/set-attr-get-both: 1 flows detected. (logger.py:40)
2025-05-26 14:07:24,592 - Result - INFO - pynalyser - py/class-polliution/set-item-get-attr: 11 flows detected. (logger.py:40)
2025-05-26 14:17:19,959 - Result - INFO - taobao-sdk - py/class-polliution/set-attr-get-attr: 4 flows detected. (logger.py:40)
2025-05-27 08:53:08,429 - Result - INFO - scanimage-meta - py/class-polliution/set-attr-get-attr: 8 flows detected. (logger.py:40)
2025-05-27 12:18:45,185 - Result - INFO - townwish-mindone-testing - py/class-polliution/set-attr-get-attr: 3 flows detected. (logger.py:40)
2025-05-27 13:16:16,598 - Result - INFO - spyne-shopdev - py/class-polliution/set-item-get-attr: 10 flows detected. (logger.py:40)
2025-05-27 16:42:03,321 - Result - INFO - steam-troy - py/class-polliution/set-attr-get-attr: 1 flows detected. (logger.py:40)
2025-05-27 17:40:39,397 - Result - INFO - tribler - py/class-polliution/set-attr-get-attr: 2 flows detected. (logger.py:40)
2025-05-27 20:33:56,567 - Result - INFO - rg-javascript - py/class-polliution/set-both-get-both: 3 flows detected. (logger.py:40)
2025-05-28 00:28:32,026 - Result - INFO - bottle-web2pydal - py/class-polliution/set-item-get-attr: 1 flows detected. (logger.py:40)
2025-05-28 00:28:32,027 - Result - INFO - bottle-web2pydal - py/class-polliution/set-item-get-both: 1 flows detected. (logger.py:40)
2025-05-28 02:13:58,095 - Result - INFO - dis-sdk-python - py/class-polliution/set-attr-get-attr: 11 flows detected. (logger.py:40)
2025-05-28 06:52:00,531 - Result - INFO - slope-ad - py/class-polliution/set-attr-get-attr: 1 flows detected. (logger.py:40)
2025-05-28 07:32:15,200 - Result - INFO - pubnub-blocks-client - py/class-polliution/set-both-get-both: 4 flows detected. (logger.py:40)
2025-05-28 09:32:40,102 - Result - INFO - scalify - py/class-polliution/set-attr-get-attr: 1 flows detected. (logger.py:40)
2025-05-28 11:04:23,481 - Result - INFO - tf-object-detection-api - py/class-polliution/set-attr-get-attr: 5 flows detected. (logger.py:40)
2025-05-28 11:10:52,746 - Result - INFO - system-shared-tool-rt - py/class-polliution/set-attr-get-attr: 2 flows detected. (logger.py:40)
2025-05-28 19:09:32,599 - Result - INFO - yaml-heritage - py/class-polliution/set-attr-get-attr: 3 flows detected. (logger.py:40)
2025-05-29 03:20:12,921 - Result - INFO - paddlers - py/class-polliution/set-attr-get-attr: 5 flows detected. (logger.py:40)
2025-05-29 15:25:50,133 - Result - INFO - compapp - py/class-polliution/set-both-get-both: 8 flows detected. (logger.py:40)
2025-05-29 15:28:23,493 - Result - INFO - python-autojob - py/class-polliution/set-attr-get-attr: 1 flows detected. (logger.py:40)
2025-05-29 18:47:52,744 - Result - INFO - sense-data2 - py/class-polliution/set-attr-get-attr: 1 flows detected. (logger.py:40)
2025-05-30 00:33:29,112 - Result - INFO - kon - py/class-polliution/set-attr-get-attr: 1 flows detected. (logger.py:40)
2025-05-30 02:04:04,725 - Result - INFO - protobuf-converter - py/class-polliution/set-attr-get-attr: 3 flows detected. (logger.py:40)
2025-05-30 04:38:32,157 - Result - INFO - scrybe - py/class-polliution/set-attr-get-attr: 3 flows detected. (logger.py:40)
2025-05-30 09:23:58,000 - Result - INFO - deco-mllm - py/class-polliution/set-attr-get-attr: 1 flows detected. (logger.py:40)
2025-05-30 10:46:47,658 - Result - INFO - django-disbi - py/class-polliution/set-attr-get-attr: 1 flows detected. (logger.py:40)
2025-05-30 12:34:38,666 - Result - INFO - nimlib - py/class-polliution/set-item-get-attr: 3 flows detected. (logger.py:40)
2025-05-30 12:34:38,666 - Result - INFO - nimlib - py/class-polliution/set-item-get-both: 3 flows detected. (logger.py:40)
2025-05-30 15:31:06,708 - Result - INFO - jinjamodificado - py/class-polliution/set-attr-get-attr: 64 flows detected. (logger.py:40)
2025-05-31 03:51:38,298 - Result - INFO - hammock-rest - py/class-polliution/set-attr-get-attr: 1 flows detected. (logger.py:40)
2025-05-31 05:53:02,314 - Result - INFO - graphql-core-tw - py/class-polliution/set-both-get-both: 25 flows detected. (logger.py:40)
2025-05-31 08:51:34,214 - Result - INFO - isphere - py/class-polliution/set-attr-get-attr: 1 flows detected. (logger.py:40)
2025-05-31 11:59:26,042 - Result - INFO - tensorflow-search - py/class-polliution/set-attr-get-both: 1 flows detected. (logger.py:40)
2025-05-31 21:29:47,306 - Result - INFO - zuqa-agent-python - py/class-polliution/set-attr-get-attr: 15 flows detected. (logger.py:40)
2025-05-31 23:36:53,721 - Result - INFO - kfp-leinao - py/class-polliution/set-attr-get-attr: 12 flows detected. (logger.py:40)
2025-06-01 02:55:50,389 - Result - INFO - ninpy - py/class-polliution/set-attr-get-attr: 1 flows detected. (logger.py:40)
2025-06-01 05:33:51,102 - Result - INFO - nincore - py/class-polliution/set-attr-get-attr: 1 flows detected. (logger.py:40)
2025-06-01 06:34:43,056 - Result - INFO - json-deserializer-to-object - py/class-polliution/set-attr-get-attr: 12 flows detected. (logger.py:40)
2025-06-01 12:39:07,576 - Result - INFO - padertorch - py/class-polliution/set-attr-get-attr: 2 flows detected. (logger.py:40)
2025-06-01 13:48:12,848 - Result - INFO - obj-detector-setup - py/class-polliution/set-attr-get-attr: 5 flows detected. (logger.py:40)
2025-06-01 14:36:52,025 - Result - INFO - djangorestframework-dataclasses-piti - py/class-polliution/set-attr-get-attr: 1 flows detected. (logger.py:40)
