2025-04-23 21:55:54,132 - Result - INFO - zospy - py/class-polliution/set-attr-get-attr: 5 flows detected. (logger.py:40)
2025-04-23 22:53:29,004 - Result - INFO - azure-mgmt-fabric - py/class-polliution/set-attr-get-attr: 12 flows detected. (logger.py:40)
2025-04-23 23:23:00,485 - Result - INFO - evox - py/class-polliution/set-attr-get-attr: 2 flows detected. (logger.py:40)
2025-04-23 23:31:57,028 - Result - INFO - ftlbase - py/class-polliution/set-attr-get-attr: 2 flows detected. (logger.py:40)
2025-04-23 23:52:54,909 - Result - INFO - azure-ai-vision-face - py/class-polliution/set-attr-get-attr: 12 flows detected. (logger.py:40)
2025-04-24 00:27:00,189 - Result - INFO - endoreg-db - py/class-polliution/set-attr-get-attr: 8 flows detected. (logger.py:40)
2025-04-24 01:43:30,862 - Result - INFO - flask-peewee - py/class-polliution/set-attr-get-attr: 4 flows detected. (logger.py:40)
2025-04-24 02:21:22,976 - Result - INFO - immuneml - py/class-polliution/set-both-get-both: 10 flows detected. (logger.py:40)
2025-04-24 02:21:22,976 - Result - INFO - immuneml - py/class-polliution/set-attr-get-both: 3 flows detected. (logger.py:40)
2025-04-24 02:38:37,540 - Result - INFO - djdantic - py/class-polliution/set-attr-get-attr: 2 flows detected. (logger.py:40)
2025-04-24 04:26:04,470 - Result - INFO - model-card-toolkit - py/class-polliution/set-attr-get-attr: 4 flows detected. (logger.py:40)
2025-04-24 04:57:31,001 - Result - INFO - azure-mgmt-billingbenefits - py/class-polliution/set-attr-get-attr: 12 flows detected. (logger.py:40)
2025-04-24 05:04:28,826 - Result - INFO - crfm-helm - py/class-polliution/set-attr-get-attr: 5 flows detected. (logger.py:40)
2025-04-24 05:41:47,074 - Result - INFO - pythonparser - py/class-polliution/set-attr-get-attr: 4 flows detected. (logger.py:40)
2025-04-24 05:54:53,051 - Result - INFO - opensoundscape - py/class-polliution/set-attr-get-attr: 4 flows detected. (logger.py:40)
2025-04-24 07:51:14,786 - Result - INFO - flask-monocrud - py/class-polliution/set-attr-get-attr: 2 flows detected. (logger.py:40)
2025-04-24 09:34:21,713 - Result - INFO - haoda - py/class-polliution/set-attr-get-attr: 6 flows detected. (logger.py:40)
2025-04-24 10:03:30,838 - Result - INFO - pyndn - py/class-polliution/set-attr-get-attr: 3 flows detected. (logger.py:40)
2025-04-24 11:43:19,025 - Result - INFO - tacker - py/class-polliution/set-attr-get-both: 5 flows detected. (logger.py:40)
2025-04-24 12:51:23,774 - Result - INFO - xitorch - py/class-polliution/set-attr-get-attr: 43 flows detected. (logger.py:40)
2025-04-24 12:52:38,050 - Result - INFO - capturemock - py/class-polliution/set-item-get-both: 2 flows detected. (logger.py:40)
2025-04-24 12:52:38,050 - Result - INFO - capturemock - py/class-polliution/set-item-get-attr: 2 flows detected. (logger.py:40)
2025-04-24 12:52:38,050 - Result - INFO - capturemock - py/class-polliution/set-attr-get-attr: 25 flows detected. (logger.py:40)
2025-04-24 12:58:44,638 - Result - INFO - amd-quark - py/class-polliution/set-attr-get-attr: 16 flows detected. (logger.py:40)
2025-04-24 13:00:38,690 - Result - INFO - openleadr - py/class-polliution/set-both-get-both: 2 flows detected. (logger.py:40)
2025-04-24 13:13:26,037 - Result - INFO - fmot - py/class-polliution/set-attr-get-attr: 4 flows detected. (logger.py:40)
2025-04-24 15:01:15,868 - Result - INFO - deepvac - py/class-polliution/set-attr-get-attr: 2 flows detected. (logger.py:40)
2025-04-24 15:03:08,780 - Result - INFO - appsettings2 - py/class-polliution/set-attr-get-both: 7 flows detected. (logger.py:40)
2025-04-24 15:48:53,913 - Result - INFO - pythontoolskit - py/class-polliution/set-attr-get-attr: 2 flows detected. (logger.py:40)
2025-04-24 16:00:14,696 - Result - INFO - k8s-handle - py/class-polliution/set-item-get-both: 3 flows detected. (logger.py:40)
2025-04-24 16:00:14,697 - Result - INFO - k8s-handle - py/class-polliution/set-item-get-attr: 3 flows detected. (logger.py:40)
2025-04-24 16:03:22,016 - Result - INFO - github-pr-watcher - py/class-polliution/set-attr-get-attr: 2 flows detected. (logger.py:40)
2025-04-24 16:08:57,715 - Result - INFO - remoterl - py/class-polliution/set-both-get-both: 3 flows detected. (logger.py:40)
2025-04-24 16:22:45,859 - Result - INFO - timm-3d - py/class-polliution/set-attr-get-attr: 2 flows detected. (logger.py:40)
2025-04-24 16:43:37,813 - Result - INFO - cloudify-plugins-common - py/class-polliution/set-item-get-both: 3 flows detected. (logger.py:40)
2025-04-24 16:43:37,813 - Result - INFO - cloudify-plugins-common - py/class-polliution/set-item-get-attr: 3 flows detected. (logger.py:40)
2025-04-24 16:49:28,324 - Result - INFO - soappy-py3 - py/class-polliution/set-item-get-both: 5 flows detected. (logger.py:40)
2025-04-24 16:49:28,324 - Result - INFO - soappy-py3 - py/class-polliution/set-item-get-attr: 5 flows detected. (logger.py:40)
2025-04-24 18:15:07,745 - Result - INFO - mmcore - py/class-polliution/set-item-get-attr: 4 flows detected. (logger.py:40)
2025-04-24 18:15:07,745 - Result - INFO - mmcore - py/class-polliution/set-attr-get-attr: 2 flows detected. (logger.py:40)
2025-04-24 18:19:22,194 - Result - INFO - graphene-sqlalchemy-auto - py/class-polliution/set-attr-get-attr: 2 flows detected. (logger.py:40)
2025-04-24 18:23:28,268 - Result - INFO - azure-communication-messages - py/class-polliution/set-attr-get-attr: 17 flows detected. (logger.py:40)
2025-04-24 18:50:44,958 - Result - INFO - pyinstruments - py/class-polliution/set-attr-get-attr: 3 flows detected. (logger.py:40)
2025-04-24 19:00:28,325 - Result - INFO - azure-mgmt-defendereasm - py/class-polliution/set-attr-get-attr: 38 flows detected. (logger.py:40)
2025-04-24 19:06:16,127 - Result - INFO - semisup-segmentation - py/class-polliution/set-item-get-both: 4 flows detected. (logger.py:40)
2025-04-24 19:06:16,129 - Result - INFO - semisup-segmentation - py/class-polliution/set-item-get-attr: 4 flows detected. (logger.py:40)
2025-04-24 20:00:05,942 - Result - INFO - celldetection - py/class-polliution/set-attr-get-attr: 3 flows detected. (logger.py:40)
2025-04-24 21:36:35,307 - Result - INFO - odn - py/class-polliution/set-attr-get-attr: 3 flows detected. (logger.py:40)
2025-04-24 22:22:02,363 - Result - INFO - tasknet - py/class-polliution/set-attr-get-attr: 2 flows detected. (logger.py:40)
2025-04-24 22:43:32,241 - Result - INFO - azure-developer-loadtesting - py/class-polliution/set-attr-get-attr: 14 flows detected. (logger.py:40)
2025-04-24 23:43:57,569 - Result - INFO - cosimtlk - py/class-polliution/set-attr-get-attr: 2 flows detected. (logger.py:40)
2025-04-25 00:04:17,756 - Result - INFO - da-dapper - py/class-polliution/set-item-get-attr: 3 flows detected. (logger.py:40)
2025-04-25 01:41:46,061 - Result - INFO - django-structured-json-field - py/class-polliution/set-attr-get-attr: 2 flows detected. (logger.py:40)
2025-04-25 01:41:46,061 - Result - INFO - django-structured-json-field - py/class-polliution/set-both-get-both: 21 flows detected. (logger.py:40)
2025-04-25 01:44:04,384 - Result - INFO - nodetool - py/class-polliution/set-attr-get-attr: 4 flows detected. (logger.py:40)
2025-04-25 01:46:58,911 - Result - INFO - nstruct - py/class-polliution/set-attr-get-attr: 4 flows detected. (logger.py:40)
2025-04-25 03:31:58,571 - Result - INFO - audiomath - py/class-polliution/set-item-get-attr: 2 flows detected. (logger.py:40)
2025-04-25 03:54:13,060 - Result - INFO - pyuavcan - py/class-polliution/set-attr-get-attr: 4 flows detected. (logger.py:40)
2025-04-25 05:24:59,161 - Result - INFO - kuflow-rest - py/class-polliution/set-attr-get-attr: 12 flows detected. (logger.py:40)
2025-04-25 06:03:25,690 - Result - INFO - pizdets - py/class-polliution/set-attr-get-attr: 4 flows detected. (logger.py:40)
2025-04-25 07:21:35,445 - Result - INFO - lidia - py/class-polliution/set-attr-get-attr: 3 flows detected. (logger.py:40)
2025-04-25 09:33:52,066 - Result - INFO - edgegap-factory - py/class-polliution/set-attr-get-attr: 3 flows detected. (logger.py:40)
2025-04-25 10:57:27,555 - Result - INFO - azure-mgmt-storagecache - py/class-polliution/set-attr-get-attr: 12 flows detected. (logger.py:40)
2025-04-25 11:08:53,687 - Result - INFO - dyff-client - py/class-polliution/set-attr-get-attr: 12 flows detected. (logger.py:40)
2025-04-25 11:15:35,256 - Result - INFO - brain-pred-toolbox - py/class-polliution/set-attr-get-attr: 2 flows detected. (logger.py:40)
2025-04-25 12:23:16,993 - Result - INFO - hangups - py/class-polliution/set-attr-get-attr: 3 flows detected. (logger.py:40)
2025-04-25 12:57:50,055 - Result - INFO - ngtools - py/class-polliution/set-attr-get-attr: 2 flows detected. (logger.py:40)
2025-04-25 13:48:06,905 - Result - INFO - argser - py/class-polliution/set-attr-get-attr: 9 flows detected. (logger.py:40)
2025-04-25 14:05:18,477 - Result - INFO - ant1interface - py/class-polliution/set-attr-get-attr: 19 flows detected. (logger.py:40)
2025-04-25 15:10:24,355 - Result - INFO - project-lighter - py/class-polliution/set-attr-get-attr: 4 flows detected. (logger.py:40)
2025-04-25 15:17:10,400 - Result - INFO - esm-tools - py/class-polliution/set-item-get-both: 135 flows detected. (logger.py:40)
2025-04-25 15:17:10,400 - Result - INFO - esm-tools - py/class-polliution/set-item-get-attr: 135 flows detected. (logger.py:40)
2025-04-25 15:41:34,707 - Result - INFO - snakes - py/class-polliution/set-attr-get-attr: 2 flows detected. (logger.py:40)
2025-04-25 15:50:49,569 - Result - INFO - qllm - py/class-polliution/set-attr-get-attr: 4 flows detected. (logger.py:40)
2025-04-25 16:23:53,019 - Result - INFO - tsdat - py/class-polliution/set-attr-get-attr: 5 flows detected. (logger.py:40)
2025-04-25 17:53:19,393 - Result - INFO - alpa - py/class-polliution/set-attr-get-attr: 13 flows detected. (logger.py:40)
2025-04-25 18:21:49,767 - Result - INFO - grblas - py/class-polliution/set-attr-get-attr: 25 flows detected. (logger.py:40)
2025-04-25 18:24:02,230 - Result - INFO - blender-renderer - py/class-polliution/set-attr-get-attr: 3 flows detected. (logger.py:40)
2025-04-25 19:02:06,339 - Result - INFO - torchlens - py/class-polliution/set-attr-get-attr: 2 flows detected. (logger.py:40)
2025-04-25 19:02:06,339 - Result - INFO - torchlens - py/class-polliution/set-both-get-both: 40 flows detected. (logger.py:40)
2025-04-25 19:46:05,040 - Result - INFO - gamut - py/class-polliution/set-both-get-both: 5 flows detected. (logger.py:40)
2025-04-25 20:14:29,660 - Result - INFO - pydase - py/class-polliution/set-both-get-both: 34 flows detected. (logger.py:40)
2025-04-25 20:19:33,299 - Result - INFO - auptimizer - py/class-polliution/set-attr-get-attr: 51 flows detected. (logger.py:40)
2025-04-25 21:57:52,478 - Result - INFO - jintian-architecture-code - py/class-polliution/set-attr-get-attr: 5 flows detected. (logger.py:40)
2025-04-25 22:17:52,558 - Result - INFO - lennybot - py/class-polliution/set-attr-get-attr: 3 flows detected. (logger.py:40)
2025-04-26 00:18:30,481 - Result - INFO - emzed-gui - py/class-polliution/set-attr-get-attr: 8 flows detected. (logger.py:40)
2025-04-26 00:18:40,250 - Result - INFO - motorized - py/class-polliution/set-attr-get-attr: 3 flows detected. (logger.py:40)
2025-04-26 00:25:22,278 - Result - INFO - secml - py/class-polliution/set-attr-get-attr: 2 flows detected. (logger.py:40)
2025-04-26 01:41:26,090 - Result - INFO - qq-bot - py/class-polliution/set-attr-get-attr: 2 flows detected. (logger.py:40)
2025-04-26 02:04:29,577 - Result - INFO - gridappsd-2030-5 - py/class-polliution/set-attr-get-both: 7 flows detected. (logger.py:40)
2025-04-26 04:40:24,916 - Result - INFO - datastorage - py/class-polliution/set-item-get-both: 6 flows detected. (logger.py:40)
2025-04-26 04:40:24,916 - Result - INFO - datastorage - py/class-polliution/set-item-get-attr: 6 flows detected. (logger.py:40)
2025-04-26 05:40:18,417 - Result - INFO - quickweb - py/class-polliution/set-attr-get-attr: 4 flows detected. (logger.py:40)
2025-04-26 06:52:56,301 - Result - INFO - iscasmodel - py/class-polliution/set-attr-get-attr: 2 flows detected. (logger.py:40)
2025-04-26 06:59:41,316 - Result - INFO - corerec - py/class-polliution/set-attr-get-attr: 7 flows detected. (logger.py:40)
2025-04-26 08:27:46,433 - Result - INFO - energyml-utils - py/class-polliution/set-both-get-both: 19 flows detected. (logger.py:40)
2025-04-26 08:27:46,434 - Result - INFO - energyml-utils - py/class-polliution/set-attr-get-both: 3 flows detected. (logger.py:40)
2025-04-26 14:03:09,141 - Result - INFO - assembly - py/class-polliution/set-attr-get-attr: 3 flows detected. (logger.py:40)
2025-04-26 14:29:18,780 - Result - INFO - nerfbaselines - py/class-polliution/set-attr-get-attr: 7 flows detected. (logger.py:40)
2025-04-26 14:43:39,734 - Result - INFO - pyleoclim - py/class-polliution/set-item-get-attr: 5 flows detected. (logger.py:40)
2025-04-26 14:45:34,608 - Result - INFO - python-core-utilities - py/class-polliution/set-both-get-both: 16 flows detected. (logger.py:40)
2025-04-26 15:02:49,626 - Result - INFO - itsicli - py/class-polliution/set-attr-get-attr: 5 flows detected. (logger.py:40)
2025-04-26 15:45:26,274 - Result - INFO - rameau - py/class-polliution/set-attr-get-attr: 2 flows detected. (logger.py:40)
2025-04-26 18:33:28,781 - Result - INFO - pypeman - py/class-polliution/set-both-get-both: 7 flows detected. (logger.py:40)
2025-04-26 19:18:16,192 - Result - INFO - duqtools - py/class-polliution/set-attr-get-attr: 4 flows detected. (logger.py:40)
2025-04-26 19:58:40,247 - Result - INFO - ptlflow - py/class-polliution/set-attr-get-attr: 2 flows detected. (logger.py:40)
2025-04-26 20:11:13,847 - Result - INFO - ibm-fms - py/class-polliution/set-item-get-attr: 3 flows detected. (logger.py:40)
2025-04-26 20:11:13,847 - Result - INFO - ibm-fms - py/class-polliution/set-attr-get-attr: 3 flows detected. (logger.py:40)
2025-04-26 20:19:48,903 - Result - INFO - blackboxai - py/class-polliution/set-attr-get-attr: 42 flows detected. (logger.py:40)
2025-04-26 20:41:24,604 - Result - INFO - parser-2gis - py/class-polliution/set-attr-get-attr: 3 flows detected. (logger.py:40)
2025-04-26 21:57:21,427 - Result - INFO - picsellia-tf2 - py/class-polliution/set-attr-get-attr: 3 flows detected. (logger.py:40)
2025-04-26 22:15:13,958 - Result - INFO - async-rithmic - py/class-polliution/set-attr-get-attr: 36 flows detected. (logger.py:40)
2025-04-26 22:35:10,561 - Result - INFO - bliss - py/class-polliution/set-attr-get-attr: 5 flows detected. (logger.py:40)
2025-04-26 23:09:42,944 - Result - INFO - mysqld-integration-test - py/class-polliution/set-attr-get-attr: 3 flows detected. (logger.py:40)
2025-04-26 23:20:20,396 - Result - INFO - azure-mgmt-cosmosdbforpostgresql - py/class-polliution/set-attr-get-attr: 12 flows detected. (logger.py:40)
2025-04-26 23:59:48,608 - Result - INFO - fusion-bench - py/class-polliution/set-attr-get-attr: 6 flows detected. (logger.py:40)
2025-04-27 00:12:38,979 - Result - INFO - golem-framework - py/class-polliution/set-attr-get-attr: 70 flows detected. (logger.py:40)
2025-04-27 01:36:59,273 - Result - INFO - safitty - py/class-polliution/set-item-get-both: 3 flows detected. (logger.py:40)
2025-04-27 01:36:59,273 - Result - INFO - safitty - py/class-polliution/set-item-get-attr: 3 flows detected. (logger.py:40)
2025-04-27 01:48:28,238 - Result - INFO - simmate - py/class-polliution/set-attr-get-attr: 9 flows detected. (logger.py:40)
2025-04-27 01:48:28,238 - Result - INFO - simmate - py/class-polliution/set-both-get-both: 5 flows detected. (logger.py:40)
2025-04-27 03:01:09,182 - Result - INFO - id4me-rp-client - py/class-polliution/set-both-get-both: 3 flows detected. (logger.py:40)
2025-04-27 03:02:29,751 - Result - INFO - finstmt - py/class-polliution/set-attr-get-attr: 3 flows detected. (logger.py:40)
2025-04-27 03:38:33,160 - Result - INFO - nip-config - py/class-polliution/set-item-get-both: 3 flows detected. (logger.py:40)
2025-04-27 03:38:33,160 - Result - INFO - nip-config - py/class-polliution/set-item-get-attr: 3 flows detected. (logger.py:40)
2025-04-27 03:40:32,746 - Result - INFO - cosmap - py/class-polliution/set-attr-get-attr: 2 flows detected. (logger.py:40)
2025-04-27 03:45:59,043 - Result - INFO - open-flamingo - py/class-polliution/set-attr-get-attr: 5 flows detected. (logger.py:40)
2025-04-27 04:53:47,952 - Result - INFO - wah - py/class-polliution/set-attr-get-attr: 2 flows detected. (logger.py:40)
2025-04-27 05:11:04,141 - Result - INFO - azure-mgmt-networkcloud - py/class-polliution/set-attr-get-attr: 12 flows detected. (logger.py:40)
2025-04-27 05:32:21,189 - Result - INFO - sense2 - py/class-polliution/set-attr-get-attr: 8 flows detected. (logger.py:40)
2025-04-27 06:17:15,833 - Result - INFO - moduleconf - py/class-polliution/set-item-get-attr: 5 flows detected. (logger.py:40)
2025-04-27 06:17:22,888 - Result - INFO - lawnmowerlatte - py/class-polliution/set-both-get-both: 12 flows detected. (logger.py:40)
2025-04-27 06:17:32,800 - Result - INFO - ppci - py/class-polliution/set-attr-get-attr: 2 flows detected. (logger.py:40)
2025-04-27 06:21:16,972 - Result - INFO - fitspy - py/class-polliution/set-attr-get-attr: 2 flows detected. (logger.py:40)
2025-04-27 07:13:03,795 - Result - INFO - andrew-test-weave - py/class-polliution/set-attr-get-attr: 3 flows detected. (logger.py:40)
2025-04-27 07:19:48,596 - Result - INFO - tri-declarative - py/class-polliution/set-attr-get-attr: 2 flows detected. (logger.py:40)
2025-04-27 07:59:36,785 - Result - INFO - macls - py/class-polliution/set-attr-get-attr: 3 flows detected. (logger.py:40)
2025-04-27 08:28:41,743 - Result - INFO - pyde1 - py/class-polliution/set-attr-get-attr: 5 flows detected. (logger.py:40)
2025-04-27 09:09:59,447 - Result - INFO - liveflask - py/class-polliution/set-attr-get-attr: 2 flows detected. (logger.py:40)
2025-04-27 09:16:33,044 - Result - INFO - google-internal-apis - py/class-polliution/set-attr-get-attr: 5 flows detected. (logger.py:40)
2025-04-27 11:54:58,416 - Result - INFO - ngs-toolkit - py/class-polliution/set-attr-get-attr: 21 flows detected. (logger.py:40)
2025-04-27 12:02:44,184 - Result - INFO - frimcla - py/class-polliution/set-attr-get-attr: 4 flows detected. (logger.py:40)
2025-04-27 12:07:55,054 - Result - INFO - pai-easycv - py/class-polliution/set-attr-get-attr: 2 flows detected. (logger.py:40)
2025-04-27 12:21:00,923 - Result - INFO - azure-mgmt-digitaltwins - py/class-polliution/set-attr-get-attr: 12 flows detected. (logger.py:40)
2025-04-27 12:40:42,688 - Result - INFO - python-glass - py/class-polliution/set-item-get-both: 2 flows detected. (logger.py:40)
2025-04-27 12:40:42,688 - Result - INFO - python-glass - py/class-polliution/set-item-get-attr: 2 flows detected. (logger.py:40)
2025-04-27 12:40:42,688 - Result - INFO - python-glass - py/class-polliution/set-both-get-both: 3 flows detected. (logger.py:40)
2025-04-27 13:56:09,738 - Result - INFO - django-zana - py/class-polliution/set-attr-get-attr: 2 flows detected. (logger.py:40)
2025-04-27 15:19:03,678 - Result - INFO - pyplan-core - py/class-polliution/set-attr-get-attr: 2 flows detected. (logger.py:40)
2025-04-27 16:23:07,255 - Result - INFO - all-purpose-set - py/class-polliution/set-attr-get-attr: 9 flows detected. (logger.py:40)
2025-04-27 16:35:49,308 - Result - INFO - infi-pyvmomi-wrapper - py/class-polliution/set-both-get-both: 9 flows detected. (logger.py:40)
2025-04-27 16:58:06,837 - Result - INFO - malevich - py/class-polliution/set-both-get-both: 2 flows detected. (logger.py:40)
2025-04-27 17:39:39,584 - Result - INFO - azure-mgmt-avs - py/class-polliution/set-attr-get-attr: 12 flows detected. (logger.py:40)
2025-04-27 18:11:40,912 - Result - INFO - neoapi - py/class-polliution/set-attr-get-both: 2 flows detected. (logger.py:40)
2025-04-27 18:58:04,530 - Result - INFO - pu - py/class-polliution/set-both-get-both: 3 flows detected. (logger.py:40)
2025-04-27 19:40:18,822 - Result - INFO - ararpy - py/class-polliution/set-attr-get-attr: 17 flows detected. (logger.py:40)
2025-04-27 21:21:21,572 - Result - INFO - dict-to-protobuf - py/class-polliution/set-attr-get-attr: 4 flows detected. (logger.py:40)
2025-04-27 21:38:07,614 - Result - INFO - idspy-toolkit - py/class-polliution/set-attr-get-attr: 6 flows detected. (logger.py:40)
2025-04-27 21:42:19,738 - Result - INFO - academic-review-tool - py/class-polliution/set-item-get-both: 10 flows detected. (logger.py:40)
2025-04-27 21:42:19,738 - Result - INFO - academic-review-tool - py/class-polliution/set-item-get-attr: 10 flows detected. (logger.py:40)
