2025-03-29 10:58:11,468 - CodeQLRunner - ERROR - Failed to build CodeQL database: UnknownError: Initializing database at /home/jackfromeast/Desktop/python-class-pollution/tasks/class-pollution-100-1K-r3-all/output/Collabfiltrator/codeql-db.
Running build command: []
Running command in /home/jackfromeast/Desktop/python-class-pollution/tasks/class-pollution-100-1K-r3-all/output/Collabfiltrator/codebase: [/home/jackfromeast/Downloads/codeql/python/tools/autobuild.sh]
Finalizing database at /home/jackfromeast/Desktop/python-class-pollution/tasks/class-pollution-100-1K-r3-all/output/Collabfiltrator/codeql-db.
CodeQL detected code written in Java/Kotlin, but not any written in Python. Confirm that there is some source code for Python in the project. For more information, review our troubleshooting guide at https://gh.io/troubleshooting-code-scanning/no-source-code-seen-during-build.
 (logger.py:42)
2025-03-29 11:56:39,459 - CodeQLRunner - ERROR - Failed to build CodeQL database: UnknownError: Initializing database at /home/jackfromeast/Desktop/python-class-pollution/tasks/class-pollution-100-1K-r3-all/output/rude-bot-solana/codeql-db.
Running build command: []
Running command in /home/jackfromeast/Desktop/python-class-pollution/tasks/class-pollution-100-1K-r3-all/output/rude-bot-solana/codebase: [/home/jackfromeast/Downloads/codeql/python/tools/autobuild.sh]
Finalizing database at /home/jackfromeast/Desktop/python-class-pollution/tasks/class-pollution-100-1K-r3-all/output/rude-bot-solana/codeql-db.
CodeQL did not detect any code written in languages supported by this CodeQL distribution (YAML, XML, C/C++, Swift, HTML, Ruby, GitHub Actions, Go, Java Properties Files, Python, C#, JavaScript/TypeScript, Java/Kotlin or CSV). Confirm that there is some source code for one of these languages in the project. For more information, review our troubleshooting guide at https://gh.io/troubleshooting-code-scanning/no-source-code-seen-during-build.
 (logger.py:42)
2025-03-29 12:58:09,309 - CodeQLRunner - ERROR - Failed to build CodeQL database: NoSupportedPythonCodeFound: No supported code found in the repository. (logger.py:42)
2025-03-29 13:03:17,531 - CodeQLRunner - ERROR - Failed to build CodeQL database: UnknownError: Initializing database at /home/jackfromeast/Desktop/python-class-pollution/tasks/class-pollution-100-1K-r3-all/output/statistical-rethinking/codeql-db.
Running build command: []
Running command in /home/jackfromeast/Desktop/python-class-pollution/tasks/class-pollution-100-1K-r3-all/output/statistical-rethinking/codebase: [/home/jackfromeast/Downloads/codeql/python/tools/autobuild.sh]
Finalizing database at /home/jackfromeast/Desktop/python-class-pollution/tasks/class-pollution-100-1K-r3-all/output/statistical-rethinking/codeql-db.
CodeQL did not detect any code written in languages supported by this CodeQL distribution (YAML, XML, C/C++, Swift, HTML, Ruby, GitHub Actions, Go, Java Properties Files, Python, C#, JavaScript/TypeScript, Java/Kotlin or CSV). Confirm that there is some source code for one of these languages in the project. For more information, review our troubleshooting guide at https://gh.io/troubleshooting-code-scanning/no-source-code-seen-during-build.
 (logger.py:42)
2025-03-29 13:36:15,766 - CodeQLRunner - ERROR - Failed to build CodeQL database: NoSupportedPythonCodeFound: No supported code found in the repository. (logger.py:42)
2025-03-29 15:24:54,492 - CodeQLRunner - ERROR - Failed to build CodeQL database: NoSupportedPythonCodeFound: No supported code found in the repository. (logger.py:42)
2025-03-29 15:32:18,936 - CodeQLRunner - ERROR - Failed to build CodeQL database: UnknownError: Initializing database at /home/jackfromeast/Desktop/python-class-pollution/tasks/class-pollution-100-1K-r3-all/output/core/codeql-db.
Running build command: []
Running command in /home/jackfromeast/Desktop/python-class-pollution/tasks/class-pollution-100-1K-r3-all/output/core/codebase: [/home/jackfromeast/Downloads/codeql/python/tools/autobuild.sh]
Finalizing database at /home/jackfromeast/Desktop/python-class-pollution/tasks/class-pollution-100-1K-r3-all/output/core/codeql-db.
CodeQL did not detect any code written in languages supported by this CodeQL distribution (YAML, XML, C/C++, Swift, HTML, Ruby, GitHub Actions, Go, Java Properties Files, Python, C#, JavaScript/TypeScript, Java/Kotlin or CSV). Confirm that there is some source code for one of these languages in the project. For more information, review our troubleshooting guide at https://gh.io/troubleshooting-code-scanning/no-source-code-seen-during-build.
 (logger.py:42)
2025-03-29 16:10:11,821 - CodeQLRunner - ERROR - Failed to build CodeQL database: UnknownError: Initializing database at /home/jackfromeast/Desktop/python-class-pollution/tasks/class-pollution-100-1K-r3-all/output/GimelStudio/codeql-db.
Running build command: []
Running command in /home/jackfromeast/Desktop/python-class-pollution/tasks/class-pollution-100-1K-r3-all/output/GimelStudio/codebase: [/home/jackfromeast/Downloads/codeql/python/tools/autobuild.sh]
Finalizing database at /home/jackfromeast/Desktop/python-class-pollution/tasks/class-pollution-100-1K-r3-all/output/GimelStudio/codeql-db.
CodeQL detected code written in C/C++ and Swift, but not any written in Python. Confirm that there is some source code for Python in the project. For more information, review our troubleshooting guide at https://gh.io/troubleshooting-code-scanning/no-source-code-seen-during-build.
 (logger.py:42)
2025-03-29 17:16:50,753 - CodeQLRunner - ERROR - Failed to build CodeQL database: UnknownError: Initializing database at /home/jackfromeast/Desktop/python-class-pollution/tasks/class-pollution-100-1K-r3-all/output/LocalTransfer/codeql-db.
Running build command: []
Running command in /home/jackfromeast/Desktop/python-class-pollution/tasks/class-pollution-100-1K-r3-all/output/LocalTransfer/codebase: [/home/jackfromeast/Downloads/codeql/python/tools/autobuild.sh]
Finalizing database at /home/jackfromeast/Desktop/python-class-pollution/tasks/class-pollution-100-1K-r3-all/output/LocalTransfer/codeql-db.
CodeQL detected code written in JavaScript/TypeScript, Go and C/C++, but not any written in Python. Confirm that there is some source code for Python in the project. For more information, review our troubleshooting guide at https://gh.io/troubleshooting-code-scanning/no-source-code-seen-during-build.
 (logger.py:42)
2025-03-29 18:32:57,318 - CodeQLRunner - ERROR - Failed to build CodeQL database: UnknownError: Initializing database at /home/jackfromeast/Desktop/python-class-pollution/tasks/class-pollution-100-1K-r3-all/output/tensorflow-exercises/codeql-db.
Running build command: []
Running command in /home/jackfromeast/Desktop/python-class-pollution/tasks/class-pollution-100-1K-r3-all/output/tensorflow-exercises/codebase: [/home/jackfromeast/Downloads/codeql/python/tools/autobuild.sh]
Finalizing database at /home/jackfromeast/Desktop/python-class-pollution/tasks/class-pollution-100-1K-r3-all/output/tensorflow-exercises/codeql-db.
CodeQL did not detect any code written in languages supported by this CodeQL distribution (YAML, XML, C/C++, Swift, HTML, Ruby, GitHub Actions, Go, Java Properties Files, Python, C#, JavaScript/TypeScript, Java/Kotlin or CSV). Confirm that there is some source code for one of these languages in the project. For more information, review our troubleshooting guide at https://gh.io/troubleshooting-code-scanning/no-source-code-seen-during-build.
 (logger.py:42)
2025-03-29 18:35:36,153 - CodeQLRunner - ERROR - Failed to build CodeQL database: UnknownError: Initializing database at /home/jackfromeast/Desktop/python-class-pollution/tasks/class-pollution-100-1K-r3-all/output/valchecker/codeql-db.
Running build command: []
Running command in /home/jackfromeast/Desktop/python-class-pollution/tasks/class-pollution-100-1K-r3-all/output/valchecker/codebase: [/home/jackfromeast/Downloads/codeql/python/tools/autobuild.sh]
Finalizing database at /home/jackfromeast/Desktop/python-class-pollution/tasks/class-pollution-100-1K-r3-all/output/valchecker/codeql-db.
CodeQL did not detect any code written in languages supported by this CodeQL distribution (YAML, XML, C/C++, Swift, HTML, Ruby, GitHub Actions, Go, Java Properties Files, Python, C#, JavaScript/TypeScript, Java/Kotlin or CSV). Confirm that there is some source code for one of these languages in the project. For more information, review our troubleshooting guide at https://gh.io/troubleshooting-code-scanning/no-source-code-seen-during-build.
 (logger.py:42)
2025-03-29 18:43:58,808 - CodeQLRunner - ERROR - Failed to build CodeQL database: UnknownError: Initializing database at /home/jackfromeast/Desktop/python-class-pollution/tasks/class-pollution-100-1K-r3-all/output/a-sheep-assistant/codeql-db.
Running build command: []
Running command in /home/jackfromeast/Desktop/python-class-pollution/tasks/class-pollution-100-1K-r3-all/output/a-sheep-assistant/codebase: [/home/jackfromeast/Downloads/codeql/python/tools/autobuild.sh]
Finalizing database at /home/jackfromeast/Desktop/python-class-pollution/tasks/class-pollution-100-1K-r3-all/output/a-sheep-assistant/codeql-db.
CodeQL did not detect any code written in languages supported by this CodeQL distribution (YAML, XML, C/C++, Swift, HTML, Ruby, GitHub Actions, Go, Java Properties Files, Python, C#, JavaScript/TypeScript, Java/Kotlin or CSV). Confirm that there is some source code for one of these languages in the project. For more information, review our troubleshooting guide at https://gh.io/troubleshooting-code-scanning/no-source-code-seen-during-build.
 (logger.py:42)
2025-03-29 19:12:43,280 - CodeQLRunner - ERROR - Failed to build CodeQL database: NoSupportedPythonCodeFound: No supported code found in the repository. (logger.py:42)
2025-03-29 19:13:07,237 - CodeQLRunner - ERROR - Failed to build CodeQL database: NoSupportedPythonCodeFound: No supported code found in the repository. (logger.py:42)
2025-03-29 19:24:00,742 - CodeQLRunner - ERROR - Failed to build CodeQL database: UnknownError: Initializing database at /home/jackfromeast/Desktop/python-class-pollution/tasks/class-pollution-100-1K-r3-all/output/mlops-coding-course/codeql-db.
Running build command: []
Running command in /home/jackfromeast/Desktop/python-class-pollution/tasks/class-pollution-100-1K-r3-all/output/mlops-coding-course/codebase: [/home/jackfromeast/Downloads/codeql/python/tools/autobuild.sh]
Finalizing database at /home/jackfromeast/Desktop/python-class-pollution/tasks/class-pollution-100-1K-r3-all/output/mlops-coding-course/codeql-db.
CodeQL did not detect any code written in languages supported by this CodeQL distribution (YAML, XML, C/C++, Swift, HTML, Ruby, GitHub Actions, Go, Java Properties Files, Python, C#, JavaScript/TypeScript, Java/Kotlin or CSV). Confirm that there is some source code for one of these languages in the project. For more information, review our troubleshooting guide at https://gh.io/troubleshooting-code-scanning/no-source-code-seen-during-build.
 (logger.py:42)
2025-03-29 20:19:10,110 - CodeQLRunner - ERROR - Failed to build CodeQL database: UnknownError: Initializing database at /home/jackfromeast/Desktop/python-class-pollution/tasks/class-pollution-100-1K-r3-all/output/CodingInterviews2-ByPython/codeql-db.
Running build command: []
Running command in /home/jackfromeast/Desktop/python-class-pollution/tasks/class-pollution-100-1K-r3-all/output/CodingInterviews2-ByPython/codebase: [/home/jackfromeast/Downloads/codeql/python/tools/autobuild.sh]
Finalizing database at /home/jackfromeast/Desktop/python-class-pollution/tasks/class-pollution-100-1K-r3-all/output/CodingInterviews2-ByPython/codeql-db.
CodeQL did not detect any code written in languages supported by this CodeQL distribution (YAML, XML, C/C++, Swift, HTML, Ruby, GitHub Actions, Go, Java Properties Files, Python, C#, JavaScript/TypeScript, Java/Kotlin or CSV). Confirm that there is some source code for one of these languages in the project. For more information, review our troubleshooting guide at https://gh.io/troubleshooting-code-scanning/no-source-code-seen-during-build.
 (logger.py:42)
2025-03-29 21:40:26,280 - CodeQLRunner - ERROR - Failed to execute query /home/jackfromeast/Desktop/python-class-pollution/codeql-query/class-pollution-all/class-pollution.qls: UnknownError: Running queries.
Compiling query plan for /home/jackfromeast/Desktop/python-class-pollution/codeql-query/class-pollution-all/query/MultiLevelClassPollutionQueryNewSetAttrGetAttr.ql.
Compiling query plan for /home/jackfromeast/Desktop/python-class-pollution/codeql-query/class-pollution-all/query/MultiLevelClassPollutionQueryNewSetBothGetBoth.ql.
WARNING: unused variable 'val' (/home/jackfromeast/Desktop/python-class-pollution/codeql-query/class-pollution-all/shared/flowsteps/AdditionalFlowStepNamedtuple.qll:43,69-72)
WARNING: unused variable 'setOpSecondObj' (/home/jackfromeast/Desktop/python-class-pollution/codeql-query/class-pollution-all/vuln/ClassPollutingAssignLib.qll:543,239-253)
WARNING: unused variable 'setOpSecondObj' (/home/jackfromeast/Desktop/python-class-pollution/codeql-query/class-pollution-all/vuln/ClassPollutingAssignLib.qll:562,245-259)
WARNING: unused variable 'val' (/home/jackfromeast/Desktop/python-class-pollution/codeql-query/class-pollution-all/shared/flowsteps/AdditionalFlowStepNamedtuple.qll:43,69-72)
WARNING: unused variable 'setOpSecondObj' (/home/jackfromeast/Desktop/python-class-pollution/codeql-query/class-pollution-all/vuln/ClassPollutingAssignLib.qll:543,239-253)
WARNING: unused variable 'setOpSecondObj' (/home/jackfromeast/Desktop/python-class-pollution/codeql-query/class-pollution-all/vuln/ClassPollutingAssignLib.qll:562,245-259)
[1/6] Found in cache: /home/jackfromeast/Desktop/python-class-pollution/codeql-query/class-pollution-all/query/MultiLevelClassPollutionQueryNewSetBothGetBoth.ql.
[2/6] Found in cache: /home/jackfromeast/Desktop/python-class-pollution/codeql-query/class-pollution-all/query/MultiLevelClassPollutionQueryNewSetAttrGetAttr.ql.
Compiling query plan for /home/jackfromeast/Desktop/python-class-pollution/codeql-query/class-pollution-all/query/MultiLevelClassPollutionQueryNewSetBothGetAttr.ql.
Compiling query plan for /home/jackfromeast/Desktop/python-class-pollution/codeql-query/class-pollution-all/query/MultiLevelClassPollutionQueryNewSetItemGetBoth.ql.
WARNING: unused variable 'val' (/home/jackfromeast/Desktop/python-class-pollution/codeql-query/class-pollution-all/shared/flowsteps/AdditionalFlowStepNamedtuple.qll:43,69-72)
WARNING: unused variable 'setOpSecondObj' (/home/jackfromeast/Desktop/python-class-pollution/codeql-query/class-pollution-all/vuln/ClassPollutingAssignLib.qll:543,239-253)
WARNING: unused variable 'setOpSecondObj' (/home/jackfromeast/Desktop/python-class-pollution/codeql-query/class-pollution-all/vuln/ClassPollutingAssignLib.qll:562,245-259)
WARNING: unused variable 'val' (/home/jackfromeast/Desktop/python-class-pollution/codeql-query/class-pollution-all/shared/flowsteps/AdditionalFlowStepNamedtuple.qll:43,69-72)
WARNING: unused variable 'setOpSecondObj' (/home/jackfromeast/Desktop/python-class-pollution/codeql-query/class-pollution-all/vuln/ClassPollutingAssignLib.qll:543,239-253)
WARNING: unused variable 'setOpSecondObj' (/home/jackfromeast/Desktop/python-class-pollution/codeql-query/class-pollution-all/vuln/ClassPollutingAssignLib.qll:562,245-259)
[3/6] Found in cache: /home/jackfromeast/Desktop/python-class-pollution/codeql-query/class-pollution-all/query/MultiLevelClassPollutionQueryNewSetBothGetAttr.ql.
Compiling query plan for /home/jackfromeast/Desktop/python-class-pollution/codeql-query/class-pollution-all/query/MultiLevelClassPollutionQueryNewSetAttrGetBoth.ql.
[4/6] Found in cache: /home/jackfromeast/Desktop/python-class-pollution/codeql-query/class-pollution-all/query/MultiLevelClassPollutionQueryNewSetItemGetBoth.ql.
Compiling query plan for /home/jackfromeast/Desktop/python-class-pollution/codeql-query/class-pollution-all/query/MultiLevelClassPollutionQueryNewSetItemGetAttr.ql.
WARNING: unused variable 'val' (/home/jackfromeast/Desktop/python-class-pollution/codeql-query/class-pollution-all/shared/flowsteps/AdditionalFlowStepNamedtuple.qll:43,69-72)
WARNING: unused variable 'setOpSecondObj' (/home/jackfromeast/Desktop/python-class-pollution/codeql-query/class-pollution-all/vuln/ClassPollutingAssignLib.qll:543,239-253)
WARNING: unused variable 'setOpSecondObj' (/home/jackfromeast/Desktop/python-class-pollution/codeql-query/class-pollution-all/vuln/ClassPollutingAssignLib.qll:562,245-259)
WARNING: unused variable 'val' (/home/jackfromeast/Desktop/python-class-pollution/codeql-query/class-pollution-all/shared/flowsteps/AdditionalFlowStepNamedtuple.qll:43,69-72)
WARNING: unused variable 'setOpSecondObj' (/home/jackfromeast/Desktop/python-class-pollution/codeql-query/class-pollution-all/vuln/ClassPollutingAssignLib.qll:543,239-253)
WARNING: unused variable 'setOpSecondObj' (/home/jackfromeast/Desktop/python-class-pollution/codeql-query/class-pollution-all/vuln/ClassPollutingAssignLib.qll:562,245-259)
[5/6] Found in cache: /home/jackfromeast/Desktop/python-class-pollution/codeql-query/class-pollution-all/query/MultiLevelClassPollutionQueryNewSetAttrGetBoth.ql.
[6/6] Found in cache: /home/jackfromeast/Desktop/python-class-pollution/codeql-query/class-pollution-all/query/MultiLevelClassPollutionQueryNewSetItemGetAttr.ql.
Starting evaluation of jackfromeast/class-pollution-all/query/MultiLevelClassPollutionQueryNewSetAttrGetBoth.ql.
Starting evaluation of jackfromeast/class-pollution-all/query/MultiLevelClassPollutionQueryNewSetAttrGetAttr.ql.
Starting evaluation of jackfromeast/class-pollution-all/query/MultiLevelClassPollutionQueryNewSetBothGetAttr.ql.
Starting evaluation of jackfromeast/class-pollution-all/query/MultiLevelClassPollutionQueryNewSetBothGetBoth.ql.
Starting evaluation of jackfromeast/class-pollution-all/query/MultiLevelClassPollutionQueryNewSetItemGetAttr.ql.
Starting evaluation of jackfromeast/class-pollution-all/query/MultiLevelClassPollutionQueryNewSetItemGetBoth.ql.
Oops! A fatal internal error occurred. Details:
com.semmle.util.exception.CatastrophicError: An error occurred while evaluating num#DataFlowImpl::Impl<TaintTracking::TaintTracking::GlobalWithState<ClassPollutionTaintTrackingLib::ClassPollutionTaintTracking::TrackingClassPollutionKeyToAssignmentConfiguration>::C>::Stage2::TSummaryCtxSome#a438a496/5@i10#b4427w28
Cannot create dirty marker for cached strings
The RA to evaluate was:

    {5} r1 = INVOKE HIGHER-ORDER RELATION construct<DataFlowImpl#248dabc3::MakeImpl-Files#a547fcb4::Location-DataFlowImplSpecific#9c24d182::PythonDataFlow-::Impl-TaintTrac-21e2b35f,1> ON <`DataFlowImpl::Impl<TaintTracking::TaintTracking::GlobalWithState<ClassPollutionTaintTrackingLib::ClassPollutionTaintTracking::TrackingClassPollutionKeyToAssignmentConfiguration>::C>::Stage2::TSummaryCtxSome#dom#cad82dc1#prev_delta`>
    return r1

(eventual cause: NoSuchFileException "/home/jackfromeast/Desktop/python-class-pollution/tasks/class-pollution-100-1K-r...")
	at com.semmle.inmemory.pipeline.MetaPipelineInstance.wrapWithRaDump(MetaPipelineInstance.java:204)
	at com.semmle.inmemory.pipeline.MetaPipelineInstance.exceptionCaught(MetaPipelineInstance.java:174)
	at com.semmle.inmemory.scheduler.execution.ThreadableWork.handleAndLog(ThreadableWork.java:593)
	at com.semmle.inmemory.scheduler.execution.ThreadableWork.doSomeWork(ThreadableWork.java:410)
	at com.semmle.inmemory.scheduler.RecursiveLayer$RecursiveWork.doWork(RecursiveLayer.java:476)
	at com.semmle.inmemory.scheduler.execution.ThreadableWork.doSomeWork(ThreadableWork.java:396)
	at com.semmle.inmemory.scheduler.execution.ExecutionScheduler.runnerMain(ExecutionScheduler.java:707)
	at java.base/java.util.concurrent.ThreadPoolExecutor.runWorker(Unknown Source)
	at java.base/java.util.concurrent.ThreadPoolExecutor$Worker.run(Unknown Source)
	at java.base/java.lang.Thread.run(Unknown Source)
Caused by: Cannot create dirty marker for cached strings
(eventual cause: NoSuchFileException "/home/jackfromeast/Desktop/python-class-pollution/tasks/class-pollution-100-1K-r...")
	at com.semmle.inmemory.stringpool.StringPool.promoteStringToCached(StringPool.java:479)
	at com.semmle.inmemory.stringpool.StringPool.promoteToCached(StringPool.java:449)
	at com.semmle.inmemory.caching.TuplePool$ComplexNumberer.lambda$freshNumberRelation$1(TuplePool.java:496)
	at com.semmle.inmemory.relations.BaseIntArrayRelation.map(BaseIntArrayRelation.java:88)
	at com.semmle.inmemory.relations.AbstractRelation.deduplicateMap(AbstractRelation.java:138)
	at com.semmle.inmemory.caching.TuplePool$ComplexNumberer.lambda$freshNumberRelation$2(TuplePool.java:480)
	at com.semmle.inmemory.relations.writers.RelationWriter.withSink(RelationWriter.java:72)
	at com.semmle.inmemory.caching.TuplePool$ComplexNumberer.freshNumberRelation(TuplePool.java:478)
	at com.semmle.inmemory.caching.TuplePool$ComplexNumberer.doNumbering(TuplePool.java:436)
	at com.semmle.inmemory.caching.TuplePool.lambda$doNumbering$1(TuplePool.java:245)
	at com.semmle.util.concurrent.LockUtils.runThenUnlock(LockUtils.java:8)
	at com.semmle.inmemory.caching.TuplePool$ComplexNumberer.doWithBranchLock(TuplePool.java:561)
	at com.semmle.inmemory.caching.TuplePool.doNumbering(TuplePool.java:233)
	at com.semmle.inmemory.ast.IMBConstructDatatype.doNumberingStreaming(IMBConstructDatatype.java:165)
	at com.semmle.inmemory.ast.IMBConstructDatatype$1.evaluateSink(IMBConstructDatatype.java:142)
	at com.semmle.inmemory.pipeline.HOPStep.generateTuples(HOPStep.java:57)
	at com.semmle.inmemory.pipeline.SimpleHeadStep.lambda$forwardInitialize$0(SimpleHeadStep.java:32)
	at com.semmle.inmemory.pipeline.HeadEndDispatcher.headEndWork(HeadEndDispatcher.java:75)
	at com.semmle.inmemory.pipeline.PipelineState.doSomeWork(PipelineState.java:88)
	at com.semmle.inmemory.pipeline.PipelineInstance.doWork(PipelineInstance.java:78)
	at com.semmle.inmemory.scheduler.execution.ThreadableWork.doSomeWork(ThreadableWork.java:396)
	at com.semmle.inmemory.scheduler.execution.ChainingWork.doWork(ChainingWork.java:30)
	at com.semmle.inmemory.scheduler.execution.ThreadableWork.doSomeWork(ThreadableWork.java:396)
	... 6 more
Caused by: java.nio.file.NoSuchFileException: /home/jackfromeast/Desktop/python-class-pollution/tasks/class-pollution-100-1K-r3-all/output/PaddleRS/codeql-db/db-python/default/cache/cached-strings/pools/dirty
	at java.base/sun.nio.fs.UnixException.translateToIOException(Unknown Source)
	at java.base/sun.nio.fs.UnixException.rethrowAsIOException(Unknown Source)
	at java.base/sun.nio.fs.UnixException.rethrowAsIOException(Unknown Source)
	at java.base/sun.nio.fs.UnixFileSystemProvider.newByteChannel(Unknown Source)
	at java.base/java.nio.file.Files.newByteChannel(Unknown Source)
	at java.base/java.nio.file.Files.createFile(Unknown Source)
	at com.semmle.inmemory.stringpool.StringPool.promoteStringToCached(StringPool.java:476)
	... 28 more

 (logger.py:42)
2025-03-29 21:40:26,281 - CodeQLRunner - ERROR - Failed to run query: /home/jackfromeast/Desktop/python-class-pollution/codeql-query/class-pollution-all/class-pollution.qls (logger.py:42)
2025-03-29 21:40:28,529 - CodeQLRunner - ERROR - Failed during cleanup: [Errno 39] Directory not empty: 'python' (logger.py:42)
2025-03-29 21:43:00,226 - CodeQLRunner - ERROR - Failed to execute query /home/jackfromeast/Desktop/python-class-pollution/codeql-query/class-pollution-all/class-pollution.qls: UnknownError: Running queries.
Compiling query plan for /home/jackfromeast/Desktop/python-class-pollution/codeql-query/class-pollution-all/query/MultiLevelClassPollutionQueryNewSetAttrGetAttr.ql.
Compiling query plan for /home/jackfromeast/Desktop/python-class-pollution/codeql-query/class-pollution-all/query/MultiLevelClassPollutionQueryNewSetBothGetBoth.ql.
WARNING: unused variable 'val' (/home/jackfromeast/Desktop/python-class-pollution/codeql-query/class-pollution-all/shared/flowsteps/AdditionalFlowStepNamedtuple.qll:43,69-72)
WARNING: unused variable 'setOpSecondObj' (/home/jackfromeast/Desktop/python-class-pollution/codeql-query/class-pollution-all/vuln/ClassPollutingAssignLib.qll:543,239-253)
WARNING: unused variable 'setOpSecondObj' (/home/jackfromeast/Desktop/python-class-pollution/codeql-query/class-pollution-all/vuln/ClassPollutingAssignLib.qll:562,245-259)
WARNING: unused variable 'val' (/home/jackfromeast/Desktop/python-class-pollution/codeql-query/class-pollution-all/shared/flowsteps/AdditionalFlowStepNamedtuple.qll:43,69-72)
WARNING: unused variable 'setOpSecondObj' (/home/jackfromeast/Desktop/python-class-pollution/codeql-query/class-pollution-all/vuln/ClassPollutingAssignLib.qll:543,239-253)
WARNING: unused variable 'setOpSecondObj' (/home/jackfromeast/Desktop/python-class-pollution/codeql-query/class-pollution-all/vuln/ClassPollutingAssignLib.qll:562,245-259)
[1/6] Found in cache: /home/jackfromeast/Desktop/python-class-pollution/codeql-query/class-pollution-all/query/MultiLevelClassPollutionQueryNewSetAttrGetAttr.ql.
[2/6] Found in cache: /home/jackfromeast/Desktop/python-class-pollution/codeql-query/class-pollution-all/query/MultiLevelClassPollutionQueryNewSetBothGetBoth.ql.
Compiling query plan for /home/jackfromeast/Desktop/python-class-pollution/codeql-query/class-pollution-all/query/MultiLevelClassPollutionQueryNewSetItemGetBoth.ql.
Compiling query plan for /home/jackfromeast/Desktop/python-class-pollution/codeql-query/class-pollution-all/query/MultiLevelClassPollutionQueryNewSetBothGetAttr.ql.
WARNING: unused variable 'val' (/home/jackfromeast/Desktop/python-class-pollution/codeql-query/class-pollution-all/shared/flowsteps/AdditionalFlowStepNamedtuple.qll:43,69-72)
WARNING: unused variable 'setOpSecondObj' (/home/jackfromeast/Desktop/python-class-pollution/codeql-query/class-pollution-all/vuln/ClassPollutingAssignLib.qll:543,239-253)
WARNING: unused variable 'setOpSecondObj' (/home/jackfromeast/Desktop/python-class-pollution/codeql-query/class-pollution-all/vuln/ClassPollutingAssignLib.qll:562,245-259)
WARNING: unused variable 'val' (/home/jackfromeast/Desktop/python-class-pollution/codeql-query/class-pollution-all/shared/flowsteps/AdditionalFlowStepNamedtuple.qll:43,69-72)
WARNING: unused variable 'setOpSecondObj' (/home/jackfromeast/Desktop/python-class-pollution/codeql-query/class-pollution-all/vuln/ClassPollutingAssignLib.qll:543,239-253)
WARNING: unused variable 'setOpSecondObj' (/home/jackfromeast/Desktop/python-class-pollution/codeql-query/class-pollution-all/vuln/ClassPollutingAssignLib.qll:562,245-259)
[3/6] Found in cache: /home/jackfromeast/Desktop/python-class-pollution/codeql-query/class-pollution-all/query/MultiLevelClassPollutionQueryNewSetItemGetBoth.ql.
Compiling query plan for /home/jackfromeast/Desktop/python-class-pollution/codeql-query/class-pollution-all/query/MultiLevelClassPollutionQueryNewSetAttrGetBoth.ql.
[4/6] Found in cache: /home/jackfromeast/Desktop/python-class-pollution/codeql-query/class-pollution-all/query/MultiLevelClassPollutionQueryNewSetBothGetAttr.ql.
Compiling query plan for /home/jackfromeast/Desktop/python-class-pollution/codeql-query/class-pollution-all/query/MultiLevelClassPollutionQueryNewSetItemGetAttr.ql.
WARNING: unused variable 'val' (/home/jackfromeast/Desktop/python-class-pollution/codeql-query/class-pollution-all/shared/flowsteps/AdditionalFlowStepNamedtuple.qll:43,69-72)
WARNING: unused variable 'setOpSecondObj' (/home/jackfromeast/Desktop/python-class-pollution/codeql-query/class-pollution-all/vuln/ClassPollutingAssignLib.qll:543,239-253)
WARNING: unused variable 'setOpSecondObj' (/home/jackfromeast/Desktop/python-class-pollution/codeql-query/class-pollution-all/vuln/ClassPollutingAssignLib.qll:562,245-259)
WARNING: unused variable 'val' (/home/jackfromeast/Desktop/python-class-pollution/codeql-query/class-pollution-all/shared/flowsteps/AdditionalFlowStepNamedtuple.qll:43,69-72)
WARNING: unused variable 'setOpSecondObj' (/home/jackfromeast/Desktop/python-class-pollution/codeql-query/class-pollution-all/vuln/ClassPollutingAssignLib.qll:543,239-253)
WARNING: unused variable 'setOpSecondObj' (/home/jackfromeast/Desktop/python-class-pollution/codeql-query/class-pollution-all/vuln/ClassPollutingAssignLib.qll:562,245-259)
[5/6] Found in cache: /home/jackfromeast/Desktop/python-class-pollution/codeql-query/class-pollution-all/query/MultiLevelClassPollutionQueryNewSetAttrGetBoth.ql.
[6/6] Found in cache: /home/jackfromeast/Desktop/python-class-pollution/codeql-query/class-pollution-all/query/MultiLevelClassPollutionQueryNewSetItemGetAttr.ql.
Starting evaluation of jackfromeast/class-pollution-all/query/MultiLevelClassPollutionQueryNewSetAttrGetAttr.ql.
Starting evaluation of jackfromeast/class-pollution-all/query/MultiLevelClassPollutionQueryNewSetAttrGetBoth.ql.
Starting evaluation of jackfromeast/class-pollution-all/query/MultiLevelClassPollutionQueryNewSetBothGetAttr.ql.
Starting evaluation of jackfromeast/class-pollution-all/query/MultiLevelClassPollutionQueryNewSetBothGetBoth.ql.
Starting evaluation of jackfromeast/class-pollution-all/query/MultiLevelClassPollutionQueryNewSetItemGetAttr.ql.
Starting evaluation of jackfromeast/class-pollution-all/query/MultiLevelClassPollutionQueryNewSetItemGetBoth.ql.
[1/6 eval 1m24s] Evaluation done; writing results to jackfromeast/class-pollution-all/query/MultiLevelClassPollutionQueryNewSetItemGetAttr.bqrs.
[2/6 eval 1m30s] Evaluation done; writing results to jackfromeast/class-pollution-all/query/MultiLevelClassPollutionQueryNewSetBothGetAttr.bqrs.
[3/6 eval 1m24s] Evaluation done; writing results to jackfromeast/class-pollution-all/query/MultiLevelClassPollutionQueryNewSetItemGetBoth.bqrs.
[4/6 eval 1m47s] Evaluation done; writing results to jackfromeast/class-pollution-all/query/MultiLevelClassPollutionQueryNewSetBothGetBoth.bqrs.
[5/6 eval 2m10s] Evaluation done; writing results to jackfromeast/class-pollution-all/query/MultiLevelClassPollutionQueryNewSetAttrGetBoth.bqrs.
[6/6 eval 2m10s] Evaluation done; writing results to jackfromeast/class-pollution-all/query/MultiLevelClassPollutionQueryNewSetAttrGetAttr.bqrs.
Shutting down query evaluator.
Interpreting results.
Interpreting /home/jackfromeast/Desktop/python-class-pollution/codeql-query/class-pollution-all/query/MultiLevelClassPollutionQueryNewSetAttrGetAttr.ql...
Interpreting /home/jackfromeast/Desktop/python-class-pollution/codeql-query/class-pollution-all/query/MultiLevelClassPollutionQueryNewSetBothGetBoth.ql...
Interpreting /home/jackfromeast/Desktop/python-class-pollution/codeql-query/class-pollution-all/query/MultiLevelClassPollutionQueryNewSetBothGetAttr.ql...
Interpreting /home/jackfromeast/Desktop/python-class-pollution/codeql-query/class-pollution-all/query/MultiLevelClassPollutionQueryNewSetItemGetBoth.ql...
Interpreting /home/jackfromeast/Desktop/python-class-pollution/codeql-query/class-pollution-all/query/MultiLevelClassPollutionQueryNewSetAttrGetBoth.ql...
Interpreting /home/jackfromeast/Desktop/python-class-pollution/codeql-query/class-pollution-all/query/MultiLevelClassPollutionQueryNewSetItemGetAttr.ql...
Exporting results to SARIF...
A fatal error occurred: Could not write SARIF file
(eventual cause: NoSuchFileException "/home/jackfromeast/Desktop/python-class-pollution/tasks/class-pollution-100-1K-r...")
 (logger.py:42)
2025-03-29 21:43:00,226 - CodeQLRunner - ERROR - Failed to run query: /home/jackfromeast/Desktop/python-class-pollution/codeql-query/class-pollution-all/class-pollution.qls (logger.py:42)
2025-03-29 22:01:41,867 - CodeQLRunner - ERROR - Failed to build CodeQL database: NoSupportedPythonCodeFound: No supported code found in the repository. (logger.py:42)
2025-03-29 22:35:27,460 - CodeQLRunner - ERROR - Failed to build CodeQL database: UnknownError: Initializing database at /home/jackfromeast/Desktop/python-class-pollution/tasks/class-pollution-100-1K-r3-all/output/EverydayNews/codeql-db.
Running build command: []
Running command in /home/jackfromeast/Desktop/python-class-pollution/tasks/class-pollution-100-1K-r3-all/output/EverydayNews/codebase: [/home/jackfromeast/Downloads/codeql/python/tools/autobuild.sh]
Finalizing database at /home/jackfromeast/Desktop/python-class-pollution/tasks/class-pollution-100-1K-r3-all/output/EverydayNews/codeql-db.
CodeQL detected code written in JavaScript/TypeScript, but not any written in Python. Confirm that there is some source code for Python in the project. For more information, review our troubleshooting guide at https://gh.io/troubleshooting-code-scanning/no-source-code-seen-during-build.
 (logger.py:42)
2025-03-29 22:38:04,702 - CodeQLRunner - ERROR - Failed to build CodeQL database: UnknownError: Initializing database at /home/jackfromeast/Desktop/python-class-pollution/tasks/class-pollution-100-1K-r3-all/output/RedHatFont/codeql-db.
Running build command: []
Running command in /home/jackfromeast/Desktop/python-class-pollution/tasks/class-pollution-100-1K-r3-all/output/RedHatFont/codebase: [/home/jackfromeast/Downloads/codeql/python/tools/autobuild.sh]
Finalizing database at /home/jackfromeast/Desktop/python-class-pollution/tasks/class-pollution-100-1K-r3-all/output/RedHatFont/codeql-db.
CodeQL did not detect any code written in languages supported by this CodeQL distribution (YAML, XML, C/C++, Swift, HTML, Ruby, GitHub Actions, Go, Java Properties Files, Python, C#, JavaScript/TypeScript, Java/Kotlin or CSV). Confirm that there is some source code for one of these languages in the project. For more information, review our troubleshooting guide at https://gh.io/troubleshooting-code-scanning/no-source-code-seen-during-build.
 (logger.py:42)
2025-03-29 22:45:04,464 - CodeQLRunner - ERROR - Failed to build CodeQL database: UnknownError: Initializing database at /home/jackfromeast/Desktop/python-class-pollution/tasks/class-pollution-100-1K-r3-all/output/genpAss/codeql-db.
Running build command: []
Running command in /home/jackfromeast/Desktop/python-class-pollution/tasks/class-pollution-100-1K-r3-all/output/genpAss/codebase: [/home/jackfromeast/Downloads/codeql/python/tools/autobuild.sh]
Finalizing database at /home/jackfromeast/Desktop/python-class-pollution/tasks/class-pollution-100-1K-r3-all/output/genpAss/codeql-db.
CodeQL did not detect any code written in languages supported by this CodeQL distribution (YAML, XML, C/C++, Swift, HTML, Ruby, GitHub Actions, Go, Java Properties Files, Python, C#, JavaScript/TypeScript, Java/Kotlin or CSV). Confirm that there is some source code for one of these languages in the project. For more information, review our troubleshooting guide at https://gh.io/troubleshooting-code-scanning/no-source-code-seen-during-build.
 (logger.py:42)
2025-03-29 23:31:14,667 - CodeQLRunner - ERROR - Failed to build CodeQL database: NoSupportedPythonCodeFound: No supported code found in the repository. (logger.py:42)
2025-03-30 00:53:53,904 - CodeQLRunner - ERROR - Failed to build CodeQL database: UnknownError: Initializing database at /home/jackfromeast/Desktop/python-class-pollution/tasks/class-pollution-100-1K-r3-all/output/manifests/codeql-db.
Running build command: []
Running command in /home/jackfromeast/Desktop/python-class-pollution/tasks/class-pollution-100-1K-r3-all/output/manifests/codebase: [/home/jackfromeast/Downloads/codeql/python/tools/autobuild.sh]
Finalizing database at /home/jackfromeast/Desktop/python-class-pollution/tasks/class-pollution-100-1K-r3-all/output/manifests/codeql-db.
CodeQL did not detect any code written in languages supported by this CodeQL distribution (YAML, XML, C/C++, Swift, HTML, Ruby, GitHub Actions, Go, Java Properties Files, Python, C#, JavaScript/TypeScript, Java/Kotlin or CSV). Confirm that there is some source code for one of these languages in the project. For more information, review our troubleshooting guide at https://gh.io/troubleshooting-code-scanning/no-source-code-seen-during-build.
 (logger.py:42)
2025-03-30 01:06:06,624 - CodeQLRunner - ERROR - Failed to build CodeQL database: UnknownError: Initializing database at /home/jackfromeast/Desktop/python-class-pollution/tasks/class-pollution-100-1K-r3-all/output/SIGA/codeql-db.
Running build command: []
Running command in /home/jackfromeast/Desktop/python-class-pollution/tasks/class-pollution-100-1K-r3-all/output/SIGA/codebase: [/home/jackfromeast/Downloads/codeql/python/tools/autobuild.sh]
Finalizing database at /home/jackfromeast/Desktop/python-class-pollution/tasks/class-pollution-100-1K-r3-all/output/SIGA/codeql-db.
CodeQL did not detect any code written in languages supported by this CodeQL distribution (YAML, XML, C/C++, Swift, HTML, Ruby, GitHub Actions, Go, Java Properties Files, Python, C#, JavaScript/TypeScript, Java/Kotlin or CSV). Confirm that there is some source code for one of these languages in the project. For more information, review our troubleshooting guide at https://gh.io/troubleshooting-code-scanning/no-source-code-seen-during-build.
 (logger.py:42)
2025-03-30 01:48:43,758 - CodeQLRunner - ERROR - Failed to build CodeQL database: UnknownError: Initializing database at /home/jackfromeast/Desktop/python-class-pollution/tasks/class-pollution-100-1K-r3-all/output/widevine-dl/codeql-db.
Running build command: []
Running command in /home/jackfromeast/Desktop/python-class-pollution/tasks/class-pollution-100-1K-r3-all/output/widevine-dl/codebase: [/home/jackfromeast/Downloads/codeql/python/tools/autobuild.sh]
Finalizing database at /home/jackfromeast/Desktop/python-class-pollution/tasks/class-pollution-100-1K-r3-all/output/widevine-dl/codeql-db.
CodeQL did not detect any code written in languages supported by this CodeQL distribution (YAML, XML, C/C++, Swift, HTML, Ruby, GitHub Actions, Go, Java Properties Files, Python, C#, JavaScript/TypeScript, Java/Kotlin or CSV). Confirm that there is some source code for one of these languages in the project. For more information, review our troubleshooting guide at https://gh.io/troubleshooting-code-scanning/no-source-code-seen-during-build.
 (logger.py:42)
2025-03-30 02:32:02,274 - CodeQLRunner - ERROR - Failed to build CodeQL database: UnknownError: Initializing database at /home/jackfromeast/Desktop/python-class-pollution/tasks/class-pollution-100-1K-r3-all/output/live/codeql-db.
Running build command: []
Running command in /home/jackfromeast/Desktop/python-class-pollution/tasks/class-pollution-100-1K-r3-all/output/live/codebase: [/home/jackfromeast/Downloads/codeql/python/tools/autobuild.sh]
Finalizing database at /home/jackfromeast/Desktop/python-class-pollution/tasks/class-pollution-100-1K-r3-all/output/live/codeql-db.
CodeQL detected code written in JavaScript/TypeScript, but not any written in Python. Confirm that there is some source code for Python in the project. For more information, review our troubleshooting guide at https://gh.io/troubleshooting-code-scanning/no-source-code-seen-during-build.
 (logger.py:42)
2025-03-30 03:14:46,054 - CodeQLRunner - ERROR - Failed to build CodeQL database: UnknownError: Initializing database at /home/jackfromeast/Desktop/python-class-pollution/tasks/class-pollution-100-1K-r3-all/output/motionia/codeql-db.
Running build command: []
Running command in /home/jackfromeast/Desktop/python-class-pollution/tasks/class-pollution-100-1K-r3-all/output/motionia/codebase: [/home/jackfromeast/Downloads/codeql/python/tools/autobuild.sh]
Finalizing database at /home/jackfromeast/Desktop/python-class-pollution/tasks/class-pollution-100-1K-r3-all/output/motionia/codeql-db.
CodeQL detected code written in JavaScript/TypeScript, but not any written in Python. Confirm that there is some source code for Python in the project. For more information, review our troubleshooting guide at https://gh.io/troubleshooting-code-scanning/no-source-code-seen-during-build.
 (logger.py:42)
2025-03-30 03:19:43,965 - CodeQLRunner - ERROR - Failed to build CodeQL database: UnknownError: Initializing database at /home/jackfromeast/Desktop/python-class-pollution/tasks/class-pollution-100-1K-r3-all/output/FuckJLC/codeql-db.
Running build command: []
Running command in /home/jackfromeast/Desktop/python-class-pollution/tasks/class-pollution-100-1K-r3-all/output/FuckJLC/codebase: [/home/jackfromeast/Downloads/codeql/python/tools/autobuild.sh]
Finalizing database at /home/jackfromeast/Desktop/python-class-pollution/tasks/class-pollution-100-1K-r3-all/output/FuckJLC/codeql-db.
CodeQL did not detect any code written in languages supported by this CodeQL distribution (YAML, XML, C/C++, Swift, HTML, Ruby, GitHub Actions, Go, Java Properties Files, Python, C#, JavaScript/TypeScript, Java/Kotlin or CSV). Confirm that there is some source code for one of these languages in the project. For more information, review our troubleshooting guide at https://gh.io/troubleshooting-code-scanning/no-source-code-seen-during-build.
 (logger.py:42)
2025-03-30 03:33:46,508 - CodeQLRunner - ERROR - Failed to build CodeQL database: NoSupportedPythonCodeFound: No supported code found in the repository. (logger.py:42)
2025-03-30 03:55:08,656 - CodeQLRunner - ERROR - Failed to build CodeQL database: NoSupportedPythonCodeFound: No supported code found in the repository. (logger.py:42)
2025-03-30 04:31:06,818 - CodeQLRunner - ERROR - Failed to build CodeQL database: UnknownError: Initializing database at /home/jackfromeast/Desktop/python-class-pollution/tasks/class-pollution-100-1K-r3-all/output/avatars/codeql-db.
Running build command: []
Running command in /home/jackfromeast/Desktop/python-class-pollution/tasks/class-pollution-100-1K-r3-all/output/avatars/codebase: [/home/jackfromeast/Downloads/codeql/python/tools/autobuild.sh]
Finalizing database at /home/jackfromeast/Desktop/python-class-pollution/tasks/class-pollution-100-1K-r3-all/output/avatars/codeql-db.
CodeQL did not detect any code written in languages supported by this CodeQL distribution (YAML, XML, C/C++, Swift, HTML, Ruby, GitHub Actions, Go, Java Properties Files, Python, C#, JavaScript/TypeScript, Java/Kotlin or CSV). Confirm that there is some source code for one of these languages in the project. For more information, review our troubleshooting guide at https://gh.io/troubleshooting-code-scanning/no-source-code-seen-during-build.
 (logger.py:42)
2025-03-30 05:53:22,466 - CodeQLRunner - ERROR - Failed to build CodeQL database: NoSupportedPythonCodeFound: No supported code found in the repository. (logger.py:42)
2025-03-30 06:05:03,625 - CodeQLRunner - ERROR - Failed to build CodeQL database: UnknownError: Initializing database at /home/jackfromeast/Desktop/python-class-pollution/tasks/class-pollution-100-1K-r3-all/output/Awesome-hacking-tools/codeql-db.
Running build command: []
Running command in /home/jackfromeast/Desktop/python-class-pollution/tasks/class-pollution-100-1K-r3-all/output/Awesome-hacking-tools/codebase: [/home/jackfromeast/Downloads/codeql/python/tools/autobuild.sh]
Finalizing database at /home/jackfromeast/Desktop/python-class-pollution/tasks/class-pollution-100-1K-r3-all/output/Awesome-hacking-tools/codeql-db.
CodeQL did not detect any code written in languages supported by this CodeQL distribution (YAML, XML, C/C++, Swift, HTML, Ruby, GitHub Actions, Go, Java Properties Files, Python, C#, JavaScript/TypeScript, Java/Kotlin or CSV). Confirm that there is some source code for one of these languages in the project. For more information, review our troubleshooting guide at https://gh.io/troubleshooting-code-scanning/no-source-code-seen-during-build.
 (logger.py:42)
2025-03-30 06:57:12,609 - CodeQLRunner - ERROR - Failed to build CodeQL database: UnknownError: Initializing database at /home/jackfromeast/Desktop/python-class-pollution/tasks/class-pollution-100-1K-r3-all/output/gallery/codeql-db.
Running build command: []
Running command in /home/jackfromeast/Desktop/python-class-pollution/tasks/class-pollution-100-1K-r3-all/output/gallery/codebase: [/home/jackfromeast/Downloads/codeql/python/tools/autobuild.sh]
Finalizing database at /home/jackfromeast/Desktop/python-class-pollution/tasks/class-pollution-100-1K-r3-all/output/gallery/codeql-db.
CodeQL did not detect any code written in languages supported by this CodeQL distribution (YAML, XML, C/C++, Swift, HTML, Ruby, GitHub Actions, Go, Java Properties Files, Python, C#, JavaScript/TypeScript, Java/Kotlin or CSV). Confirm that there is some source code for one of these languages in the project. For more information, review our troubleshooting guide at https://gh.io/troubleshooting-code-scanning/no-source-code-seen-during-build.
 (logger.py:42)
2025-03-30 09:47:23,492 - CodeQLRunner - ERROR - Failed to build CodeQL database: UnknownError: Initializing database at /home/jackfromeast/Desktop/python-class-pollution/tasks/class-pollution-100-1K-r3-all/output/MeGA/codeql-db.
Running build command: []
Running command in /home/jackfromeast/Desktop/python-class-pollution/tasks/class-pollution-100-1K-r3-all/output/MeGA/codebase: [/home/jackfromeast/Downloads/codeql/python/tools/autobuild.sh]
Finalizing database at /home/jackfromeast/Desktop/python-class-pollution/tasks/class-pollution-100-1K-r3-all/output/MeGA/codeql-db.
CodeQL did not detect any code written in languages supported by this CodeQL distribution (YAML, XML, C/C++, Swift, HTML, Ruby, GitHub Actions, Go, Java Properties Files, Python, C#, JavaScript/TypeScript, Java/Kotlin or CSV). Confirm that there is some source code for one of these languages in the project. For more information, review our troubleshooting guide at https://gh.io/troubleshooting-code-scanning/no-source-code-seen-during-build.
 (logger.py:42)
2025-03-30 10:06:41,334 - CodeQLRunner - ERROR - Failed to build CodeQL database: NoSupportedPythonCodeFound: No supported code found in the repository. (logger.py:42)
2025-03-30 10:21:39,411 - CodeQLRunner - ERROR - Failed to build CodeQL database: NoSupportedPythonCodeFound: No supported code found in the repository. (logger.py:42)
2025-03-30 11:54:18,725 - CodeQLRunner - ERROR - Failed to build CodeQL database: UnknownError: Initializing database at /home/jackfromeast/Desktop/python-class-pollution/tasks/class-pollution-100-1K-r3-all/output/threads-net/codeql-db.
Running build command: []
Running command in /home/jackfromeast/Desktop/python-class-pollution/tasks/class-pollution-100-1K-r3-all/output/threads-net/codebase: [/home/jackfromeast/Downloads/codeql/python/tools/autobuild.sh]
Finalizing database at /home/jackfromeast/Desktop/python-class-pollution/tasks/class-pollution-100-1K-r3-all/output/threads-net/codeql-db.
CodeQL did not detect any code written in languages supported by this CodeQL distribution (YAML, XML, C/C++, Swift, HTML, Ruby, GitHub Actions, Go, Java Properties Files, Python, C#, JavaScript/TypeScript, Java/Kotlin or CSV). Confirm that there is some source code for one of these languages in the project. For more information, review our troubleshooting guide at https://gh.io/troubleshooting-code-scanning/no-source-code-seen-during-build.
 (logger.py:42)
2025-03-30 11:55:57,861 - CodeQLRunner - ERROR - Failed to build CodeQL database: UnknownError: Initializing database at /home/jackfromeast/Desktop/python-class-pollution/tasks/class-pollution-100-1K-r3-all/output/dockercloud-haproxy/codeql-db.
Running build command: []
Running command in /home/jackfromeast/Desktop/python-class-pollution/tasks/class-pollution-100-1K-r3-all/output/dockercloud-haproxy/codebase: [/home/jackfromeast/Downloads/codeql/python/tools/autobuild.sh]
Finalizing database at /home/jackfromeast/Desktop/python-class-pollution/tasks/class-pollution-100-1K-r3-all/output/dockercloud-haproxy/codeql-db.
CodeQL did not detect any code written in languages supported by this CodeQL distribution (YAML, XML, C/C++, Swift, HTML, Ruby, GitHub Actions, Go, Java Properties Files, Python, C#, JavaScript/TypeScript, Java/Kotlin or CSV). Confirm that there is some source code for one of these languages in the project. For more information, review our troubleshooting guide at https://gh.io/troubleshooting-code-scanning/no-source-code-seen-during-build.
 (logger.py:42)
2025-03-30 12:16:58,793 - CodeQLRunner - ERROR - Failed to build CodeQL database: UnknownError: Initializing database at /home/jackfromeast/Desktop/python-class-pollution/tasks/class-pollution-100-1K-r3-all/output/dockershrink/codeql-db.
Running build command: []
Running command in /home/jackfromeast/Desktop/python-class-pollution/tasks/class-pollution-100-1K-r3-all/output/dockershrink/codebase: [/home/jackfromeast/Downloads/codeql/python/tools/autobuild.sh]
Finalizing database at /home/jackfromeast/Desktop/python-class-pollution/tasks/class-pollution-100-1K-r3-all/output/dockershrink/codeql-db.
CodeQL detected code written in Go and C/C++, but not any written in Python. Confirm that there is some source code for Python in the project. For more information, review our troubleshooting guide at https://gh.io/troubleshooting-code-scanning/no-source-code-seen-during-build.
 (logger.py:42)
2025-03-30 12:46:18,464 - CodeQLRunner - ERROR - Failed to build CodeQL database: UnknownError: Initializing database at /home/jackfromeast/Desktop/python-class-pollution/tasks/class-pollution-100-1K-r3-all/output/lootscraper/codeql-db.
Running build command: []
Running command in /home/jackfromeast/Desktop/python-class-pollution/tasks/class-pollution-100-1K-r3-all/output/lootscraper/codebase: [/home/jackfromeast/Downloads/codeql/python/tools/autobuild.sh]
Finalizing database at /home/jackfromeast/Desktop/python-class-pollution/tasks/class-pollution-100-1K-r3-all/output/lootscraper/codeql-db.
CodeQL detected code written in JavaScript/TypeScript, but not any written in Python. Confirm that there is some source code for Python in the project. For more information, review our troubleshooting guide at https://gh.io/troubleshooting-code-scanning/no-source-code-seen-during-build.
 (logger.py:42)
2025-03-30 13:05:30,895 - CodeQLRunner - ERROR - Failed to build CodeQL database: NoSupportedPythonCodeFound: No supported code found in the repository. (logger.py:42)
2025-03-30 13:05:30,986 - CodeQLRunner - ERROR - Failed to build CodeQL database: NoSupportedPythonCodeFound: No supported code found in the repository. (logger.py:42)
2025-03-30 13:07:43,283 - CodeQLRunner - ERROR - Failed to build CodeQL database: UnknownError: Initializing database at /home/jackfromeast/Desktop/python-class-pollution/tasks/class-pollution-100-1K-r3-all/output/Birds-of-a-Feather/codeql-db.
Running build command: []
Running command in /home/jackfromeast/Desktop/python-class-pollution/tasks/class-pollution-100-1K-r3-all/output/Birds-of-a-Feather/codebase: [/home/jackfromeast/Downloads/codeql/python/tools/autobuild.sh]
Finalizing database at /home/jackfromeast/Desktop/python-class-pollution/tasks/class-pollution-100-1K-r3-all/output/Birds-of-a-Feather/codeql-db.
CodeQL did not detect any code written in languages supported by this CodeQL distribution (YAML, XML, C/C++, Swift, HTML, Ruby, GitHub Actions, Go, Java Properties Files, Python, C#, JavaScript/TypeScript, Java/Kotlin or CSV). Confirm that there is some source code for one of these languages in the project. For more information, review our troubleshooting guide at https://gh.io/troubleshooting-code-scanning/no-source-code-seen-during-build.
 (logger.py:42)
2025-03-30 13:07:51,366 - CodeQLRunner - ERROR - Failed to build CodeQL database: UnknownError: Initializing database at /home/jackfromeast/Desktop/python-class-pollution/tasks/class-pollution-100-1K-r3-all/output/Generative-Art/codeql-db.
Running build command: []
Running command in /home/jackfromeast/Desktop/python-class-pollution/tasks/class-pollution-100-1K-r3-all/output/Generative-Art/codebase: [/home/jackfromeast/Downloads/codeql/python/tools/autobuild.sh]
Finalizing database at /home/jackfromeast/Desktop/python-class-pollution/tasks/class-pollution-100-1K-r3-all/output/Generative-Art/codeql-db.
CodeQL did not detect any code written in languages supported by this CodeQL distribution (YAML, XML, C/C++, Swift, HTML, Ruby, GitHub Actions, Go, Java Properties Files, Python, C#, JavaScript/TypeScript, Java/Kotlin or CSV). Confirm that there is some source code for one of these languages in the project. For more information, review our troubleshooting guide at https://gh.io/troubleshooting-code-scanning/no-source-code-seen-during-build.
 (logger.py:42)
2025-03-30 13:07:52,896 - CodeQLRunner - ERROR - Failed to build CodeQL database: UnknownError: Initializing database at /home/jackfromeast/Desktop/python-class-pollution/tasks/class-pollution-100-1K-r3-all/output/Hex-Map/codeql-db.
Running build command: []
Running command in /home/jackfromeast/Desktop/python-class-pollution/tasks/class-pollution-100-1K-r3-all/output/Hex-Map/codebase: [/home/jackfromeast/Downloads/codeql/python/tools/autobuild.sh]
Finalizing database at /home/jackfromeast/Desktop/python-class-pollution/tasks/class-pollution-100-1K-r3-all/output/Hex-Map/codeql-db.
CodeQL detected code written in JavaScript/TypeScript, but not any written in Python. Confirm that there is some source code for Python in the project. For more information, review our troubleshooting guide at https://gh.io/troubleshooting-code-scanning/no-source-code-seen-during-build.
 (logger.py:42)
2025-03-30 13:25:22,453 - CodeQLRunner - ERROR - Failed to build CodeQL database: UnknownError: Initializing database at /home/jackfromeast/Desktop/python-class-pollution/tasks/class-pollution-100-1K-r3-all/output/aarch64-apple-gimp/codeql-db.
Running build command: []
Running command in /home/jackfromeast/Desktop/python-class-pollution/tasks/class-pollution-100-1K-r3-all/output/aarch64-apple-gimp/codebase: [/home/jackfromeast/Downloads/codeql/python/tools/autobuild.sh]
Finalizing database at /home/jackfromeast/Desktop/python-class-pollution/tasks/class-pollution-100-1K-r3-all/output/aarch64-apple-gimp/codeql-db.
CodeQL did not detect any code written in languages supported by this CodeQL distribution (YAML, XML, C/C++, Swift, HTML, Ruby, GitHub Actions, Go, Java Properties Files, Python, C#, JavaScript/TypeScript, Java/Kotlin or CSV). Confirm that there is some source code for one of these languages in the project. For more information, review our troubleshooting guide at https://gh.io/troubleshooting-code-scanning/no-source-code-seen-during-build.
 (logger.py:42)
2025-03-30 13:33:47,869 - CodeQLRunner - ERROR - Failed to build CodeQL database: UnknownError: Initializing database at /home/jackfromeast/Desktop/python-class-pollution/tasks/class-pollution-100-1K-r3-all/output/android-jsc/codeql-db.
Running build command: []
Running command in /home/jackfromeast/Desktop/python-class-pollution/tasks/class-pollution-100-1K-r3-all/output/android-jsc/codebase: [/home/jackfromeast/Downloads/codeql/python/tools/autobuild.sh]
Finalizing database at /home/jackfromeast/Desktop/python-class-pollution/tasks/class-pollution-100-1K-r3-all/output/android-jsc/codeql-db.
CodeQL did not detect any code written in languages supported by this CodeQL distribution (YAML, XML, C/C++, Swift, HTML, Ruby, GitHub Actions, Go, Java Properties Files, Python, C#, JavaScript/TypeScript, Java/Kotlin or CSV). Confirm that there is some source code for one of these languages in the project. For more information, review our troubleshooting guide at https://gh.io/troubleshooting-code-scanning/no-source-code-seen-during-build.
 (logger.py:42)
2025-03-30 15:20:37,819 - CodeQLRunner - ERROR - Failed to build CodeQL database: NoSupportedPythonCodeFound: No supported code found in the repository. (logger.py:42)
2025-03-30 15:33:23,881 - CodeQLRunner - ERROR - Failed to build CodeQL database: UnknownError: Initializing database at /home/jackfromeast/Desktop/python-class-pollution/tasks/class-pollution-100-1K-r3-all/output/scarpet/codeql-db.
Running build command: []
Running command in /home/jackfromeast/Desktop/python-class-pollution/tasks/class-pollution-100-1K-r3-all/output/scarpet/codebase: [/home/jackfromeast/Downloads/codeql/python/tools/autobuild.sh]
Finalizing database at /home/jackfromeast/Desktop/python-class-pollution/tasks/class-pollution-100-1K-r3-all/output/scarpet/codeql-db.
CodeQL did not detect any code written in languages supported by this CodeQL distribution (YAML, XML, C/C++, Swift, HTML, Ruby, GitHub Actions, Go, Java Properties Files, Python, C#, JavaScript/TypeScript, Java/Kotlin or CSV). Confirm that there is some source code for one of these languages in the project. For more information, review our troubleshooting guide at https://gh.io/troubleshooting-code-scanning/no-source-code-seen-during-build.
 (logger.py:42)
2025-03-30 16:05:35,895 - CodeQLRunner - ERROR - Failed to build CodeQL database: UnknownError: Initializing database at /home/jackfromeast/Desktop/python-class-pollution/tasks/class-pollution-100-1K-r3-all/output/gqylpy-exception/codeql-db.
Running build command: []
Running command in /home/jackfromeast/Desktop/python-class-pollution/tasks/class-pollution-100-1K-r3-all/output/gqylpy-exception/codebase: [/home/jackfromeast/Downloads/codeql/python/tools/autobuild.sh]
Finalizing database at /home/jackfromeast/Desktop/python-class-pollution/tasks/class-pollution-100-1K-r3-all/output/gqylpy-exception/codeql-db.
CodeQL did not detect any code written in languages supported by this CodeQL distribution (YAML, XML, C/C++, Swift, HTML, Ruby, GitHub Actions, Go, Java Properties Files, Python, C#, JavaScript/TypeScript, Java/Kotlin or CSV). Confirm that there is some source code for one of these languages in the project. For more information, review our troubleshooting guide at https://gh.io/troubleshooting-code-scanning/no-source-code-seen-during-build.
 (logger.py:42)
2025-03-30 16:15:14,436 - CodeQLRunner - ERROR - Failed to build CodeQL database: UnknownError: Initializing database at /home/jackfromeast/Desktop/python-class-pollution/tasks/class-pollution-100-1K-r3-all/output/tradoge/codeql-db.
Running build command: []
Running command in /home/jackfromeast/Desktop/python-class-pollution/tasks/class-pollution-100-1K-r3-all/output/tradoge/codebase: [/home/jackfromeast/Downloads/codeql/python/tools/autobuild.sh]
Finalizing database at /home/jackfromeast/Desktop/python-class-pollution/tasks/class-pollution-100-1K-r3-all/output/tradoge/codeql-db.
CodeQL detected code written in Go, but not any written in Python. Confirm that there is some source code for Python in the project. For more information, review our troubleshooting guide at https://gh.io/troubleshooting-code-scanning/no-source-code-seen-during-build.
 (logger.py:42)
2025-03-30 16:54:20,228 - CodeQLRunner - ERROR - Failed to build CodeQL database: NoSupportedPythonCodeFound: No supported code found in the repository. (logger.py:42)
2025-03-30 17:24:04,265 - CodeQLRunner - ERROR - Failed to build CodeQL database: NoSupportedPythonCodeFound: No supported code found in the repository. (logger.py:42)
2025-03-30 17:38:26,056 - CodeQLRunner - ERROR - Failed to build CodeQL database: UnknownError: Initializing database at /home/jackfromeast/Desktop/python-class-pollution/tasks/class-pollution-100-1K-r3-all/output/huajiScript/codeql-db.
Running build command: []
Running command in /home/jackfromeast/Desktop/python-class-pollution/tasks/class-pollution-100-1K-r3-all/output/huajiScript/codebase: [/home/jackfromeast/Downloads/codeql/python/tools/autobuild.sh]
Finalizing database at /home/jackfromeast/Desktop/python-class-pollution/tasks/class-pollution-100-1K-r3-all/output/huajiScript/codeql-db.
CodeQL did not detect any code written in languages supported by this CodeQL distribution (YAML, XML, C/C++, Swift, HTML, Ruby, GitHub Actions, Go, Java Properties Files, Python, C#, JavaScript/TypeScript, Java/Kotlin or CSV). Confirm that there is some source code for one of these languages in the project. For more information, review our troubleshooting guide at https://gh.io/troubleshooting-code-scanning/no-source-code-seen-during-build.
 (logger.py:42)
2025-03-30 18:03:49,829 - CodeQLRunner - ERROR - Failed to build CodeQL database: UnknownError: Initializing database at /home/jackfromeast/Desktop/python-class-pollution/tasks/class-pollution-100-1K-r3-all/output/diy-async-web-framework/codeql-db.
Running build command: []
Running command in /home/jackfromeast/Desktop/python-class-pollution/tasks/class-pollution-100-1K-r3-all/output/diy-async-web-framework/codebase: [/home/jackfromeast/Downloads/codeql/python/tools/autobuild.sh]
Finalizing database at /home/jackfromeast/Desktop/python-class-pollution/tasks/class-pollution-100-1K-r3-all/output/diy-async-web-framework/codeql-db.
CodeQL did not detect any code written in languages supported by this CodeQL distribution (YAML, XML, C/C++, Swift, HTML, Ruby, GitHub Actions, Go, Java Properties Files, Python, C#, JavaScript/TypeScript, Java/Kotlin or CSV). Confirm that there is some source code for one of these languages in the project. For more information, review our troubleshooting guide at https://gh.io/troubleshooting-code-scanning/no-source-code-seen-during-build.
 (logger.py:42)
2025-03-30 18:25:03,115 - CodeQLRunner - ERROR - Failed to build CodeQL database: NoSupportedPythonCodeFound: No supported code found in the repository. (logger.py:42)
2025-03-30 20:20:14,964 - CodeQLRunner - ERROR - Failed to build CodeQL database: UnknownError: Initializing database at /home/jackfromeast/Desktop/python-class-pollution/tasks/class-pollution-100-1K-r3-all/output/cpython/codeql-db.
Running build command: []
Running command in /home/jackfromeast/Desktop/python-class-pollution/tasks/class-pollution-100-1K-r3-all/output/cpython/codebase: [/home/jackfromeast/Downloads/codeql/python/tools/autobuild.sh]
Finalizing database at /home/jackfromeast/Desktop/python-class-pollution/tasks/class-pollution-100-1K-r3-all/output/cpython/codeql-db.
CodeQL did not detect any code written in languages supported by this CodeQL distribution (YAML, XML, C/C++, Swift, HTML, Ruby, GitHub Actions, Go, Java Properties Files, Python, C#, JavaScript/TypeScript, Java/Kotlin or CSV). Confirm that there is some source code for one of these languages in the project. For more information, review our troubleshooting guide at https://gh.io/troubleshooting-code-scanning/no-source-code-seen-during-build.
 (logger.py:42)
2025-03-30 20:22:37,225 - CodeQLRunner - ERROR - Failed to build CodeQL database: NoSupportedPythonCodeFound: No supported code found in the repository. (logger.py:42)
2025-03-30 21:08:42,878 - CodeQLRunner - ERROR - Failed to build CodeQL database: NoSupportedPythonCodeFound: No supported code found in the repository. (logger.py:42)
2025-03-30 21:21:15,728 - CodeQLRunner - ERROR - Failed to build CodeQL database: UnknownError: Initializing database at /home/jackfromeast/Desktop/python-class-pollution/tasks/class-pollution-100-1K-r3-all/output/ClashMetaForWindows_Mini/codeql-db.
Running build command: []
Running command in /home/jackfromeast/Desktop/python-class-pollution/tasks/class-pollution-100-1K-r3-all/output/ClashMetaForWindows_Mini/codebase: [/home/jackfromeast/Downloads/codeql/python/tools/autobuild.sh]
Finalizing database at /home/jackfromeast/Desktop/python-class-pollution/tasks/class-pollution-100-1K-r3-all/output/ClashMetaForWindows_Mini/codeql-db.
CodeQL did not detect any code written in languages supported by this CodeQL distribution (YAML, XML, C/C++, Swift, HTML, Ruby, GitHub Actions, Go, Java Properties Files, Python, C#, JavaScript/TypeScript, Java/Kotlin or CSV). Confirm that there is some source code for one of these languages in the project. For more information, review our troubleshooting guide at https://gh.io/troubleshooting-code-scanning/no-source-code-seen-during-build.
 (logger.py:42)
2025-03-30 21:25:08,099 - CodeQLRunner - ERROR - Failed to build CodeQL database: UnknownError: Initializing database at /home/jackfromeast/Desktop/python-class-pollution/tasks/class-pollution-100-1K-r3-all/output/NJU-health-report/codeql-db.
Running build command: []
Running command in /home/jackfromeast/Desktop/python-class-pollution/tasks/class-pollution-100-1K-r3-all/output/NJU-health-report/codebase: [/home/jackfromeast/Downloads/codeql/python/tools/autobuild.sh]
Finalizing database at /home/jackfromeast/Desktop/python-class-pollution/tasks/class-pollution-100-1K-r3-all/output/NJU-health-report/codeql-db.
CodeQL did not detect any code written in languages supported by this CodeQL distribution (YAML, XML, C/C++, Swift, HTML, Ruby, GitHub Actions, Go, Java Properties Files, Python, C#, JavaScript/TypeScript, Java/Kotlin or CSV). Confirm that there is some source code for one of these languages in the project. For more information, review our troubleshooting guide at https://gh.io/troubleshooting-code-scanning/no-source-code-seen-during-build.
 (logger.py:42)
2025-03-30 21:49:35,290 - CodeQLRunner - ERROR - Failed to build CodeQL database: UnknownError: Initializing database at /home/jackfromeast/Desktop/python-class-pollution/tasks/class-pollution-100-1K-r3-all/output/Kumpulan-Script-Termux/codeql-db.
Running build command: []
Running command in /home/jackfromeast/Desktop/python-class-pollution/tasks/class-pollution-100-1K-r3-all/output/Kumpulan-Script-Termux/codebase: [/home/jackfromeast/Downloads/codeql/python/tools/autobuild.sh]
Finalizing database at /home/jackfromeast/Desktop/python-class-pollution/tasks/class-pollution-100-1K-r3-all/output/Kumpulan-Script-Termux/codeql-db.
CodeQL did not detect any code written in languages supported by this CodeQL distribution (YAML, XML, C/C++, Swift, HTML, Ruby, GitHub Actions, Go, Java Properties Files, Python, C#, JavaScript/TypeScript, Java/Kotlin or CSV). Confirm that there is some source code for one of these languages in the project. For more information, review our troubleshooting guide at https://gh.io/troubleshooting-code-scanning/no-source-code-seen-during-build.
 (logger.py:42)
2025-03-30 22:58:46,367 - CodeQLRunner - ERROR - Failed to build CodeQL database: UnknownError: Initializing database at /home/jackfromeast/Desktop/python-class-pollution/tasks/class-pollution-100-1K-r3-all/output/ansiblebook/codeql-db.
Running build command: []
Running command in /home/jackfromeast/Desktop/python-class-pollution/tasks/class-pollution-100-1K-r3-all/output/ansiblebook/codebase: [/home/jackfromeast/Downloads/codeql/python/tools/autobuild.sh]
Finalizing database at /home/jackfromeast/Desktop/python-class-pollution/tasks/class-pollution-100-1K-r3-all/output/ansiblebook/codeql-db.
CodeQL did not detect any code written in languages supported by this CodeQL distribution (YAML, XML, C/C++, Swift, HTML, Ruby, GitHub Actions, Go, Java Properties Files, Python, C#, JavaScript/TypeScript, Java/Kotlin or CSV). Confirm that there is some source code for one of these languages in the project. For more information, review our troubleshooting guide at https://gh.io/troubleshooting-code-scanning/no-source-code-seen-during-build.
 (logger.py:42)
2025-03-30 23:26:19,201 - CodeQLRunner - ERROR - Failed to build CodeQL database: UnknownError: Initializing database at /home/jackfromeast/Desktop/python-class-pollution/tasks/class-pollution-100-1K-r3-all/output/mac-teamviewer-crack/codeql-db.
Running build command: []
Running command in /home/jackfromeast/Desktop/python-class-pollution/tasks/class-pollution-100-1K-r3-all/output/mac-teamviewer-crack/codebase: [/home/jackfromeast/Downloads/codeql/python/tools/autobuild.sh]
Finalizing database at /home/jackfromeast/Desktop/python-class-pollution/tasks/class-pollution-100-1K-r3-all/output/mac-teamviewer-crack/codeql-db.
CodeQL did not detect any code written in languages supported by this CodeQL distribution (YAML, XML, C/C++, Swift, HTML, Ruby, GitHub Actions, Go, Java Properties Files, Python, C#, JavaScript/TypeScript, Java/Kotlin or CSV). Confirm that there is some source code for one of these languages in the project. For more information, review our troubleshooting guide at https://gh.io/troubleshooting-code-scanning/no-source-code-seen-during-build.
 (logger.py:42)
2025-03-30 23:30:56,688 - CodeQLRunner - ERROR - Failed to build CodeQL database: NoSupportedPythonCodeFound: No supported code found in the repository. (logger.py:42)
2025-03-31 01:07:54,322 - CodeQLRunner - ERROR - Failed to build CodeQL database: NoSupportedPythonCodeFound: No supported code found in the repository. (logger.py:42)
2025-03-31 02:25:20,646 - CodeQLRunner - ERROR - Failed to build CodeQL database: UnknownError: Initializing database at /home/jackfromeast/Desktop/python-class-pollution/tasks/class-pollution-100-1K-r3-all/output/MR-Models/codeql-db.
Running build command: []
Running command in /home/jackfromeast/Desktop/python-class-pollution/tasks/class-pollution-100-1K-r3-all/output/MR-Models/codebase: [/home/jackfromeast/Downloads/codeql/python/tools/autobuild.sh]
Finalizing database at /home/jackfromeast/Desktop/python-class-pollution/tasks/class-pollution-100-1K-r3-all/output/MR-Models/codeql-db.
CodeQL did not detect any code written in languages supported by this CodeQL distribution (YAML, XML, C/C++, Swift, HTML, Ruby, GitHub Actions, Go, Java Properties Files, Python, C#, JavaScript/TypeScript, Java/Kotlin or CSV). Confirm that there is some source code for one of these languages in the project. For more information, review our troubleshooting guide at https://gh.io/troubleshooting-code-scanning/no-source-code-seen-during-build.
 (logger.py:42)
2025-03-31 02:40:07,982 - CodeQLRunner - ERROR - Failed to build CodeQL database: NoSupportedPythonCodeFound: No supported code found in the repository. (logger.py:42)
2025-03-31 03:37:19,659 - CodeQLRunner - ERROR - Failed to build CodeQL database: UnknownError: Initializing database at /home/jackfromeast/Desktop/python-class-pollution/tasks/class-pollution-100-1K-r3-all/output/node-canvas-prebuilt/codeql-db.
Running build command: []
Running command in /home/jackfromeast/Desktop/python-class-pollution/tasks/class-pollution-100-1K-r3-all/output/node-canvas-prebuilt/codebase: [/home/jackfromeast/Downloads/codeql/python/tools/autobuild.sh]
Finalizing database at /home/jackfromeast/Desktop/python-class-pollution/tasks/class-pollution-100-1K-r3-all/output/node-canvas-prebuilt/codeql-db.
CodeQL detected code written in JavaScript/TypeScript, but not any written in Python. Confirm that there is some source code for Python in the project. For more information, review our troubleshooting guide at https://gh.io/troubleshooting-code-scanning/no-source-code-seen-during-build.
 (logger.py:42)
2025-03-31 03:59:12,520 - CodeQLRunner - ERROR - Failed to build CodeQL database: NoSupportedPythonCodeFound: No supported code found in the repository. (logger.py:42)
2025-03-31 04:59:41,993 - CodeQLRunner - ERROR - Failed to build CodeQL database: UnknownError: Initializing database at /home/jackfromeast/Desktop/python-class-pollution/tasks/class-pollution-100-1K-r3-all/output/FakeToa/codeql-db.
Running build command: []
Running command in /home/jackfromeast/Desktop/python-class-pollution/tasks/class-pollution-100-1K-r3-all/output/FakeToa/codebase: [/home/jackfromeast/Downloads/codeql/python/tools/autobuild.sh]
Finalizing database at /home/jackfromeast/Desktop/python-class-pollution/tasks/class-pollution-100-1K-r3-all/output/FakeToa/codeql-db.
CodeQL did not detect any code written in languages supported by this CodeQL distribution (YAML, XML, C/C++, Swift, HTML, Ruby, GitHub Actions, Go, Java Properties Files, Python, C#, JavaScript/TypeScript, Java/Kotlin or CSV). Confirm that there is some source code for one of these languages in the project. For more information, review our troubleshooting guide at https://gh.io/troubleshooting-code-scanning/no-source-code-seen-during-build.
 (logger.py:42)
2025-03-31 05:36:40,393 - CodeQLRunner - ERROR - Failed to build CodeQL database: NoSupportedPythonCodeFound: No supported code found in the repository. (logger.py:42)
2025-03-31 06:07:06,541 - CodeQLRunner - ERROR - Failed to build CodeQL database: NoSupportedPythonCodeFound: No supported code found in the repository. (logger.py:42)
2025-03-31 06:11:03,542 - CodeQLRunner - ERROR - Failed to build CodeQL database: UnknownError: Initializing database at /home/jackfromeast/Desktop/python-class-pollution/tasks/class-pollution-100-1K-r3-all/output/rules_kotlin/codeql-db.
Running build command: []
Running command in /home/jackfromeast/Desktop/python-class-pollution/tasks/class-pollution-100-1K-r3-all/output/rules_kotlin/codebase: [/home/jackfromeast/Downloads/codeql/python/tools/autobuild.sh]
Finalizing database at /home/jackfromeast/Desktop/python-class-pollution/tasks/class-pollution-100-1K-r3-all/output/rules_kotlin/codeql-db.
CodeQL detected code written in Java/Kotlin, but not any written in Python. Confirm that there is some source code for Python in the project. For more information, review our troubleshooting guide at https://gh.io/troubleshooting-code-scanning/no-source-code-seen-during-build.
 (logger.py:42)
2025-03-31 06:35:49,990 - CodeQLRunner - ERROR - Failed to build CodeQL database: NoSupportedPythonCodeFound: No supported code found in the repository. (logger.py:42)
2025-03-31 07:29:42,358 - CodeQLRunner - ERROR - Failed to build CodeQL database: UnknownError: Initializing database at /home/jackfromeast/Desktop/python-class-pollution/tasks/class-pollution-100-1K-r3-all/output/learning-machine/codeql-db.
Running build command: []
Running command in /home/jackfromeast/Desktop/python-class-pollution/tasks/class-pollution-100-1K-r3-all/output/learning-machine/codebase: [/home/jackfromeast/Downloads/codeql/python/tools/autobuild.sh]
Finalizing database at /home/jackfromeast/Desktop/python-class-pollution/tasks/class-pollution-100-1K-r3-all/output/learning-machine/codeql-db.
CodeQL did not detect any code written in languages supported by this CodeQL distribution (YAML, XML, C/C++, Swift, HTML, Ruby, GitHub Actions, Go, Java Properties Files, Python, C#, JavaScript/TypeScript, Java/Kotlin or CSV). Confirm that there is some source code for one of these languages in the project. For more information, review our troubleshooting guide at https://gh.io/troubleshooting-code-scanning/no-source-code-seen-during-build.
 (logger.py:42)
2025-03-31 08:08:32,272 - CodeQLRunner - ERROR - Failed to build CodeQL database: UnknownError: Initializing database at /home/jackfromeast/Desktop/python-class-pollution/tasks/class-pollution-100-1K-r3-all/output/github-moment/codeql-db.
Running build command: []
Running command in /home/jackfromeast/Desktop/python-class-pollution/tasks/class-pollution-100-1K-r3-all/output/github-moment/codebase: [/home/jackfromeast/Downloads/codeql/python/tools/autobuild.sh]
Finalizing database at /home/jackfromeast/Desktop/python-class-pollution/tasks/class-pollution-100-1K-r3-all/output/github-moment/codeql-db.
CodeQL did not detect any code written in languages supported by this CodeQL distribution (YAML, XML, C/C++, Swift, HTML, Ruby, GitHub Actions, Go, Java Properties Files, Python, C#, JavaScript/TypeScript, Java/Kotlin or CSV). Confirm that there is some source code for one of these languages in the project. For more information, review our troubleshooting guide at https://gh.io/troubleshooting-code-scanning/no-source-code-seen-during-build.
 (logger.py:42)
2025-03-31 08:15:04,979 - CodeQLRunner - ERROR - Failed to build CodeQL database: UnknownError: Initializing database at /home/jackfromeast/Desktop/python-class-pollution/tasks/class-pollution-100-1K-r3-all/output/llama_extract/codeql-db.
Running build command: []
Running command in /home/jackfromeast/Desktop/python-class-pollution/tasks/class-pollution-100-1K-r3-all/output/llama_extract/codebase: [/home/jackfromeast/Downloads/codeql/python/tools/autobuild.sh]
Finalizing database at /home/jackfromeast/Desktop/python-class-pollution/tasks/class-pollution-100-1K-r3-all/output/llama_extract/codeql-db.
CodeQL did not detect any code written in languages supported by this CodeQL distribution (YAML, XML, C/C++, Swift, HTML, Ruby, GitHub Actions, Go, Java Properties Files, Python, C#, JavaScript/TypeScript, Java/Kotlin or CSV). Confirm that there is some source code for one of these languages in the project. For more information, review our troubleshooting guide at https://gh.io/troubleshooting-code-scanning/no-source-code-seen-during-build.
 (logger.py:42)
2025-03-31 08:19:32,136 - CodeQLRunner - ERROR - Failed to build CodeQL database: UnknownError: Initializing database at /home/jackfromeast/Desktop/python-class-pollution/tasks/class-pollution-100-1K-r3-all/output/bthidhub/codeql-db.
Running build command: []
Running command in /home/jackfromeast/Desktop/python-class-pollution/tasks/class-pollution-100-1K-r3-all/output/bthidhub/codebase: [/home/jackfromeast/Downloads/codeql/python/tools/autobuild.sh]
Finalizing database at /home/jackfromeast/Desktop/python-class-pollution/tasks/class-pollution-100-1K-r3-all/output/bthidhub/codeql-db.
CodeQL did not detect any code written in languages supported by this CodeQL distribution (YAML, XML, C/C++, Swift, HTML, Ruby, GitHub Actions, Go, Java Properties Files, Python, C#, JavaScript/TypeScript, Java/Kotlin or CSV). Confirm that there is some source code for one of these languages in the project. For more information, review our troubleshooting guide at https://gh.io/troubleshooting-code-scanning/no-source-code-seen-during-build.
 (logger.py:42)
2025-03-31 08:21:00,924 - CodeQLRunner - ERROR - Failed to build CodeQL database: NoSupportedPythonCodeFound: No supported code found in the repository. (logger.py:42)
2025-03-31 08:34:05,981 - CodeQLRunner - ERROR - Failed to build CodeQL database: UnknownError: Initializing database at /home/jackfromeast/Desktop/python-class-pollution/tasks/class-pollution-100-1K-r3-all/output/list-of-cities-in-Iran/codeql-db.
Running build command: []
Running command in /home/jackfromeast/Desktop/python-class-pollution/tasks/class-pollution-100-1K-r3-all/output/list-of-cities-in-Iran/codebase: [/home/jackfromeast/Downloads/codeql/python/tools/autobuild.sh]
Finalizing database at /home/jackfromeast/Desktop/python-class-pollution/tasks/class-pollution-100-1K-r3-all/output/list-of-cities-in-Iran/codeql-db.
CodeQL detected code written in JavaScript/TypeScript, but not any written in Python. Confirm that there is some source code for Python in the project. For more information, review our troubleshooting guide at https://gh.io/troubleshooting-code-scanning/no-source-code-seen-during-build.
 (logger.py:42)
2025-03-31 08:55:45,780 - CodeQLRunner - ERROR - Failed to build CodeQL database: UnknownError: Initializing database at /home/jackfromeast/Desktop/python-class-pollution/tasks/class-pollution-100-1K-r3-all/output/aws-k8s-kops-ansible/codeql-db.
Running build command: []
Running command in /home/jackfromeast/Desktop/python-class-pollution/tasks/class-pollution-100-1K-r3-all/output/aws-k8s-kops-ansible/codebase: [/home/jackfromeast/Downloads/codeql/python/tools/autobuild.sh]
Finalizing database at /home/jackfromeast/Desktop/python-class-pollution/tasks/class-pollution-100-1K-r3-all/output/aws-k8s-kops-ansible/codeql-db.
CodeQL did not detect any code written in languages supported by this CodeQL distribution (YAML, XML, C/C++, Swift, HTML, Ruby, GitHub Actions, Go, Java Properties Files, Python, C#, JavaScript/TypeScript, Java/Kotlin or CSV). Confirm that there is some source code for one of these languages in the project. For more information, review our troubleshooting guide at https://gh.io/troubleshooting-code-scanning/no-source-code-seen-during-build.
 (logger.py:42)
2025-03-31 10:16:00,463 - CodeQLRunner - ERROR - Failed to build CodeQL database: UnknownError: Initializing database at /home/jackfromeast/Desktop/python-class-pollution/tasks/class-pollution-100-1K-r3-all/output/blive-raspberry/codeql-db.
Running build command: []
Running command in /home/jackfromeast/Desktop/python-class-pollution/tasks/class-pollution-100-1K-r3-all/output/blive-raspberry/codebase: [/home/jackfromeast/Downloads/codeql/python/tools/autobuild.sh]
Finalizing database at /home/jackfromeast/Desktop/python-class-pollution/tasks/class-pollution-100-1K-r3-all/output/blive-raspberry/codeql-db.
CodeQL detected code written in Go and JavaScript/TypeScript, but not any written in Python. Confirm that there is some source code for Python in the project. For more information, review our troubleshooting guide at https://gh.io/troubleshooting-code-scanning/no-source-code-seen-during-build.
 (logger.py:42)
2025-03-31 11:31:36,423 - CodeQLRunner - ERROR - Failed to build CodeQL database: NoSupportedPythonCodeFound: No supported code found in the repository. (logger.py:42)
2025-03-31 11:43:54,151 - CodeQLRunner - ERROR - Failed to build CodeQL database: UnknownError: Initializing database at /home/jackfromeast/Desktop/python-class-pollution/tasks/class-pollution-100-1K-r3-all/output/termux-gui-package/codeql-db.
Running build command: []
Running command in /home/jackfromeast/Desktop/python-class-pollution/tasks/class-pollution-100-1K-r3-all/output/termux-gui-package/codebase: [/home/jackfromeast/Downloads/codeql/python/tools/autobuild.sh]
Finalizing database at /home/jackfromeast/Desktop/python-class-pollution/tasks/class-pollution-100-1K-r3-all/output/termux-gui-package/codeql-db.
CodeQL did not detect any code written in languages supported by this CodeQL distribution (YAML, XML, C/C++, Swift, HTML, Ruby, GitHub Actions, Go, Java Properties Files, Python, C#, JavaScript/TypeScript, Java/Kotlin or CSV). Confirm that there is some source code for one of these languages in the project. For more information, review our troubleshooting guide at https://gh.io/troubleshooting-code-scanning/no-source-code-seen-during-build.
 (logger.py:42)
2025-03-31 12:20:46,849 - CodeQLRunner - ERROR - Failed to build CodeQL database: UnknownError: Initializing database at /home/jackfromeast/Desktop/python-class-pollution/tasks/class-pollution-100-1K-r3-all/output/build-app-with-python-antitextbook/codeql-db.
Running build command: []
Running command in /home/jackfromeast/Desktop/python-class-pollution/tasks/class-pollution-100-1K-r3-all/output/build-app-with-python-antitextbook/codebase: [/home/jackfromeast/Downloads/codeql/python/tools/autobuild.sh]
Finalizing database at /home/jackfromeast/Desktop/python-class-pollution/tasks/class-pollution-100-1K-r3-all/output/build-app-with-python-antitextbook/codeql-db.
CodeQL did not detect any code written in languages supported by this CodeQL distribution (YAML, XML, C/C++, Swift, HTML, Ruby, GitHub Actions, Go, Java Properties Files, Python, C#, JavaScript/TypeScript, Java/Kotlin or CSV). Confirm that there is some source code for one of these languages in the project. For more information, review our troubleshooting guide at https://gh.io/troubleshooting-code-scanning/no-source-code-seen-during-build.
 (logger.py:42)
2025-03-31 12:36:48,500 - CodeQLRunner - ERROR - Failed to build CodeQL database: NoSupportedPythonCodeFound: No supported code found in the repository. (logger.py:42)
2025-03-31 12:50:14,810 - CodeQLRunner - ERROR - Failed to build CodeQL database: UnknownError: Initializing database at /home/jackfromeast/Desktop/python-class-pollution/tasks/class-pollution-100-1K-r3-all/output/icdar2019-tutorial/codeql-db.
Running build command: []
Running command in /home/jackfromeast/Desktop/python-class-pollution/tasks/class-pollution-100-1K-r3-all/output/icdar2019-tutorial/codebase: [/home/jackfromeast/Downloads/codeql/python/tools/autobuild.sh]
Finalizing database at /home/jackfromeast/Desktop/python-class-pollution/tasks/class-pollution-100-1K-r3-all/output/icdar2019-tutorial/codeql-db.
CodeQL did not detect any code written in languages supported by this CodeQL distribution (YAML, XML, C/C++, Swift, HTML, Ruby, GitHub Actions, Go, Java Properties Files, Python, C#, JavaScript/TypeScript, Java/Kotlin or CSV). Confirm that there is some source code for one of these languages in the project. For more information, review our troubleshooting guide at https://gh.io/troubleshooting-code-scanning/no-source-code-seen-during-build.
 (logger.py:42)
2025-03-31 13:08:46,031 - CodeQLRunner - ERROR - Failed to build CodeQL database: UnknownError: Initializing database at /home/jackfromeast/Desktop/python-class-pollution/tasks/class-pollution-100-1K-r3-all/output/mergerfs-tools/codeql-db.
Running build command: []
Running command in /home/jackfromeast/Desktop/python-class-pollution/tasks/class-pollution-100-1K-r3-all/output/mergerfs-tools/codebase: [/home/jackfromeast/Downloads/codeql/python/tools/autobuild.sh]
Finalizing database at /home/jackfromeast/Desktop/python-class-pollution/tasks/class-pollution-100-1K-r3-all/output/mergerfs-tools/codeql-db.
CodeQL did not detect any code written in languages supported by this CodeQL distribution (YAML, XML, C/C++, Swift, HTML, Ruby, GitHub Actions, Go, Java Properties Files, Python, C#, JavaScript/TypeScript, Java/Kotlin or CSV). Confirm that there is some source code for one of these languages in the project. For more information, review our troubleshooting guide at https://gh.io/troubleshooting-code-scanning/no-source-code-seen-during-build.
 (logger.py:42)
2025-03-31 13:19:51,853 - CodeQLRunner - ERROR - Failed to build CodeQL database: NoSupportedPythonCodeFound: No supported code found in the repository. (logger.py:42)
2025-03-31 13:30:58,012 - CodeQLRunner - ERROR - Failed to build CodeQL database: UnknownError: Initializing database at /home/jackfromeast/Desktop/python-class-pollution/tasks/class-pollution-100-1K-r3-all/output/mate-dock-applet/codeql-db.
Running build command: []
Running command in /home/jackfromeast/Desktop/python-class-pollution/tasks/class-pollution-100-1K-r3-all/output/mate-dock-applet/codebase: [/home/jackfromeast/Downloads/codeql/python/tools/autobuild.sh]
Finalizing database at /home/jackfromeast/Desktop/python-class-pollution/tasks/class-pollution-100-1K-r3-all/output/mate-dock-applet/codeql-db.
CodeQL did not detect any code written in languages supported by this CodeQL distribution (YAML, XML, C/C++, Swift, HTML, Ruby, GitHub Actions, Go, Java Properties Files, Python, C#, JavaScript/TypeScript, Java/Kotlin or CSV). Confirm that there is some source code for one of these languages in the project. For more information, review our troubleshooting guide at https://gh.io/troubleshooting-code-scanning/no-source-code-seen-during-build.
 (logger.py:42)
2025-03-31 14:07:10,155 - CodeQLRunner - ERROR - Failed to build CodeQL database: UnknownError: Initializing database at /home/jackfromeast/Desktop/python-class-pollution/tasks/class-pollution-100-1K-r3-all/output/Cinders-DS3/codeql-db.
Running build command: []
Running command in /home/jackfromeast/Desktop/python-class-pollution/tasks/class-pollution-100-1K-r3-all/output/Cinders-DS3/codebase: [/home/jackfromeast/Downloads/codeql/python/tools/autobuild.sh]
Finalizing database at /home/jackfromeast/Desktop/python-class-pollution/tasks/class-pollution-100-1K-r3-all/output/Cinders-DS3/codeql-db.
CodeQL detected code written in C/C++ and JavaScript/TypeScript, but not any written in Python. Confirm that there is some source code for Python in the project. For more information, review our troubleshooting guide at https://gh.io/troubleshooting-code-scanning/no-source-code-seen-during-build.
 (logger.py:42)
2025-03-31 14:16:20,058 - CodeQLRunner - ERROR - Failed to build CodeQL database: UnknownError: Initializing database at /home/jackfromeast/Desktop/python-class-pollution/tasks/class-pollution-100-1K-r3-all/output/python/codeql-db.
Running build command: []
Running command in /home/jackfromeast/Desktop/python-class-pollution/tasks/class-pollution-100-1K-r3-all/output/python/codebase: [/home/jackfromeast/Downloads/codeql/python/tools/autobuild.sh]
Finalizing database at /home/jackfromeast/Desktop/python-class-pollution/tasks/class-pollution-100-1K-r3-all/output/python/codeql-db.
CodeQL did not detect any code written in languages supported by this CodeQL distribution (YAML, XML, C/C++, Swift, HTML, Ruby, GitHub Actions, Go, Java Properties Files, Python, C#, JavaScript/TypeScript, Java/Kotlin or CSV). Confirm that there is some source code for one of these languages in the project. For more information, review our troubleshooting guide at https://gh.io/troubleshooting-code-scanning/no-source-code-seen-during-build.
 (logger.py:42)
2025-03-31 14:58:42,176 - CodeQLRunner - ERROR - Failed to build CodeQL database: UnknownError: Initializing database at /home/jackfromeast/Desktop/python-class-pollution/tasks/class-pollution-100-1K-r3-all/output/baota_release/codeql-db.
Running build command: []
Running command in /home/jackfromeast/Desktop/python-class-pollution/tasks/class-pollution-100-1K-r3-all/output/baota_release/codebase: [/home/jackfromeast/Downloads/codeql/python/tools/autobuild.sh]
Finalizing database at /home/jackfromeast/Desktop/python-class-pollution/tasks/class-pollution-100-1K-r3-all/output/baota_release/codeql-db.
CodeQL did not detect any code written in languages supported by this CodeQL distribution (YAML, XML, C/C++, Swift, HTML, Ruby, GitHub Actions, Go, Java Properties Files, Python, C#, JavaScript/TypeScript, Java/Kotlin or CSV). Confirm that there is some source code for one of these languages in the project. For more information, review our troubleshooting guide at https://gh.io/troubleshooting-code-scanning/no-source-code-seen-during-build.
 (logger.py:42)
2025-03-31 16:27:12,442 - CodeQLRunner - ERROR - Failed to build CodeQL database: NoSupportedPythonCodeFound: No supported code found in the repository. (logger.py:42)
