2025-05-01 13:53:51,058 - Result - INFO - teklib - py/class-polliution/set-attr-get-attr: 2 flows detected. (logger.py:40)
2025-05-01 16:47:54,619 - Result - INFO - usda - py/class-polliution/set-attr-get-attr: 18 flows detected. (logger.py:40)
2025-05-01 18:48:18,068 - Result - INFO - protobuf-to-dict-2 - py/class-polliution/set-attr-get-attr: 4 flows detected. (logger.py:40)
2025-05-01 19:20:27,568 - Result - INFO - cis-profile - py/class-polliution/set-item-get-attr: 3 flows detected. (logger.py:40)
2025-05-01 22:13:08,845 - Result - INFO - nft-sdk - py/class-polliution/set-attr-get-attr: 18 flows detected. (logger.py:40)
2025-05-01 23:18:02,709 - Result - INFO - cool-config - py/class-polliution/set-attr-get-attr: 2 flows detected. (logger.py:40)
2025-05-02 01:15:04,782 - Result - INFO - hagike - py/class-polliution/set-attr-get-attr: 3 flows detected. (logger.py:40)
2025-05-02 01:16:38,871 - Result - INFO - mtpy - py/class-polliution/set-attr-get-attr: 11 flows detected. (logger.py:40)
2025-05-02 02:01:27,531 - Result - INFO - hnzhu010507 - py/class-polliution/set-attr-get-attr: 2 flows detected. (logger.py:40)
2025-05-02 02:24:25,001 - Result - INFO - datasets-fast - py/class-polliution/set-attr-get-attr: 4 flows detected. (logger.py:40)
2025-05-02 02:25:44,649 - Result - INFO - azure-mgmt-hybridnetwork - py/class-polliution/set-attr-get-attr: 12 flows detected. (logger.py:40)
2025-05-02 02:42:58,590 - Result - INFO - easycluster - py/class-polliution/set-attr-get-attr: 3 flows detected. (logger.py:40)
2025-05-02 02:43:22,207 - Result - INFO - confignest - py/class-polliution/set-attr-get-attr: 5 flows detected. (logger.py:40)
2025-05-02 04:42:49,239 - Result - INFO - neuroweave - py/class-polliution/set-attr-get-attr: 2 flows detected. (logger.py:40)
2025-05-02 07:20:50,405 - Result - INFO - lark-oapi-proxy - py/class-polliution/set-attr-get-attr: 18 flows detected. (logger.py:40)
2025-05-02 07:34:26,006 - Result - INFO - rpc-gateway - py/class-polliution/set-attr-get-attr: 2 flows detected. (logger.py:40)
2025-05-02 07:48:56,907 - Result - INFO - terra-common - py/class-polliution/set-both-get-attr: 2 flows detected. (logger.py:40)
2025-05-02 07:52:48,755 - Result - INFO - jlua-basic-drsamse - py/class-polliution/set-attr-get-attr: 3 flows detected. (logger.py:40)
2025-05-02 07:56:24,108 - Result - INFO - data-to-object - py/class-polliution/set-attr-get-attr: 2 flows detected. (logger.py:40)
2025-05-02 08:45:34,863 - Result - INFO - psiexperiment - py/class-polliution/set-attr-get-attr: 6 flows detected. (logger.py:40)
2025-05-02 09:49:11,000 - Result - INFO - azure-mgmt-paloaltonetworksngfw - py/class-polliution/set-attr-get-attr: 210 flows detected. (logger.py:40)
2025-05-02 12:16:46,376 - Result - INFO - relaxed-poetry-core - py/class-polliution/set-item-get-both: 14 flows detected. (logger.py:40)
2025-05-02 12:16:46,377 - Result - INFO - relaxed-poetry-core - py/class-polliution/set-item-get-attr: 14 flows detected. (logger.py:40)
2025-05-02 15:58:51,659 - Result - INFO - nova-mvvm - py/class-polliution/set-item-get-both: 2 flows detected. (logger.py:40)
2025-05-02 15:58:51,659 - Result - INFO - nova-mvvm - py/class-polliution/set-item-get-attr: 2 flows detected. (logger.py:40)
2025-05-02 15:58:51,659 - Result - INFO - nova-mvvm - py/class-polliution/set-both-get-both: 6 flows detected. (logger.py:40)
2025-05-02 16:53:56,754 - Result - INFO - cherrybase - py/class-polliution/set-attr-get-attr: 2 flows detected. (logger.py:40)
2025-05-02 17:00:36,112 - Result - INFO - ppser - py/class-polliution/set-attr-get-attr: 3 flows detected. (logger.py:40)
2025-05-02 17:18:42,194 - Result - INFO - tingyun - py/class-polliution/set-attr-get-attr: 34 flows detected. (logger.py:40)
2025-05-02 17:29:03,484 - Result - INFO - otter-ai - py/class-polliution/set-attr-get-attr: 7 flows detected. (logger.py:40)
2025-05-02 19:01:21,472 - Result - INFO - mstool - py/class-polliution/set-item-get-both: 2 flows detected. (logger.py:40)
2025-05-02 19:01:21,472 - Result - INFO - mstool - py/class-polliution/set-item-get-attr: 2 flows detected. (logger.py:40)
2025-05-02 19:03:43,740 - Result - INFO - nlstruct - py/class-polliution/set-both-get-both: 31 flows detected. (logger.py:40)
2025-05-02 20:21:15,939 - Result - INFO - dptb - py/class-polliution/set-attr-get-attr: 9 flows detected. (logger.py:40)
2025-05-02 22:11:25,434 - Result - INFO - azure-mgmt-connectedvmware - py/class-polliution/set-attr-get-attr: 12 flows detected. (logger.py:40)
2025-05-03 00:04:47,480 - Result - INFO - gobigger - py/class-polliution/set-item-get-both: 2 flows detected. (logger.py:40)
2025-05-03 00:04:47,480 - Result - INFO - gobigger - py/class-polliution/set-item-get-attr: 2 flows detected. (logger.py:40)
2025-05-03 00:22:01,664 - Result - INFO - fastapi-sqlmodel-crud - py/class-polliution/set-attr-get-attr: 3 flows detected. (logger.py:40)
2025-05-03 12:50:19,550 - Result - INFO - parseq - py/class-polliution/set-item-get-both: 2 flows detected. (logger.py:40)
2025-05-03 12:50:19,550 - Result - INFO - parseq - py/class-polliution/set-item-get-attr: 2 flows detected. (logger.py:40)
2025-05-03 12:51:34,315 - Result - INFO - azure-developer-devcenter - py/class-polliution/set-attr-get-attr: 12 flows detected. (logger.py:40)
2025-05-03 14:53:11,386 - Result - INFO - toolcraft - py/class-polliution/set-attr-get-attr: 2 flows detected. (logger.py:40)
2025-05-03 16:21:24,208 - Result - INFO - json2object - py/class-polliution/set-attr-get-attr: 2 flows detected. (logger.py:40)
2025-05-03 17:20:43,367 - Result - INFO - azure-communication-jobrouter - py/class-polliution/set-attr-get-attr: 17 flows detected. (logger.py:40)
2025-05-03 19:50:52,377 - Result - INFO - ovirt-shell - py/class-polliution/set-attr-get-attr: 12 flows detected. (logger.py:40)
2025-05-03 21:38:16,799 - Result - INFO - autoqt - py/class-polliution/set-attr-get-attr: 3 flows detected. (logger.py:40)
2025-05-03 21:41:32,500 - Result - INFO - po-simple-test - py/class-polliution/set-attr-get-attr: 25 flows detected. (logger.py:40)
2025-05-03 23:29:50,795 - Result - INFO - just-whisper - py/class-polliution/set-attr-get-attr: 3 flows detected. (logger.py:40)
2025-05-03 23:42:38,856 - Result - INFO - azure-mgmt-mongocluster - py/class-polliution/set-attr-get-attr: 12 flows detected. (logger.py:40)
2025-05-03 23:57:44,189 - Result - INFO - scilens - py/class-polliution/set-attr-get-attr: 6 flows detected. (logger.py:40)
2025-05-04 00:09:39,447 - Result - INFO - omc - py/class-polliution/set-both-get-both: 3 flows detected. (logger.py:40)
2025-05-04 00:40:25,559 - Result - INFO - bvtools - py/class-polliution/set-attr-get-attr: 2 flows detected. (logger.py:40)
2025-05-04 01:20:04,318 - Result - INFO - azure-mgmt-devopsinfrastructure - py/class-polliution/set-attr-get-attr: 12 flows detected. (logger.py:40)
2025-05-04 01:21:21,418 - Result - INFO - neural-compressor-full - py/class-polliution/set-attr-get-attr: 113 flows detected. (logger.py:40)
2025-05-04 01:49:00,380 - Result - INFO - hisim - py/class-polliution/set-attr-get-attr: 4 flows detected. (logger.py:40)
2025-05-04 03:21:48,806 - Result - INFO - template-python - py/class-polliution/set-item-get-both: 13 flows detected. (logger.py:40)
2025-05-04 03:21:48,806 - Result - INFO - template-python - py/class-polliution/set-item-get-attr: 13 flows detected. (logger.py:40)
2025-05-04 07:10:08,606 - Result - INFO - pyhardware - py/class-polliution/set-attr-get-attr: 3 flows detected. (logger.py:40)
2025-05-06 21:36:56,263 - Result - INFO - parseq - py/class-polliution/set-item-get-both: 2 flows detected. (logger.py:40)
2025-05-06 21:36:56,263 - Result - INFO - parseq - py/class-polliution/set-item-get-attr: 2 flows detected. (logger.py:40)
2025-05-06 21:38:14,001 - Result - INFO - azure-developer-devcenter - py/class-polliution/set-attr-get-attr: 12 flows detected. (logger.py:40)
2025-05-06 23:41:11,784 - Result - INFO - toolcraft - py/class-polliution/set-attr-get-attr: 2 flows detected. (logger.py:40)
2025-05-07 01:08:53,519 - Result - INFO - json2object - py/class-polliution/set-attr-get-attr: 2 flows detected. (logger.py:40)
2025-05-07 02:08:16,205 - Result - INFO - azure-communication-jobrouter - py/class-polliution/set-attr-get-attr: 17 flows detected. (logger.py:40)
2025-05-07 04:37:41,233 - Result - INFO - ovirt-shell - py/class-polliution/set-attr-get-attr: 12 flows detected. (logger.py:40)
2025-05-07 06:24:51,278 - Result - INFO - autoqt - py/class-polliution/set-attr-get-attr: 3 flows detected. (logger.py:40)
2025-05-07 06:28:18,741 - Result - INFO - po-simple-test - py/class-polliution/set-attr-get-attr: 25 flows detected. (logger.py:40)
2025-05-07 08:15:58,234 - Result - INFO - just-whisper - py/class-polliution/set-attr-get-attr: 3 flows detected. (logger.py:40)
2025-05-07 08:28:30,765 - Result - INFO - azure-mgmt-mongocluster - py/class-polliution/set-attr-get-attr: 12 flows detected. (logger.py:40)
2025-05-07 08:43:39,812 - Result - INFO - scilens - py/class-polliution/set-attr-get-attr: 6 flows detected. (logger.py:40)
2025-05-07 08:55:36,282 - Result - INFO - omc - py/class-polliution/set-both-get-both: 3 flows detected. (logger.py:40)
2025-05-07 09:26:19,921 - Result - INFO - bvtools - py/class-polliution/set-attr-get-attr: 2 flows detected. (logger.py:40)
2025-05-07 10:05:44,729 - Result - INFO - azure-mgmt-devopsinfrastructure - py/class-polliution/set-attr-get-attr: 12 flows detected. (logger.py:40)
2025-05-07 10:07:06,308 - Result - INFO - neural-compressor-full - py/class-polliution/set-attr-get-attr: 113 flows detected. (logger.py:40)
2025-05-07 10:34:40,092 - Result - INFO - hisim - py/class-polliution/set-attr-get-attr: 4 flows detected. (logger.py:40)
2025-05-07 12:07:14,739 - Result - INFO - template-python - py/class-polliution/set-item-get-both: 13 flows detected. (logger.py:40)
2025-05-07 12:07:14,739 - Result - INFO - template-python - py/class-polliution/set-item-get-attr: 13 flows detected. (logger.py:40)
2025-05-07 15:56:46,417 - Result - INFO - pyhardware - py/class-polliution/set-attr-get-attr: 3 flows detected. (logger.py:40)
2025-05-07 16:17:25,211 - Result - INFO - rcsb-app-file - py/class-polliution/set-item-get-both: 3 flows detected. (logger.py:40)
2025-05-07 16:17:25,211 - Result - INFO - rcsb-app-file - py/class-polliution/set-item-get-attr: 3 flows detected. (logger.py:40)
2025-05-07 18:15:16,161 - Result - INFO - fileencryptionsdk - py/class-polliution/set-attr-get-attr: 2 flows detected. (logger.py:40)
2025-05-07 19:04:43,479 - Result - INFO - qlatent - py/class-polliution/set-attr-get-attr: 4 flows detected. (logger.py:40)
2025-05-07 19:51:13,121 - Result - INFO - azure-purview-datamap - py/class-polliution/set-attr-get-attr: 12 flows detected. (logger.py:40)
2025-05-08 00:06:54,369 - Result - INFO - uliweb3 - py/class-polliution/set-item-get-both: 145 flows detected. (logger.py:40)
2025-05-08 00:06:54,369 - Result - INFO - uliweb3 - py/class-polliution/set-item-get-attr: 145 flows detected. (logger.py:40)
2025-05-08 06:09:42,113 - Result - INFO - insanic-framework - py/class-polliution/set-attr-get-attr: 2 flows detected. (logger.py:40)
2025-05-08 08:34:44,168 - Result - INFO - quetzal - py/class-polliution/set-item-get-both: 2 flows detected. (logger.py:40)
2025-05-08 08:34:44,168 - Result - INFO - quetzal - py/class-polliution/set-item-get-attr: 2 flows detected. (logger.py:40)
2025-05-08 09:31:12,490 - Result - INFO - azure-mgmt-qumulo - py/class-polliution/set-attr-get-attr: 12 flows detected. (logger.py:40)
2025-05-08 13:39:55,528 - Result - INFO - pyrockoeost - py/class-polliution/set-attr-get-attr: 16 flows detected. (logger.py:40)
2025-05-08 14:21:36,719 - Result - INFO - rlmodule - py/class-polliution/set-both-get-both: 3 flows detected. (logger.py:40)
2025-05-08 15:48:43,585 - Result - INFO - gpt2lm - py/class-polliution/set-attr-get-attr: 2 flows detected. (logger.py:40)
2025-05-08 17:57:36,008 - Result - INFO - azure-mgmt-newrelicobservability - py/class-polliution/set-attr-get-attr: 12 flows detected. (logger.py:40)
2025-05-08 18:39:41,643 - Result - INFO - simple-test-process - py/class-polliution/set-attr-get-attr: 17 flows detected. (logger.py:40)
2025-05-08 20:21:10,645 - Result - INFO - turntable-spoonbill - py/class-polliution/set-attr-get-attr: 2 flows detected. (logger.py:40)
2025-05-08 21:04:28,518 - Result - INFO - azure-mgmt-iotoperations - py/class-polliution/set-attr-get-attr: 12 flows detected. (logger.py:40)
2025-05-08 22:26:53,156 - Result - INFO - versionedobj - py/class-polliution/set-attr-get-attr: 6 flows detected. (logger.py:40)
2025-05-08 22:31:50,000 - Result - INFO - hmako - py/class-polliution/set-attr-get-attr: 89 flows detected. (logger.py:40)
2025-05-08 23:39:58,455 - Result - INFO - nimble-miner-api - py/class-polliution/set-item-get-both: 6 flows detected. (logger.py:40)
2025-05-08 23:39:58,455 - Result - INFO - nimble-miner-api - py/class-polliution/set-item-get-attr: 6 flows detected. (logger.py:40)
2025-05-08 23:47:08,546 - Result - INFO - kwiklib - py/class-polliution/set-attr-get-attr: 3 flows detected. (logger.py:40)
2025-05-08 23:52:47,749 - Result - INFO - remlang - py/class-polliution/set-both-get-both: 31 flows detected. (logger.py:40)
2025-05-09 00:45:21,014 - Result - INFO - apache-submarine - py/class-polliution/set-attr-get-attr: 3 flows detected. (logger.py:40)
2025-05-09 01:23:46,573 - Result - INFO - azure-mgmt-impactreporting - py/class-polliution/set-attr-get-attr: 12 flows detected. (logger.py:40)
2025-05-09 02:14:17,019 - Result - INFO - azure-mgmt-playwrighttesting - py/class-polliution/set-attr-get-attr: 12 flows detected. (logger.py:40)
2025-05-09 03:12:56,242 - Result - INFO - biopython-convert - py/class-polliution/set-item-get-attr: 6 flows detected. (logger.py:40)
2025-05-09 03:19:24,647 - Result - INFO - esgpull - py/class-polliution/set-attr-get-attr: 6 flows detected. (logger.py:40)
2025-05-09 08:10:03,008 - Result - INFO - passlib-fork - py/class-polliution/set-attr-get-attr: 6 flows detected. (logger.py:40)
2025-05-09 08:29:18,042 - Result - INFO - smallscript - py/class-polliution/set-item-get-attr: 4 flows detected. (logger.py:40)
2025-05-09 08:29:18,043 - Result - INFO - smallscript - py/class-polliution/set-both-get-attr: 6 flows detected. (logger.py:40)
2025-05-09 09:55:41,718 - Result - INFO - hiveary-agent - py/class-polliution/set-attr-get-attr: 2 flows detected. (logger.py:40)
2025-05-09 11:28:34,056 - Result - INFO - azure-mgmt-hybridcontainerservice - py/class-polliution/set-attr-get-attr: 12 flows detected. (logger.py:40)
2025-05-09 13:56:22,569 - Result - INFO - falcon-dbapi - py/class-polliution/set-attr-get-attr: 6 flows detected. (logger.py:40)
2025-05-09 15:12:36,643 - Result - INFO - azure-mgmt-databasewatcher - py/class-polliution/set-attr-get-attr: 12 flows detected. (logger.py:40)
2025-05-09 17:12:26,986 - Result - INFO - clismo - py/class-polliution/set-attr-get-attr: 14 flows detected. (logger.py:40)
2025-05-09 17:22:13,163 - Result - INFO - graphql-dataclass - py/class-polliution/set-attr-get-attr: 7 flows detected. (logger.py:40)
2025-05-09 20:49:40,570 - Result - INFO - duckingit - py/class-polliution/set-attr-get-attr: 2 flows detected. (logger.py:40)
2025-05-09 21:45:41,708 - Result - INFO - roast-xilinx - py/class-polliution/set-attr-get-attr: 3 flows detected. (logger.py:40)
2025-05-09 22:49:47,683 - Result - INFO - convbnmerge - py/class-polliution/set-attr-get-attr: 3 flows detected. (logger.py:40)
2025-05-09 23:13:28,710 - Result - INFO - grpc-django - py/class-polliution/set-attr-get-attr: 6 flows detected. (logger.py:40)
2025-05-10 00:07:41,451 - Result - INFO - pewtils - py/class-polliution/set-both-get-both: 3 flows detected. (logger.py:40)
2025-05-10 00:54:03,694 - Result - INFO - qtalchemy - py/class-polliution/set-attr-get-attr: 4 flows detected. (logger.py:40)
2025-05-10 01:00:31,019 - Result - INFO - prime-agents-py - py/class-polliution/set-item-get-both: 24 flows detected. (logger.py:40)
2025-05-10 01:00:31,019 - Result - INFO - prime-agents-py - py/class-polliution/set-item-get-attr: 24 flows detected. (logger.py:40)
2025-05-10 01:00:31,019 - Result - INFO - prime-agents-py - py/class-polliution/set-both-get-both: 39 flows detected. (logger.py:40)
2025-05-10 01:46:23,788 - Result - INFO - jupylet - py/class-polliution/set-attr-get-attr: 3 flows detected. (logger.py:40)
2025-05-10 02:04:00,710 - Result - INFO - ok - py/class-polliution/set-attr-get-attr: 5 flows detected. (logger.py:40)
2025-05-10 03:15:10,048 - Result - INFO - azure-mgmt-workloadmonitor - py/class-polliution/set-attr-get-attr: 12 flows detected. (logger.py:40)
2025-05-10 03:21:25,789 - Result - INFO - eps - py/class-polliution/set-attr-get-attr: 2 flows detected. (logger.py:40)
2025-05-10 03:30:25,723 - Result - INFO - azure-mgmt-computeschedule - py/class-polliution/set-attr-get-attr: 12 flows detected. (logger.py:40)
2025-05-10 04:16:30,929 - Result - INFO - conan-zbuild - py/class-polliution/set-attr-get-attr: 3 flows detected. (logger.py:40)
2025-05-10 05:30:25,767 - Result - INFO - azure-mgmt-appcomplianceautomation - py/class-polliution/set-attr-get-attr: 12 flows detected. (logger.py:40)
2025-05-10 07:44:37,507 - Result - INFO - config-spec - py/class-polliution/set-item-get-attr: 17 flows detected. (logger.py:40)
2025-05-10 09:36:06,260 - Result - INFO - pygfdrivers - py/class-polliution/set-attr-get-attr: 3 flows detected. (logger.py:40)
2025-05-10 10:51:21,419 - Result - INFO - pykitrewi - py/class-polliution/set-attr-get-attr: 2 flows detected. (logger.py:40)
2025-05-10 13:35:47,433 - Result - INFO - synct - py/class-polliution/set-item-get-both: 9 flows detected. (logger.py:40)
2025-05-10 13:35:47,433 - Result - INFO - synct - py/class-polliution/set-item-get-attr: 9 flows detected. (logger.py:40)
2025-05-10 14:44:39,766 - Result - INFO - pyinfraformat - py/class-polliution/set-item-get-attr: 2 flows detected. (logger.py:40)
2025-05-10 15:20:22,356 - Result - INFO - vptq-aqua - py/class-polliution/set-attr-get-attr: 2 flows detected. (logger.py:40)
2025-05-10 17:47:47,588 - Result - INFO - feat - py/class-polliution/set-both-get-both: 24 flows detected. (logger.py:40)
2025-05-10 21:25:53,617 - Result - INFO - communal - py/class-polliution/set-attr-get-both: 2 flows detected. (logger.py:40)
2025-05-10 21:28:56,382 - Result - INFO - azure-mgmt-standbypool - py/class-polliution/set-attr-get-attr: 12 flows detected. (logger.py:40)
2025-05-10 22:34:18,551 - Result - INFO - mrcrowbar - py/class-polliution/set-attr-get-attr: 11 flows detected. (logger.py:40)
2025-05-10 23:54:39,187 - Result - INFO - kahmi-dsl - py/class-polliution/set-both-get-both: 2 flows detected. (logger.py:40)
