2025-02-16 18:47:17,934 - Result - INFO - charset-normalizer - DependencyClassPollutionTaintProp.ql.sarif: 9 flows detected. (logger.py:40)
2025-02-16 18:47:37,930 - Result - INFO - click - DependencyClassPollutionTaintProp.ql.sarif: 43 flows detected. (logger.py:40)
2025-02-16 18:47:54,365 - Result - INFO - colorama - DependencyClassPollutionTaintProp.ql.sarif: 5 flows detected. (logger.py:40)
2025-02-16 18:48:27,523 - Result - INFO - contourpy - DependencyClassPollutionTaintProp.ql.sarif: 31 flows detected. (logger.py:40)
2025-02-16 18:48:44,340 - Result - INFO - croniter - DependencyClassPollutionTaintProp.ql.sarif: 9 flows detected. (logger.py:40)
2025-02-16 18:49:03,762 - Result - INFO - cryptography - DependencyClassPollutionTaintProp.ql.sarif: 30 flows detected. (logger.py:40)
2025-02-16 18:49:39,417 - Result - INFO - dateparser - DependencyClassPollutionSink.ql.sarif: 1 flows detected. (logger.py:40)
2025-02-16 18:49:39,417 - Result - INFO - dateparser - DependencyClassPollutionTaintProp.ql.sarif: 30 flows detected. (logger.py:40)
2025-02-16 18:49:54,823 - Result - INFO - defusedxml - DependencyClassPollutionTaintProp.ql.sarif: 4 flows detected. (logger.py:40)
2025-02-16 18:50:51,933 - Result - INFO - docutils - DependencyClassPollutionSink.ql.sarif: 2 flows detected. (logger.py:40)
2025-02-16 18:50:51,933 - Result - INFO - docutils - DependencyClassPollutionSource.ql.sarif: 1 flows detected. (logger.py:40)
2025-02-16 18:50:51,933 - Result - INFO - docutils - DependencyClassPollutionTaintProp.ql.sarif: 82 flows detected. (logger.py:40)
2025-02-16 18:51:08,339 - Result - INFO - dpath - DependencyClassPollutionSink.ql.sarif: 21 flows detected. (logger.py:40)
2025-02-16 18:51:08,339 - Result - INFO - dpath - DependencyClassPollutionSource.ql.sarif: 1 flows detected. (logger.py:40)
2025-02-16 18:51:08,339 - Result - INFO - dpath - DependencyClassPollutionTaintProp.ql.sarif: 20 flows detected. (logger.py:40)
2025-02-16 18:51:24,821 - Result - INFO - exceptiongroup - DependencyClassPollutionTaintProp.ql.sarif: 9 flows detected. (logger.py:40)
2025-02-16 18:51:42,837 - Result - INFO - flask - DependencyClassPollutionTaintProp.ql.sarif: 27 flows detected. (logger.py:40)
2025-02-16 18:52:34,354 - Result - INFO - fonttools - DependencyClassPollutionSink.ql.sarif: 43 flows detected. (logger.py:40)
2025-02-16 18:52:34,354 - Result - INFO - fonttools - DependencyClassPollutionSource.ql.sarif: 1 flows detected. (logger.py:40)
2025-02-16 18:52:34,354 - Result - INFO - fonttools - DependencyClassPollutionTaintProp.ql.sarif: 383 flows detected. (logger.py:40)
2025-02-16 18:52:59,709 - Result - INFO - fpdf2 - DependencyClassPollutionTaintProp.ql.sarif: 58 flows detected. (logger.py:40)
2025-02-16 18:53:16,031 - Result - INFO - freezegun - DependencyClassPollutionTaintProp.ql.sarif: 6 flows detected. (logger.py:40)
2025-02-16 18:53:47,339 - Result - INFO - future - DependencyClassPollutionSink.ql.sarif: 6 flows detected. (logger.py:40)
2025-02-16 18:53:47,339 - Result - INFO - future - DependencyClassPollutionSource.ql.sarif: 1 flows detected. (logger.py:40)
2025-02-16 18:53:47,339 - Result - INFO - future - DependencyClassPollutionTaintProp.ql.sarif: 210 flows detected. (logger.py:40)
2025-02-16 18:54:06,243 - Result - INFO - google-auth - DependencyClassPollutionSource.ql.sarif: 1 flows detected. (logger.py:40)
2025-02-16 18:54:06,243 - Result - INFO - google-auth - DependencyClassPollutionTaintProp.ql.sarif: 23 flows detected. (logger.py:40)
2025-02-16 18:54:23,507 - Result - INFO - gotrue - DependencyClassPollutionTaintProp.ql.sarif: 3 flows detected. (logger.py:40)
2025-02-16 18:54:42,150 - Result - INFO - h11 - DependencyClassPollutionTaintProp.ql.sarif: 5 flows detected. (logger.py:40)
2025-02-16 18:55:00,448 - Result - INFO - hikaru-core - DependencyClassPollutionSink.ql.sarif: 1 flows detected. (logger.py:40)
2025-02-16 18:55:00,448 - Result - INFO - hikaru-core - DependencyClassPollutionTaintProp.ql.sarif: 13 flows detected. (logger.py:40)
2025-02-16 18:55:59,835 - Result - INFO - httpcore - DependencyClassPollutionTaintProp.ql.sarif: 7 flows detected. (logger.py:40)
2025-02-16 18:56:20,187 - Result - INFO - httpx - DependencyClassPollutionSink.ql.sarif: 1 flows detected. (logger.py:40)
2025-02-16 18:56:20,187 - Result - INFO - httpx - DependencyClassPollutionTaintProp.ql.sarif: 25 flows detected. (logger.py:40)
2025-02-16 18:56:36,616 - Result - INFO - humanize - DependencyClassPollutionTaintProp.ql.sarif: 24 flows detected. (logger.py:40)
2025-02-16 18:56:55,303 - Result - INFO - idna - DependencyClassPollutionTaintProp.ql.sarif: 8 flows detected. (logger.py:40)
2025-02-16 18:57:11,171 - Result - INFO - imagesize - DependencyClassPollutionTaintProp.ql.sarif: 2 flows detected. (logger.py:40)
2025-02-16 18:57:27,093 - Result - INFO - importlib-metadata - DependencyClassPollutionTaintProp.ql.sarif: 11 flows detected. (logger.py:40)
2025-02-16 18:57:43,703 - Result - INFO - importlib-resources - DependencyClassPollutionSource.ql.sarif: 1 flows detected. (logger.py:40)
2025-02-16 18:57:43,704 - Result - INFO - importlib-resources - DependencyClassPollutionTaintProp.ql.sarif: 13 flows detected. (logger.py:40)
2025-02-16 18:57:59,676 - Result - INFO - itsdangerous - DependencyClassPollutionTaintProp.ql.sarif: 4 flows detected. (logger.py:40)
2025-02-16 18:58:20,107 - Result - INFO - jinja2 - DependencyClassPollutionSink.ql.sarif: 1 flows detected. (logger.py:40)
2025-02-16 18:58:20,107 - Result - INFO - jinja2 - DependencyClassPollutionTaintProp.ql.sarif: 59 flows detected. (logger.py:40)
2025-02-16 18:58:37,330 - Result - INFO - jmespath - DependencyClassPollutionTaintProp.ql.sarif: 23 flows detected. (logger.py:40)
2025-02-16 19:00:11,428 - Result - INFO - kubernetes - DependencyClassPollutionTaintProp.ql.sarif: 1445 flows detected. (logger.py:40)
2025-02-16 19:00:31,181 - Result - INFO - markdown - DependencyClassPollutionSource.ql.sarif: 1 flows detected. (logger.py:40)
2025-02-16 19:00:31,181 - Result - INFO - markdown - DependencyClassPollutionTaintProp.ql.sarif: 25 flows detected. (logger.py:40)
2025-02-16 19:00:50,238 - Result - INFO - markdown2 - DependencyClassPollutionTaintProp.ql.sarif: 10 flows detected. (logger.py:40)
2025-02-16 19:01:05,866 - Result - INFO - markupsafe - DependencyClassPollutionTaintProp.ql.sarif: 2 flows detected. (logger.py:40)
2025-02-16 19:02:18,102 - Result - INFO - matplotlib - DependencyClassPollutionSink.ql.sarif: 5 flows detected. (logger.py:40)
2025-02-16 19:02:18,102 - Result - INFO - matplotlib - DependencyClassPollutionTaintProp.ql.sarif: 228 flows detected. (logger.py:40)
